 EfiDecompress

 Timestamp is 5bc8862c (Thu Oct 18 21:10:04 2018)

 Preferred load address is 0000000000000000

 Start         Length     Name                   Class
 0001:00000000 00002f13H .text$mn                CODE
 0002:00000000 000008a8H .data                   DATA
 0002:000008b0 00000652H .rdata                  DATA
 0002:00000f20 000000c8H .bss                    DATA
 0003:00000000 0000018cH .pdata                  DATA
 0004:00000000 00000208H .xdata                  DATA

  Address         Publics by Value              Rva+Base               Lib:Object

 0000:00000000       __guard_fids_count         0000000000000000     <absolute>
 0000:00000000       __guard_fids_table         0000000000000000     <absolute>
 0000:00000000       __guard_flags              0000000000000000     <absolute>
 0001:00000000       InitializeDecompress       00000000000002a0 f   EfiDecompress:Decompress.obj
 0001:000006f4       LibCheckVarGetFlag         0000000000000994 f   EfiShellLib:VarCheck.obj
 0001:00000738       iCompareSetFlag            00000000000009d8 f   EfiShellLib:VarCheck.obj
 0001:00000794       LibCheckVariables          0000000000000a34 f   EfiShellLib:VarCheck.obj
 0001:00000ae0       InitializeUnicodeCollationSupportWorker 0000000000000d80 f   EfiShellLib:Init.obj
 0001:00000bdc       LibInitializeStrings       0000000000000e7c f   EfiShellLib:Init.obj
 0001:00000ccc       LibInitializeShellApplication 0000000000000f6c f   EfiShellLib:Init.obj
 0001:00000f34       CopyMem                    00000000000011d4 f   EfiShellLib:Mem.obj
 0001:00000f78       AllocatePool               0000000000001218 f   EfiShellLib:Mem.obj
 0001:00000fac       AllocateZeroPool           000000000000124c f   EfiShellLib:Mem.obj
 0001:00000fd8       LibGetVariableAndSize      0000000000001278 f   EfiShellLib:Misc.obj
 0001:00001064       GrowBuffer                 0000000000001304 f   EfiShellLib:Misc.obj
 0001:00001104       GuidToString               00000000000013a4 f   EfiShellLib:Misc.obj
 0001:00001214       StatusToString             00000000000014b4 f   EfiShellLib:Misc.obj
 0001:000015b4       LibFilterNullArgs          0000000000001854 f   EfiShellLib:Misc.obj
 0001:00001748       ValueToString              00000000000019e8 f   EfiShellLib:Misc.obj
 0001:00001830       GetBestLanguage            0000000000001ad0 f   EfiShellLib:Misc.obj
 0001:0000198c       LibSelectBestLanguage      0000000000001c2c f   EfiShellLib:Misc.obj
 0001:00001a20       _SPrint                    0000000000001cc0 f   EfiShellLib:IO.obj
 0001:00001a98       SPrint                     0000000000001d38 f   EfiShellLib:IO.obj
 0001:00001b0c       PrintToken                 0000000000001dac f   EfiShellLib:IO.obj
 0001:00001bd8       _IPrint                    0000000000001e78 f   EfiShellLib:IO.obj
 0001:00001c8c       PFLUSH                     0000000000001f2c f   EfiShellLib:IO.obj
 0001:00001d4c       PSETATTR                   0000000000001fec f   EfiShellLib:IO.obj
 0001:00001d90       PPUTC                      0000000000002030 f   EfiShellLib:IO.obj
 0001:00001e0c       PITEM                      00000000000020ac f   EfiShellLib:IO.obj
 0001:00001f3c       _Print                     00000000000021dc f   EfiShellLib:IO.obj
 0001:00002554       SetPageBreak               00000000000027f4 f   EfiShellLib:IO.obj
 0001:00002668       IFlushWithPageBreak        0000000000002908 f   EfiShellLib:IO.obj
 0001:000027ac       LibLocateHandle            0000000000002a4c f   EfiShellLib:Handle.obj
 0001:00002850       LibLocateProtocol          0000000000002af0 f   EfiShellLib:Handle.obj
 0001:000028f4       LibStubMetaiMatch          0000000000002b94 f   EfiShellLib:Str.obj
 0001:00002900       MetaMatch                  0000000000002ba0 f   EfiShellLib:Str.obj
 0001:00002b18       LibStubStriCmp             0000000000002db8 f   EfiShellLib:Str.obj
 0001:00002b9c       LibStubStrUpr              0000000000002e3c f   EfiShellLib:Str.obj
 0001:00002bbc       LibStubStrLwr              0000000000002e5c f   EfiShellLib:Str.obj
 0001:00002bdc       StrDuplicate               0000000000002e7c f   EfiShellLib:Str.obj
 0001:00002c44       LocateHiiProtocols         0000000000002ee4 f   EfiShellLib:HiiSupport.obj
 0001:00002c90       PreparePackageList         0000000000002f30 f   EfiShellLib:HiiSupport.obj
 0001:00002d84       LibGetString               0000000000003024 f   EfiShellLib:HiiSupport.obj
 0002:00000000       DecompressCheckList        00000000000031c0     EfiDecompress:Decompress.obj
 0002:00000048       EfiDecompressGuid          0000000000003208     EfiDecompress:Decompress.obj
 0002:00000060       EfiDecompressStrings       0000000000003220     EfiDecompress:AutoGen.obj
 0002:000007b0       SESGuid                    0000000000003970     EfiShellLib:Init.obj
 0002:000007c0       PoolAllocationType         0000000000003980     EfiShellLib:Data.obj
 0002:000007c8       ShellEnvProtocol           0000000000003988     EfiShellLib:Data.obj
 0002:000007d8       LibStubUnicodeInterface    0000000000003998     EfiShellLib:Data.obj
 0002:00000810       UnicodeInterface           00000000000039d0     EfiShellLib:Data.obj
 0002:00000818       ShellInterfaceProtocol     00000000000039d8     EfiShellLib:Misc.obj
 0002:00000828       gEfiDecompressProtocolGuid 00000000000039e8     EfiProtocolLib:Decompress.obj
 0002:00000838       gEfiFileInfoGuid           00000000000039f8     EfiProtocolLib:FileInfo.obj
 0002:00000848       gEfiLoadedImageProtocolGuid 0000000000003a08     EfiProtocolLib:LoadedImage.obj
 0002:00000858       gEfiUnicodeCollation2ProtocolGuid 0000000000003a18     EfiProtocolLib:UnicodeCollation2.obj
 0002:00000868       gEfiUnicodeCollationProtocolGuid 0000000000003a28     EfiProtocolLib:UnicodeCollation.obj
 0002:00000878       gEfiHiiStringProtocolGuid  0000000000003a38     EfiProtocolLib:HiiString.obj
 0002:00000888       gEfiHiiDatabaseProtocolGuid 0000000000003a48     EfiProtocolLib:HiiDatabase.obj
 0002:00000898       gEfiGlobalVariableGuid     0000000000003a58     EfiGuidLib:GlobalVariable.obj
 0002:000008b0       ??_C@_15GECAHHDM@?$AA?9?$AAb?$AA?$AA@ 0000000000003a70     EfiDecompress:Decompress.obj
 0002:000008b8       ??_C@_15FNEHKAED@?$AA?9?$AA?$DP?$AA?$AA@ 0000000000003a78     EfiDecompress:Decompress.obj
 0002:000008c0       ??_C@_19DGCMIEJL@?$AA0?$AA?4?$AA9?$AA9?$AA?$AA@ 0000000000003a80     EfiDecompress:Decompress.obj
 0002:000008d0       ??_C@_1BM@PNCADKIC@?$AAe?$AAf?$AAi?$AAd?$AAe?$AAc?$AAo?$AAm?$AAp?$AAr?$AAe?$AAs?$AAs?$AA?$AA@ 0000000000003a90     EfiDecompress:Decompress.obj
 0002:000008f0       ??_C@_1BI@LAIPDGGL@?$AAe?$AAf?$AAi?$AAc?$AAo?$AAm?$AAp?$AAr?$AAe?$AAs?$AAs?$AA?$AA@ 0000000000003ab0     EfiDecompress:Decompress.obj
 0002:00000908       ??_C@_19BALNHBBC@?$AAL?$AAa?$AAn?$AAg?$AA?$AA@ 0000000000003ac8     EfiShellLib:Misc.obj
 0002:00000918       ??_C@_1BK@GGGENMOA@?$AAP?$AAl?$AAa?$AAt?$AAf?$AAo?$AAr?$AAm?$AAL?$AAa?$AAn?$AAg?$AA?$AA@ 0000000000003ad8     EfiShellLib:Misc.obj
 0002:00000934       ??_C@_15GANGMFKL@?$AA?$CF?$AAs?$AA?$AA@ 0000000000003af4     EfiShellLib:Misc.obj
 0002:00000940       ??_C@_1GC@MIJCAPDC@?$AA?$CF?$AA0?$AA8?$AAx?$AA?9?$AA?$CF?$AA0?$AA4?$AAx?$AA?9?$AA?$CF?$AA0?$AA4?$AAx?$AA?9?$AA?$CF?$AA0?$AA2?$AAx?$AA?$CF?$AA0?$AA2?$AAx?$AA?9?$AA?$CF?$AA0?$AA2?$AAx?$AA?$CF?$AA0?$AA2?$AAx@ 0000000000003b00     EfiShellLib:Misc.obj
 0002:000009a8       ??_C@_1BA@JFDCMKFN@?$AAS?$AAu?$AAc?$AAc?$AAe?$AAs?$AAs?$AA?$AA@ 0000000000003b68     EfiShellLib:Misc.obj
 0002:000009b8       ??_C@_1BG@IPPBEJLN@?$AAL?$AAo?$AAa?$AAd?$AA?5?$AAE?$AAr?$AAr?$AAo?$AAr?$AA?$AA@ 0000000000003b78     EfiShellLib:Misc.obj
 0002:000009d0       ??_C@_1CE@FAJJAJHO@?$AAI?$AAn?$AAv?$AAa?$AAl?$AAi?$AAd?$AA?5?$AAP?$AAa?$AAr?$AAa?$AAm?$AAe?$AAt?$AAe?$AAr?$AA?$AA@ 0000000000003b90     EfiShellLib:Misc.obj
 0002:000009f8       ??_C@_1BI@HACEKCKB@?$AAU?$AAn?$AAs?$AAu?$AAp?$AAp?$AAo?$AAr?$AAt?$AAe?$AAd?$AA?$AA@ 0000000000003bb8     EfiShellLib:Misc.obj
 0002:00000a10       ??_C@_1CA@MKNIKBGN@?$AAB?$AAa?$AAd?$AA?5?$AAB?$AAu?$AAf?$AAf?$AAe?$AAr?$AA?5?$AAS?$AAi?$AAz?$AAe?$AA?$AA@ 0000000000003bd0     EfiShellLib:Misc.obj
 0002:00000a30       ??_C@_1CC@GADLJCKI@?$AAB?$AAu?$AAf?$AAf?$AAe?$AAr?$AA?5?$AAT?$AAo?$AAo?$AA?5?$AAS?$AAm?$AAa?$AAl?$AAl?$AA?$AA@ 0000000000003bf0     EfiShellLib:Misc.obj
 0002:00000a58       ??_C@_1BE@HFDAGNKF@?$AAN?$AAo?$AAt?$AA?5?$AAR?$AAe?$AAa?$AAd?$AAy?$AA?$AA@ 0000000000003c18     EfiShellLib:Misc.obj
 0002:00000a70       ??_C@_1BK@MPLHBIOA@?$AAD?$AAe?$AAv?$AAi?$AAc?$AAe?$AA?5?$AAE?$AAr?$AAr?$AAo?$AAr?$AA?$AA@ 0000000000003c30     EfiShellLib:Misc.obj
 0002:00000a90       ??_C@_1CA@PAGBHICH@?$AAW?$AAr?$AAi?$AAt?$AAe?$AA?5?$AAP?$AAr?$AAo?$AAt?$AAe?$AAc?$AAt?$AAe?$AAd?$AA?$AA@ 0000000000003c50     EfiShellLib:Misc.obj
 0002:00000ab0       ??_C@_1CC@JDEEHPBA@?$AAO?$AAu?$AAt?$AA?5?$AAo?$AAf?$AA?5?$AAR?$AAe?$AAs?$AAo?$AAu?$AAr?$AAc?$AAe?$AAs?$AA?$AA@ 0000000000003c70     EfiShellLib:Misc.obj
 0002:00000ad8       ??_C@_1CC@IIFGLPAC@?$AAV?$AAo?$AAl?$AAu?$AAm?$AAe?$AA?5?$AAC?$AAo?$AAr?$AAr?$AAu?$AAp?$AAt?$AAe?$AAd?$AA?$AA@ 0000000000003c98     EfiShellLib:Misc.obj
 0002:00000b00       ??_C@_1BI@KDMJOJPB@?$AAV?$AAo?$AAl?$AAu?$AAm?$AAe?$AA?5?$AAF?$AAu?$AAl?$AAl?$AA?$AA@ 0000000000003cc0     EfiShellLib:Misc.obj
 0002:00000b18       ??_C@_1BC@CAEJNJKB@?$AAN?$AAo?$AA?5?$AAM?$AAe?$AAd?$AAi?$AAa?$AA?$AA@ 0000000000003cd8     EfiShellLib:Misc.obj
 0002:00000b30       ??_C@_1BM@CGJAEDJP@?$AAM?$AAe?$AAd?$AAi?$AAa?$AA?5?$AAC?$AAh?$AAa?$AAn?$AAg?$AAe?$AAd?$AA?$AA@ 0000000000003cf0     EfiShellLib:Misc.obj
 0002:00000b50       ??_C@_1BE@JGBFLIBK@?$AAN?$AAo?$AAt?$AA?5?$AAF?$AAo?$AAu?$AAn?$AAd?$AA?$AA@ 0000000000003d10     EfiShellLib:Misc.obj
 0002:00000b68       ??_C@_1BM@HDPINFLL@?$AAA?$AAc?$AAc?$AAe?$AAs?$AAs?$AA?5?$AAD?$AAe?$AAn?$AAi?$AAe?$AAd?$AA?$AA@ 0000000000003d28     EfiShellLib:Misc.obj
 0002:00000b88       ??_C@_1BI@JIAAMNOB@?$AAN?$AAo?$AA?5?$AAR?$AAe?$AAs?$AAp?$AAo?$AAn?$AAs?$AAe?$AA?$AA@ 0000000000003d48     EfiShellLib:Misc.obj
 0002:00000ba0       ??_C@_1BG@OHLJONME@?$AAN?$AAo?$AA?5?$AAM?$AAa?$AAp?$AAp?$AAi?$AAn?$AAg?$AA?$AA@ 0000000000003d60     EfiShellLib:Misc.obj
 0002:00000bb8       ??_C@_1BC@GINMNENH@?$AAT?$AAi?$AAm?$AAe?$AA?5?$AAO?$AAu?$AAt?$AA?$AA@ 0000000000003d78     EfiShellLib:Misc.obj
 0002:00000bd0       ??_C@_1BI@MNIOFEEM@?$AAN?$AAo?$AAt?$AA?5?$AAS?$AAt?$AAa?$AAr?$AAt?$AAe?$AAd?$AA?$AA@ 0000000000003d90     EfiShellLib:Misc.obj
 0002:00000be8       ??_C@_1CA@CNMNDJCM@?$AAA?$AAl?$AAr?$AAe?$AAa?$AAd?$AAy?$AA?5?$AAS?$AAt?$AAa?$AAr?$AAt?$AAe?$AAd?$AA?$AA@ 0000000000003da8     EfiShellLib:Misc.obj
 0002:00000c08       ??_C@_1BA@JCPMFPEO@?$AAA?$AAb?$AAo?$AAr?$AAt?$AAe?$AAd?$AA?$AA@ 0000000000003dc8     EfiShellLib:Misc.obj
 0002:00000c18       ??_C@_1BG@GJCEBLMD@?$AAI?$AAC?$AAM?$AAP?$AA?5?$AAE?$AAr?$AAr?$AAo?$AAr?$AA?$AA@ 0000000000003dd8     EfiShellLib:Misc.obj
 0002:00000c30       ??_C@_1BG@MPDDBEKI@?$AAT?$AAF?$AAT?$AAP?$AA?5?$AAE?$AAr?$AAr?$AAo?$AAr?$AA?$AA@ 0000000000003df0     EfiShellLib:Misc.obj
 0002:00000c48       ??_C@_1BO@MGICIKC@?$AAP?$AAr?$AAo?$AAt?$AAo?$AAc?$AAo?$AAl?$AA?5?$AAE?$AAr?$AAr?$AAo?$AAr?$AA?$AA@ 0000000000003e08     EfiShellLib:Misc.obj
 0002:00000c68       ??_C@_1CM@OIKNIHHI@?$AAW?$AAa?$AAr?$AAn?$AAi?$AAn?$AAg?$AA?5?$AAU?$AAn?$AAk?$AAn?$AAo?$AAw?$AAn?$AA?5?$AAG?$AAl?$AAy?$AAp?$AAh?$AA?$AA@ 0000000000003e28     EfiShellLib:Misc.obj
 0002:00000c98       ??_C@_1CO@MFHEGPPN@?$AAW?$AAa?$AAr?$AAn?$AAi?$AAn?$AAg?$AA?5?$AAD?$AAe?$AAl?$AAe?$AAt?$AAe?$AA?5?$AAF?$AAa?$AAi?$AAl?$AAu?$AAr?$AAe?$AA?$AA@ 0000000000003e58     EfiShellLib:Misc.obj
 0002:00000cc8       ??_C@_1CM@FKHEOEHO@?$AAW?$AAa?$AAr?$AAn?$AAi?$AAn?$AAg?$AA?5?$AAW?$AAr?$AAi?$AAt?$AAe?$AA?5?$AAF?$AAa?$AAi?$AAl?$AAu?$AAr?$AAe?$AA?$AA@ 0000000000003e88     EfiShellLib:Misc.obj
 0002:00000cf8       ??_C@_1DC@LAAGMHGB@?$AAW?$AAa?$AAr?$AAn?$AAi?$AAn?$AAg?$AA?5?$AAB?$AAu?$AAf?$AAf?$AAe?$AAr?$AA?5?$AAT?$AAo?$AAo?$AA?5?$AAS?$AAm?$AAa?$AAl?$AAl?$AA?$AA@ 0000000000003eb8     EfiShellLib:Misc.obj
 0002:00000d30       ??_C@_1CK@CPNEFGBF@?$AAI?$AAn?$AAc?$AAo?$AAm?$AAp?$AAa?$AAt?$AAi?$AAb?$AAl?$AAe?$AA?5?$AAV?$AAe?$AAr?$AAs?$AAi?$AAo?$AAn?$AA?$AA@ 0000000000003ef0     EfiShellLib:Misc.obj
 0002:00000d60       ??_C@_1CG@CONBDECJ@?$AAS?$AAe?$AAc?$AAu?$AAr?$AAi?$AAt?$AAy?$AA?5?$AAV?$AAi?$AAo?$AAl?$AAa?$AAt?$AAi?$AAo?$AAn?$AA?$AA@ 0000000000003f20     EfiShellLib:Misc.obj
 0002:00000d88       ??_C@_1BE@LNMOCCLF@?$AAC?$AAR?$AAC?$AA?5?$AAE?$AAr?$AAr?$AAo?$AAr?$AA?$AA@ 0000000000003f48     EfiShellLib:Misc.obj
 0002:00000da0       ??_C@_1CE@OCFFKMII@?$AAN?$AAo?$AAt?$AA?5?$AAA?$AAv?$AAa?$AAi?$AAl?$AAa?$AAb?$AAl?$AAe?$AA?5?$AAY?$AAe?$AAt?$AA?$AA@ 0000000000003f60     EfiShellLib:Misc.obj
 0002:00000dc8       ??_C@_1BK@BJJGPOPI@?$AAU?$AAn?$AAl?$AAo?$AAa?$AAd?$AA?5?$AAI?$AAm?$AAa?$AAg?$AAe?$AA?$AA@ 0000000000003f88     EfiShellLib:Misc.obj
 0002:00000de8       ??_C@_1DM@HHKGEKOD@?$AAW?$AAa?$AAr?$AAn?$AAi?$AAn?$AAg?$AA?5?$AAR?$AAe?$AAt?$AAu?$AAr?$AAn?$AA?5?$AAF?$AAr?$AAo?$AAm?$AA?5?$AAL?$AAo?$AAn?$AAg?$AA?5?$AAJ?$AAu?$AAm?$AAp?$AA?$AA@ 0000000000003fa8     EfiShellLib:Misc.obj
 0002:00000e24       ??_C@_15BHOFONJE@?$AA?$CF?$AAX?$AA?$AA@ 0000000000003fe4     EfiShellLib:Misc.obj
 0002:00000e30       ??_C@_1DI@JHANLOAN@?$AA?$CF?$AA0?$AA2?$AAd?$AA?1?$AA?$CF?$AA0?$AA2?$AAd?$AA?1?$AA?$CF?$AA0?$AA2?$AAd?$AA?5?$AA?5?$AA?$CF?$AA0?$AA2?$AAd?$AA?3?$AA?$CF?$AA0?$AA2?$AAd?$AA?$CF?$AAc?$AA?$AA@ 0000000000003ff0     EfiShellLib:Misc.obj
 0002:00000e68       ??_C@_00CNPNBAHC@?$AA@     0000000000004028     EfiShellLib:Misc.obj
 0002:00000e6c       ??_C@_03LKLGDMJI@eng?$AA@  000000000000402c     EfiShellLib:Misc.obj
 0002:00000e70       ??_C@_05JJLPJMLG@en?9US?$AA@ 0000000000004030     EfiShellLib:Misc.obj
 0002:00000e78       ca                         0000000000004038     EfiShellLib:Misc.obj
 0002:00000e90       ??_C@_06OJHGLDPL@?$CInull?$CJ?$AA@ 0000000000004050     EfiShellLib:IO.obj
 0002:00000e98       ??_C@_1O@CEDCILHN@?$AA?$CI?$AAn?$AAu?$AAl?$AAl?$AA?$CJ?$AA?$AA@ 0000000000004058     EfiShellLib:IO.obj
 0002:00000eb0       ??_C@_1EM@PFLICCFE@?$AAP?$AAr?$AAe?$AAs?$AAs?$AA?5?$AAE?$AAN?$AAT?$AAE?$AAR?$AA?5?$AAt?$AAo?$AA?5?$AAc?$AAo?$AAn?$AAt?$AAi?$AAn?$AAu?$AAe?$AA?0?$AA?5?$AA?8?$AAq?$AA?8?$AA?5?$AAt?$AAo?$AA?5@ 0000000000004070     EfiShellLib:IO.obj
 0002:00000efc       ??_C@_15JNBOKNOG@?$AA?$AN?$AA?6?$AA?$AA@ 00000000000040bc     EfiShellLib:IO.obj
 0002:00000f20       HiiInitialized             00000000000040e0     EfiShellLib:Init.obj
 0002:00000f28       HiiLibHandle               00000000000040e8     EfiShellLib:Init.obj
 0002:00000f30       NumStrings                 00000000000040f0     EfiShellLib:Init.obj
 0002:00000f38       ShellLibInitialized        00000000000040f8     EfiShellLib:Data.obj
 0002:00000f48       gLibHiiDatabase            0000000000004108     EfiShellLib:HiiSupport.obj
 0002:00000f50       gLibHiiString              0000000000004110     EfiShellLib:HiiSupport.obj
 0002:00000f58       mHiiProtocolsInitialized   0000000000004118     EfiShellLib:HiiSupport.obj
 0002:00000f60       RT                         0000000000004120     <common>
 0002:00000f80       mPrintMode                 0000000000004140     <common>
 0002:00000fb8       ST                         0000000000004178     <common>
 0002:00000fc0       SE2                        0000000000004180     <common>
 0002:00000fc8       SE                         0000000000004188     <common>
 0002:00000fd0       BS                         0000000000004190     <common>
 0002:00000fd8       SI                         0000000000004198     <common>
 0002:00000fe0       HiiDecompressHandle        00000000000041a0     <common>

 entry point at        0001:00000000

 Static symbols

 0002:00000e80       Hex                        0000000000004040     EfiShellLib:Misc.obj
 0002:00000f40       mShellEnv                  0000000000004100     EfiShellLib:Misc.obj
 0003:00000000       $pdata$InitializeDecompress 00000000000041c0     EfiDecompress:Decompress.obj
 0003:0000000c       $pdata$LibCheckVarGetFlag  00000000000041cc     EfiShellLib:VarCheck.obj
 0003:00000018       $pdata$LibCheckVariables   00000000000041d8     EfiShellLib:VarCheck.obj
 0003:00000024       $pdata$InitializeUnicodeCollationSupportWorker 00000000000041e4     EfiShellLib:Init.obj
 0003:00000030       $pdata$LibInitializeStrings 00000000000041f0     EfiShellLib:Init.obj
 0003:0000003c       $pdata$LibInitializeShellApplication 00000000000041fc     EfiShellLib:Init.obj
 0003:00000048       $pdata$AllocatePool        0000000000004208     EfiShellLib:Mem.obj
 0003:00000054       $pdata$AllocateZeroPool    0000000000004214     EfiShellLib:Mem.obj
 0003:00000060       $pdata$LibGetVariableAndSize 0000000000004220     EfiShellLib:Misc.obj
 0003:0000006c       $pdata$GrowBuffer          000000000000422c     EfiShellLib:Misc.obj
 0003:00000078       $pdata$GuidToString        0000000000004238     EfiShellLib:Misc.obj
 0003:00000084       $pdata$LibFilterNullArgs   0000000000004244     EfiShellLib:Misc.obj
 0003:00000090       $pdata$ValueToString       0000000000004250     EfiShellLib:Misc.obj
 0003:0000009c       $pdata$GetBestLanguage     000000000000425c     EfiShellLib:Misc.obj
 0003:000000a8       $pdata$LibSelectBestLanguage 0000000000004268     EfiShellLib:Misc.obj
 0003:000000b4       $pdata$_SPrint             0000000000004274     EfiShellLib:IO.obj
 0003:000000c0       $pdata$SPrint              0000000000004280     EfiShellLib:IO.obj
 0003:000000cc       $pdata$PrintToken          000000000000428c     EfiShellLib:IO.obj
 0003:000000d8       $pdata$_IPrint             0000000000004298     EfiShellLib:IO.obj
 0003:000000e4       $pdata$PFLUSH              00000000000042a4     EfiShellLib:IO.obj
 0003:000000f0       $pdata$PSETATTR            00000000000042b0     EfiShellLib:IO.obj
 0003:000000fc       $pdata$PPUTC               00000000000042bc     EfiShellLib:IO.obj
 0003:00000108       $pdata$PITEM               00000000000042c8     EfiShellLib:IO.obj
 0003:00000114       $pdata$_Print              00000000000042d4     EfiShellLib:IO.obj
 0003:00000120       $pdata$SetPageBreak        00000000000042e0     EfiShellLib:IO.obj
 0003:0000012c       $pdata$IFlushWithPageBreak 00000000000042ec     EfiShellLib:IO.obj
 0003:00000138       $pdata$LibLocateHandle     00000000000042f8     EfiShellLib:Handle.obj
 0003:00000144       $pdata$LibLocateProtocol   0000000000004304     EfiShellLib:Handle.obj
 0003:00000150       $pdata$MetaMatch           0000000000004310     EfiShellLib:Str.obj
 0003:0000015c       $pdata$StrDuplicate        000000000000431c     EfiShellLib:Str.obj
 0003:00000168       $pdata$LocateHiiProtocols  0000000000004328     EfiShellLib:HiiSupport.obj
 0003:00000174       $pdata$PreparePackageList  0000000000004334     EfiShellLib:HiiSupport.obj
 0003:00000180       $pdata$LibGetString        0000000000004340     EfiShellLib:HiiSupport.obj
 0004:00000000       $unwind$InitializeDecompress 0000000000004360     EfiDecompress:Decompress.obj
 0004:0000001c       $unwind$LibCheckVarGetFlag 000000000000437c     EfiShellLib:VarCheck.obj
 0004:0000001c       $unwind$PPUTC              000000000000437c     EfiShellLib:IO.obj
 0004:0000001c       $unwind$PSETATTR           000000000000437c     EfiShellLib:IO.obj
 0004:00000028       $unwind$LibCheckVariables  0000000000004388     EfiShellLib:VarCheck.obj
 0004:00000040       $unwind$InitializeUnicodeCollationSupportWorker 00000000000043a0     EfiShellLib:Init.obj
 0004:00000054       $unwind$LibInitializeStrings 00000000000043b4     EfiShellLib:Init.obj
 0004:00000060       $unwind$LibInitializeShellApplication 00000000000043c0     EfiShellLib:Init.obj
 0004:00000070       $unwind$AllocatePool       00000000000043d0     EfiShellLib:Mem.obj
 0004:00000070       $unwind$LocateHiiProtocols 00000000000043d0     EfiShellLib:HiiSupport.obj
 0004:00000078       $unwind$_SPrint            00000000000043d8     EfiShellLib:IO.obj
 0004:00000078       $unwind$AllocateZeroPool   00000000000043d8     EfiShellLib:Mem.obj
 0004:00000080       $unwind$LibGetVariableAndSize 00000000000043e0     EfiShellLib:Misc.obj
 0004:00000090       $unwind$GrowBuffer         00000000000043f0     EfiShellLib:Misc.obj
 0004:000000a4       $unwind$GuidToString       0000000000004404     EfiShellLib:Misc.obj
 0004:000000bc       $unwind$LibFilterNullArgs  000000000000441c     EfiShellLib:Misc.obj
 0004:000000d8       $unwind$ValueToString      0000000000004438     EfiShellLib:Misc.obj
 0004:000000e0       $unwind$GetBestLanguage    0000000000004440     EfiShellLib:Misc.obj
 0004:000000f0       $unwind$LibSelectBestLanguage 0000000000004450     EfiShellLib:Misc.obj
 0004:00000100       $unwind$SPrint             0000000000004460     EfiShellLib:IO.obj
 0004:0000010c       $unwind$PrintToken         000000000000446c     EfiShellLib:IO.obj
 0004:00000118       $unwind$_IPrint            0000000000004478     EfiShellLib:IO.obj
 0004:00000124       $unwind$PFLUSH             0000000000004484     EfiShellLib:IO.obj
 0004:00000130       $unwind$PITEM              0000000000004490     EfiShellLib:IO.obj
 0004:00000148       $unwind$_Print             00000000000044a8     EfiShellLib:IO.obj
 0004:00000168       $unwind$SetPageBreak       00000000000044c8     EfiShellLib:IO.obj
 0004:00000178       $unwind$IFlushWithPageBreak 00000000000044d8     EfiShellLib:IO.obj
 0004:00000190       $unwind$LibLocateHandle    00000000000044f0     EfiShellLib:Handle.obj
 0004:000001a4       $unwind$LibLocateProtocol  0000000000004504     EfiShellLib:Handle.obj
 0004:000001b8       $unwind$MetaMatch          0000000000004518     EfiShellLib:Str.obj
 0004:000001c8       $unwind$StrDuplicate       0000000000004528     EfiShellLib:Str.obj
 0004:000001d8       $unwind$PreparePackageList 0000000000004538     EfiShellLib:HiiSupport.obj
 0004:000001ec       $unwind$LibGetString       000000000000454c     EfiShellLib:HiiSupport.obj
