 Resets

 Timestamp is 5bc88617 (Thu Oct 18 21:09:43 2018)

 Preferred load address is 0000000000000000

 Start         Length     Name                   Class
 0001:00000000 00002968H .text$mn                CODE
 0002:00000000 00000798H .data                   DATA
 0002:000007a0 00000652H .rdata                  DATA
 0002:00000e00 000000c0H .bss                    DATA
 0003:00000000 0000018cH .pdata                  DATA
 0004:00000000 000001d8H .xdata                  DATA

  Address         Publics by Value              Rva+Base               Lib:Object

 0000:00000000       __guard_fids_count         0000000000000000     <absolute>
 0000:00000000       __guard_fids_table         0000000000000000     <absolute>
 0000:00000000       __guard_flags              0000000000000000     <absolute>
 0001:00000000       InitializeReset            0000000000000280 f   Resets:reset.obj
 0001:000002b0       LibCheckVarFreeVarList     0000000000000530 f   EfiShellLib:VarCheck.obj
 0001:00000300       LibCheckVarGetFlag         0000000000000580 f   EfiShellLib:VarCheck.obj
 0001:00000344       iCompareSetFlag            00000000000005c4 f   EfiShellLib:VarCheck.obj
 0001:000003a0       LibCheckVariables          0000000000000620 f   EfiShellLib:VarCheck.obj
 0001:000006ec       InitializeUnicodeCollationSupportWorker 000000000000096c f   EfiShellLib:Init.obj
 0001:000007e8       LibInitializeStrings       0000000000000a68 f   EfiShellLib:Init.obj
 0001:000008b4       LibUnInitializeStrings     0000000000000b34 f   EfiShellLib:Init.obj
 0001:000008f8       LibInitializeShellApplication 0000000000000b78 f   EfiShellLib:Init.obj
 0001:00000b60       LibGetVariableAndSize      0000000000000de0 f   EfiShellLib:Misc.obj
 0001:00000bec       GrowBuffer                 0000000000000e6c f   EfiShellLib:Misc.obj
 0001:00000c8c       GuidToString               0000000000000f0c f   EfiShellLib:Misc.obj
 0001:00000d9c       StatusToString             000000000000101c f   EfiShellLib:Misc.obj
 0001:0000113c       ValueToString              00000000000013bc f   EfiShellLib:Misc.obj
 0001:00001224       GetBestLanguage            00000000000014a4 f   EfiShellLib:Misc.obj
 0001:00001380       LibSelectBestLanguage      0000000000001600 f   EfiShellLib:Misc.obj
 0001:00001414       LibStubMetaiMatch          0000000000001694 f   EfiShellLib:Str.obj
 0001:00001420       MetaMatch                  00000000000016a0 f   EfiShellLib:Str.obj
 0001:00001638       LibStubStriCmp             00000000000018b8 f   EfiShellLib:Str.obj
 0001:000016bc       LibStubStrUpr              000000000000193c f   EfiShellLib:Str.obj
 0001:000016dc       LibStubStrLwr              000000000000195c f   EfiShellLib:Str.obj
 0001:000016fc       StrSize                    000000000000197c f   EfiShellLib:Str.obj
 0001:00001720       CopyMem                    00000000000019a0 f   EfiShellLib:Mem.obj
 0001:00001764       AllocatePool               00000000000019e4 f   EfiShellLib:Mem.obj
 0001:00001798       AllocateZeroPool           0000000000001a18 f   EfiShellLib:Mem.obj
 0001:000017c4       _SPrint                    0000000000001a44 f   EfiShellLib:IO.obj
 0001:0000183c       SPrint                     0000000000001abc f   EfiShellLib:IO.obj
 0001:000018b0       PrintToken                 0000000000001b30 f   EfiShellLib:IO.obj
 0001:0000197c       _IPrint                    0000000000001bfc f   EfiShellLib:IO.obj
 0001:00001a30       PFLUSH                     0000000000001cb0 f   EfiShellLib:IO.obj
 0001:00001af0       PSETATTR                   0000000000001d70 f   EfiShellLib:IO.obj
 0001:00001b34       PPUTC                      0000000000001db4 f   EfiShellLib:IO.obj
 0001:00001bb0       PITEM                      0000000000001e30 f   EfiShellLib:IO.obj
 0001:00001ce0       _Print                     0000000000001f60 f   EfiShellLib:IO.obj
 0001:000022f8       SetPageBreak               0000000000002578 f   EfiShellLib:IO.obj
 0001:0000240c       IFlushWithPageBreak        000000000000268c f   EfiShellLib:IO.obj
 0001:00002550       LocateHiiProtocols         00000000000027d0 f   EfiShellLib:HiiSupport.obj
 0001:0000259c       PreparePackageList         000000000000281c f   EfiShellLib:HiiSupport.obj
 0001:00002690       LibGetString               0000000000002910 f   EfiShellLib:HiiSupport.obj
 0001:00002820       LibLocateHandle            0000000000002aa0 f   EfiShellLib:Handle.obj
 0001:000028c4       LibLocateProtocol          0000000000002b44 f   EfiShellLib:Handle.obj
 0002:00000000       ResetCheckList             0000000000002c00     Resets:reset.obj
 0002:00000078       EfiResetGuid               0000000000002c78     Resets:reset.obj
 0002:00000090       ResetsStrings              0000000000002c90     Resets:AutoGen.obj
 0002:000006c0       SESGuid                    00000000000032c0     EfiShellLib:Init.obj
 0002:000006d0       PoolAllocationType         00000000000032d0     EfiShellLib:Data.obj
 0002:000006d8       ShellEnvProtocol           00000000000032d8     EfiShellLib:Data.obj
 0002:000006e8       LibStubUnicodeInterface    00000000000032e8     EfiShellLib:Data.obj
 0002:00000720       UnicodeInterface           0000000000003320     EfiShellLib:Data.obj
 0002:00000728       ShellInterfaceProtocol     0000000000003328     EfiShellLib:Misc.obj
 0002:00000738       gEfiLoadedImageProtocolGuid 0000000000003338     EfiProtocolLib:LoadedImage.obj
 0002:00000748       gEfiUnicodeCollation2ProtocolGuid 0000000000003348     EfiProtocolLib:UnicodeCollation2.obj
 0002:00000758       gEfiUnicodeCollationProtocolGuid 0000000000003358     EfiProtocolLib:UnicodeCollation.obj
 0002:00000768       gEfiHiiStringProtocolGuid  0000000000003368     EfiProtocolLib:HiiString.obj
 0002:00000778       gEfiHiiDatabaseProtocolGuid 0000000000003378     EfiProtocolLib:HiiDatabase.obj
 0002:00000788       gEfiGlobalVariableGuid     0000000000003388     EfiGuidLib:GlobalVariable.obj
 0002:000007a0       ??_C@_15DOHNAJB@?$AA?9?$AAw?$AA?$AA@ 00000000000033a0     Resets:reset.obj
 0002:000007a8       ??_C@_15IMIFEHMG@?$AA?9?$AAs?$AA?$AA@ 00000000000033a8     Resets:reset.obj
 0002:000007b0       ??_C@_15GECAHHDM@?$AA?9?$AAb?$AA?$AA@ 00000000000033b0     Resets:reset.obj
 0002:000007b8       ??_C@_15FNEHKAED@?$AA?9?$AA?$DP?$AA?$AA@ 00000000000033b8     Resets:reset.obj
 0002:000007c0       ??_C@_19DGCMIEJL@?$AA0?$AA?4?$AA9?$AA9?$AA?$AA@ 00000000000033c0     Resets:reset.obj
 0002:000007d0       ??_C@_1M@OFCONGJO@?$AAr?$AAe?$AAs?$AAe?$AAt?$AA?$AA@ 00000000000033d0     Resets:reset.obj
 0002:000007e0       ??_C@_1M@GGGENIPJ@?$AA1?$AA?4?$AA1?$AA?4?$AA1?$AA?$AA@ 00000000000033e0     Resets:reset.obj
 0002:000007f0       ??_C@_19BALNHBBC@?$AAL?$AAa?$AAn?$AAg?$AA?$AA@ 00000000000033f0     EfiShellLib:Misc.obj
 0002:00000800       ??_C@_1BK@GGGENMOA@?$AAP?$AAl?$AAa?$AAt?$AAf?$AAo?$AAr?$AAm?$AAL?$AAa?$AAn?$AAg?$AA?$AA@ 0000000000003400     EfiShellLib:Misc.obj
 0002:0000081c       ??_C@_15GANGMFKL@?$AA?$CF?$AAs?$AA?$AA@ 000000000000341c     EfiShellLib:Misc.obj
 0002:00000830       ??_C@_1GC@MIJCAPDC@?$AA?$CF?$AA0?$AA8?$AAx?$AA?9?$AA?$CF?$AA0?$AA4?$AAx?$AA?9?$AA?$CF?$AA0?$AA4?$AAx?$AA?9?$AA?$CF?$AA0?$AA2?$AAx?$AA?$CF?$AA0?$AA2?$AAx?$AA?9?$AA?$CF?$AA0?$AA2?$AAx?$AA?$CF?$AA0?$AA2?$AAx@ 0000000000003430     EfiShellLib:Misc.obj
 0002:00000898       ??_C@_1BA@JFDCMKFN@?$AAS?$AAu?$AAc?$AAc?$AAe?$AAs?$AAs?$AA?$AA@ 0000000000003498     EfiShellLib:Misc.obj
 0002:000008a8       ??_C@_1BG@IPPBEJLN@?$AAL?$AAo?$AAa?$AAd?$AA?5?$AAE?$AAr?$AAr?$AAo?$AAr?$AA?$AA@ 00000000000034a8     EfiShellLib:Misc.obj
 0002:000008c0       ??_C@_1CE@FAJJAJHO@?$AAI?$AAn?$AAv?$AAa?$AAl?$AAi?$AAd?$AA?5?$AAP?$AAa?$AAr?$AAa?$AAm?$AAe?$AAt?$AAe?$AAr?$AA?$AA@ 00000000000034c0     EfiShellLib:Misc.obj
 0002:000008e8       ??_C@_1BI@HACEKCKB@?$AAU?$AAn?$AAs?$AAu?$AAp?$AAp?$AAo?$AAr?$AAt?$AAe?$AAd?$AA?$AA@ 00000000000034e8     EfiShellLib:Misc.obj
 0002:00000900       ??_C@_1CA@MKNIKBGN@?$AAB?$AAa?$AAd?$AA?5?$AAB?$AAu?$AAf?$AAf?$AAe?$AAr?$AA?5?$AAS?$AAi?$AAz?$AAe?$AA?$AA@ 0000000000003500     EfiShellLib:Misc.obj
 0002:00000920       ??_C@_1CC@GADLJCKI@?$AAB?$AAu?$AAf?$AAf?$AAe?$AAr?$AA?5?$AAT?$AAo?$AAo?$AA?5?$AAS?$AAm?$AAa?$AAl?$AAl?$AA?$AA@ 0000000000003520     EfiShellLib:Misc.obj
 0002:00000948       ??_C@_1BE@HFDAGNKF@?$AAN?$AAo?$AAt?$AA?5?$AAR?$AAe?$AAa?$AAd?$AAy?$AA?$AA@ 0000000000003548     EfiShellLib:Misc.obj
 0002:00000960       ??_C@_1BK@MPLHBIOA@?$AAD?$AAe?$AAv?$AAi?$AAc?$AAe?$AA?5?$AAE?$AAr?$AAr?$AAo?$AAr?$AA?$AA@ 0000000000003560     EfiShellLib:Misc.obj
 0002:00000980       ??_C@_1CA@PAGBHICH@?$AAW?$AAr?$AAi?$AAt?$AAe?$AA?5?$AAP?$AAr?$AAo?$AAt?$AAe?$AAc?$AAt?$AAe?$AAd?$AA?$AA@ 0000000000003580     EfiShellLib:Misc.obj
 0002:000009a0       ??_C@_1CC@JDEEHPBA@?$AAO?$AAu?$AAt?$AA?5?$AAo?$AAf?$AA?5?$AAR?$AAe?$AAs?$AAo?$AAu?$AAr?$AAc?$AAe?$AAs?$AA?$AA@ 00000000000035a0     EfiShellLib:Misc.obj
 0002:000009c8       ??_C@_1CC@IIFGLPAC@?$AAV?$AAo?$AAl?$AAu?$AAm?$AAe?$AA?5?$AAC?$AAo?$AAr?$AAr?$AAu?$AAp?$AAt?$AAe?$AAd?$AA?$AA@ 00000000000035c8     EfiShellLib:Misc.obj
 0002:000009f0       ??_C@_1BI@KDMJOJPB@?$AAV?$AAo?$AAl?$AAu?$AAm?$AAe?$AA?5?$AAF?$AAu?$AAl?$AAl?$AA?$AA@ 00000000000035f0     EfiShellLib:Misc.obj
 0002:00000a08       ??_C@_1BC@CAEJNJKB@?$AAN?$AAo?$AA?5?$AAM?$AAe?$AAd?$AAi?$AAa?$AA?$AA@ 0000000000003608     EfiShellLib:Misc.obj
 0002:00000a20       ??_C@_1BM@CGJAEDJP@?$AAM?$AAe?$AAd?$AAi?$AAa?$AA?5?$AAC?$AAh?$AAa?$AAn?$AAg?$AAe?$AAd?$AA?$AA@ 0000000000003620     EfiShellLib:Misc.obj
 0002:00000a40       ??_C@_1BE@JGBFLIBK@?$AAN?$AAo?$AAt?$AA?5?$AAF?$AAo?$AAu?$AAn?$AAd?$AA?$AA@ 0000000000003640     EfiShellLib:Misc.obj
 0002:00000a58       ??_C@_1BM@HDPINFLL@?$AAA?$AAc?$AAc?$AAe?$AAs?$AAs?$AA?5?$AAD?$AAe?$AAn?$AAi?$AAe?$AAd?$AA?$AA@ 0000000000003658     EfiShellLib:Misc.obj
 0002:00000a78       ??_C@_1BI@JIAAMNOB@?$AAN?$AAo?$AA?5?$AAR?$AAe?$AAs?$AAp?$AAo?$AAn?$AAs?$AAe?$AA?$AA@ 0000000000003678     EfiShellLib:Misc.obj
 0002:00000a90       ??_C@_1BG@OHLJONME@?$AAN?$AAo?$AA?5?$AAM?$AAa?$AAp?$AAp?$AAi?$AAn?$AAg?$AA?$AA@ 0000000000003690     EfiShellLib:Misc.obj
 0002:00000aa8       ??_C@_1BC@GINMNENH@?$AAT?$AAi?$AAm?$AAe?$AA?5?$AAO?$AAu?$AAt?$AA?$AA@ 00000000000036a8     EfiShellLib:Misc.obj
 0002:00000ac0       ??_C@_1BI@MNIOFEEM@?$AAN?$AAo?$AAt?$AA?5?$AAS?$AAt?$AAa?$AAr?$AAt?$AAe?$AAd?$AA?$AA@ 00000000000036c0     EfiShellLib:Misc.obj
 0002:00000ad8       ??_C@_1CA@CNMNDJCM@?$AAA?$AAl?$AAr?$AAe?$AAa?$AAd?$AAy?$AA?5?$AAS?$AAt?$AAa?$AAr?$AAt?$AAe?$AAd?$AA?$AA@ 00000000000036d8     EfiShellLib:Misc.obj
 0002:00000af8       ??_C@_1BA@JCPMFPEO@?$AAA?$AAb?$AAo?$AAr?$AAt?$AAe?$AAd?$AA?$AA@ 00000000000036f8     EfiShellLib:Misc.obj
 0002:00000b08       ??_C@_1BG@GJCEBLMD@?$AAI?$AAC?$AAM?$AAP?$AA?5?$AAE?$AAr?$AAr?$AAo?$AAr?$AA?$AA@ 0000000000003708     EfiShellLib:Misc.obj
 0002:00000b20       ??_C@_1BG@MPDDBEKI@?$AAT?$AAF?$AAT?$AAP?$AA?5?$AAE?$AAr?$AAr?$AAo?$AAr?$AA?$AA@ 0000000000003720     EfiShellLib:Misc.obj
 0002:00000b38       ??_C@_1BO@MGICIKC@?$AAP?$AAr?$AAo?$AAt?$AAo?$AAc?$AAo?$AAl?$AA?5?$AAE?$AAr?$AAr?$AAo?$AAr?$AA?$AA@ 0000000000003738     EfiShellLib:Misc.obj
 0002:00000b58       ??_C@_1CM@OIKNIHHI@?$AAW?$AAa?$AAr?$AAn?$AAi?$AAn?$AAg?$AA?5?$AAU?$AAn?$AAk?$AAn?$AAo?$AAw?$AAn?$AA?5?$AAG?$AAl?$AAy?$AAp?$AAh?$AA?$AA@ 0000000000003758     EfiShellLib:Misc.obj
 0002:00000b88       ??_C@_1CO@MFHEGPPN@?$AAW?$AAa?$AAr?$AAn?$AAi?$AAn?$AAg?$AA?5?$AAD?$AAe?$AAl?$AAe?$AAt?$AAe?$AA?5?$AAF?$AAa?$AAi?$AAl?$AAu?$AAr?$AAe?$AA?$AA@ 0000000000003788     EfiShellLib:Misc.obj
 0002:00000bb8       ??_C@_1CM@FKHEOEHO@?$AAW?$AAa?$AAr?$AAn?$AAi?$AAn?$AAg?$AA?5?$AAW?$AAr?$AAi?$AAt?$AAe?$AA?5?$AAF?$AAa?$AAi?$AAl?$AAu?$AAr?$AAe?$AA?$AA@ 00000000000037b8     EfiShellLib:Misc.obj
 0002:00000be8       ??_C@_1DC@LAAGMHGB@?$AAW?$AAa?$AAr?$AAn?$AAi?$AAn?$AAg?$AA?5?$AAB?$AAu?$AAf?$AAf?$AAe?$AAr?$AA?5?$AAT?$AAo?$AAo?$AA?5?$AAS?$AAm?$AAa?$AAl?$AAl?$AA?$AA@ 00000000000037e8     EfiShellLib:Misc.obj
 0002:00000c20       ??_C@_1CK@CPNEFGBF@?$AAI?$AAn?$AAc?$AAo?$AAm?$AAp?$AAa?$AAt?$AAi?$AAb?$AAl?$AAe?$AA?5?$AAV?$AAe?$AAr?$AAs?$AAi?$AAo?$AAn?$AA?$AA@ 0000000000003820     EfiShellLib:Misc.obj
 0002:00000c50       ??_C@_1CG@CONBDECJ@?$AAS?$AAe?$AAc?$AAu?$AAr?$AAi?$AAt?$AAy?$AA?5?$AAV?$AAi?$AAo?$AAl?$AAa?$AAt?$AAi?$AAo?$AAn?$AA?$AA@ 0000000000003850     EfiShellLib:Misc.obj
 0002:00000c78       ??_C@_1BE@LNMOCCLF@?$AAC?$AAR?$AAC?$AA?5?$AAE?$AAr?$AAr?$AAo?$AAr?$AA?$AA@ 0000000000003878     EfiShellLib:Misc.obj
 0002:00000c90       ??_C@_1CE@OCFFKMII@?$AAN?$AAo?$AAt?$AA?5?$AAA?$AAv?$AAa?$AAi?$AAl?$AAa?$AAb?$AAl?$AAe?$AA?5?$AAY?$AAe?$AAt?$AA?$AA@ 0000000000003890     EfiShellLib:Misc.obj
 0002:00000cb8       ??_C@_1BK@BJJGPOPI@?$AAU?$AAn?$AAl?$AAo?$AAa?$AAd?$AA?5?$AAI?$AAm?$AAa?$AAg?$AAe?$AA?$AA@ 00000000000038b8     EfiShellLib:Misc.obj
 0002:00000cd8       ??_C@_1DM@HHKGEKOD@?$AAW?$AAa?$AAr?$AAn?$AAi?$AAn?$AAg?$AA?5?$AAR?$AAe?$AAt?$AAu?$AAr?$AAn?$AA?5?$AAF?$AAr?$AAo?$AAm?$AA?5?$AAL?$AAo?$AAn?$AAg?$AA?5?$AAJ?$AAu?$AAm?$AAp?$AA?$AA@ 00000000000038d8     EfiShellLib:Misc.obj
 0002:00000d14       ??_C@_15BHOFONJE@?$AA?$CF?$AAX?$AA?$AA@ 0000000000003914     EfiShellLib:Misc.obj
 0002:00000d20       ??_C@_1DI@JHANLOAN@?$AA?$CF?$AA0?$AA2?$AAd?$AA?1?$AA?$CF?$AA0?$AA2?$AAd?$AA?1?$AA?$CF?$AA0?$AA2?$AAd?$AA?5?$AA?5?$AA?$CF?$AA0?$AA2?$AAd?$AA?3?$AA?$CF?$AA0?$AA2?$AAd?$AA?$CF?$AAc?$AA?$AA@ 0000000000003920     EfiShellLib:Misc.obj
 0002:00000d58       ??_C@_00CNPNBAHC@?$AA@     0000000000003958     EfiShellLib:Misc.obj
 0002:00000d5c       ??_C@_03LKLGDMJI@eng?$AA@  000000000000395c     EfiShellLib:Misc.obj
 0002:00000d60       ??_C@_05JJLPJMLG@en?9US?$AA@ 0000000000003960     EfiShellLib:Misc.obj
 0002:00000d68       ca                         0000000000003968     EfiShellLib:Misc.obj
 0002:00000d80       ??_C@_06OJHGLDPL@?$CInull?$CJ?$AA@ 0000000000003980     EfiShellLib:IO.obj
 0002:00000d88       ??_C@_1O@CEDCILHN@?$AA?$CI?$AAn?$AAu?$AAl?$AAl?$AA?$CJ?$AA?$AA@ 0000000000003988     EfiShellLib:IO.obj
 0002:00000da0       ??_C@_1EM@PFLICCFE@?$AAP?$AAr?$AAe?$AAs?$AAs?$AA?5?$AAE?$AAN?$AAT?$AAE?$AAR?$AA?5?$AAt?$AAo?$AA?5?$AAc?$AAo?$AAn?$AAt?$AAi?$AAn?$AAu?$AAe?$AA?0?$AA?5?$AA?8?$AAq?$AA?8?$AA?5?$AAt?$AAo?$AA?5@ 00000000000039a0     EfiShellLib:IO.obj
 0002:00000dec       ??_C@_15JNBOKNOG@?$AA?$AN?$AA?6?$AA?$AA@ 00000000000039ec     EfiShellLib:IO.obj
 0002:00000e00       HiiInitialized             0000000000003a00     EfiShellLib:Init.obj
 0002:00000e08       HiiLibHandle               0000000000003a08     EfiShellLib:Init.obj
 0002:00000e10       NumStrings                 0000000000003a10     EfiShellLib:Init.obj
 0002:00000e18       ShellLibInitialized        0000000000003a18     EfiShellLib:Data.obj
 0002:00000e28       gLibHiiDatabase            0000000000003a28     EfiShellLib:HiiSupport.obj
 0002:00000e30       gLibHiiString              0000000000003a30     EfiShellLib:HiiSupport.obj
 0002:00000e38       mHiiProtocolsInitialized   0000000000003a38     EfiShellLib:HiiSupport.obj
 0002:00000e40       RT                         0000000000003a40     <common>
 0002:00000e60       mPrintMode                 0000000000003a60     <common>
 0002:00000e98       ST                         0000000000003a98     <common>
 0002:00000ea0       SE2                        0000000000003aa0     <common>
 0002:00000ea8       SE                         0000000000003aa8     <common>
 0002:00000eb0       BS                         0000000000003ab0     <common>
 0002:00000eb8       SI                         0000000000003ab8     <common>

 entry point at        0001:00000000

 Static symbols

 0002:00000d70       Hex                        0000000000003970     EfiShellLib:Misc.obj
 0002:00000e20       mShellEnv                  0000000000003a20     EfiShellLib:Misc.obj
 0003:00000000       $pdata$InitializeReset     0000000000003ac0     Resets:reset.obj
 0003:0000000c       $pdata$LibCheckVarFreeVarList 0000000000003acc     EfiShellLib:VarCheck.obj
 0003:00000018       $pdata$LibCheckVarGetFlag  0000000000003ad8     EfiShellLib:VarCheck.obj
 0003:00000024       $pdata$LibCheckVariables   0000000000003ae4     EfiShellLib:VarCheck.obj
 0003:00000030       $pdata$InitializeUnicodeCollationSupportWorker 0000000000003af0     EfiShellLib:Init.obj
 0003:0000003c       $pdata$LibInitializeStrings 0000000000003afc     EfiShellLib:Init.obj
 0003:00000048       $pdata$LibUnInitializeStrings 0000000000003b08     EfiShellLib:Init.obj
 0003:00000054       $pdata$LibInitializeShellApplication 0000000000003b14     EfiShellLib:Init.obj
 0003:00000060       $pdata$LibGetVariableAndSize 0000000000003b20     EfiShellLib:Misc.obj
 0003:0000006c       $pdata$GrowBuffer          0000000000003b2c     EfiShellLib:Misc.obj
 0003:00000078       $pdata$GuidToString        0000000000003b38     EfiShellLib:Misc.obj
 0003:00000084       $pdata$ValueToString       0000000000003b44     EfiShellLib:Misc.obj
 0003:00000090       $pdata$GetBestLanguage     0000000000003b50     EfiShellLib:Misc.obj
 0003:0000009c       $pdata$LibSelectBestLanguage 0000000000003b5c     EfiShellLib:Misc.obj
 0003:000000a8       $pdata$MetaMatch           0000000000003b68     EfiShellLib:Str.obj
 0003:000000b4       $pdata$AllocatePool        0000000000003b74     EfiShellLib:Mem.obj
 0003:000000c0       $pdata$AllocateZeroPool    0000000000003b80     EfiShellLib:Mem.obj
 0003:000000cc       $pdata$_SPrint             0000000000003b8c     EfiShellLib:IO.obj
 0003:000000d8       $pdata$SPrint              0000000000003b98     EfiShellLib:IO.obj
 0003:000000e4       $pdata$PrintToken          0000000000003ba4     EfiShellLib:IO.obj
 0003:000000f0       $pdata$_IPrint             0000000000003bb0     EfiShellLib:IO.obj
 0003:000000fc       $pdata$PFLUSH              0000000000003bbc     EfiShellLib:IO.obj
 0003:00000108       $pdata$PSETATTR            0000000000003bc8     EfiShellLib:IO.obj
 0003:00000114       $pdata$PPUTC               0000000000003bd4     EfiShellLib:IO.obj
 0003:00000120       $pdata$PITEM               0000000000003be0     EfiShellLib:IO.obj
 0003:0000012c       $pdata$_Print              0000000000003bec     EfiShellLib:IO.obj
 0003:00000138       $pdata$SetPageBreak        0000000000003bf8     EfiShellLib:IO.obj
 0003:00000144       $pdata$IFlushWithPageBreak 0000000000003c04     EfiShellLib:IO.obj
 0003:00000150       $pdata$LocateHiiProtocols  0000000000003c10     EfiShellLib:HiiSupport.obj
 0003:0000015c       $pdata$PreparePackageList  0000000000003c1c     EfiShellLib:HiiSupport.obj
 0003:00000168       $pdata$LibGetString        0000000000003c28     EfiShellLib:HiiSupport.obj
 0003:00000174       $pdata$LibLocateHandle     0000000000003c34     EfiShellLib:Handle.obj
 0003:00000180       $pdata$LibLocateProtocol   0000000000003c40     EfiShellLib:Handle.obj
 0004:00000000       $unwind$InitializeReset    0000000000003c60     Resets:reset.obj
 0004:00000014       $unwind$LibUnInitializeStrings 0000000000003c74     EfiShellLib:Init.obj
 0004:00000014       $unwind$LibCheckVarFreeVarList 0000000000003c74     EfiShellLib:VarCheck.obj
 0004:00000014       $unwind$_SPrint            0000000000003c74     EfiShellLib:IO.obj
 0004:00000014       $unwind$AllocateZeroPool   0000000000003c74     EfiShellLib:Mem.obj
 0004:0000001c       $unwind$LibCheckVarGetFlag 0000000000003c7c     EfiShellLib:VarCheck.obj
 0004:0000001c       $unwind$PSETATTR           0000000000003c7c     EfiShellLib:IO.obj
 0004:0000001c       $unwind$PPUTC              0000000000003c7c     EfiShellLib:IO.obj
 0004:00000028       $unwind$LibCheckVariables  0000000000003c88     EfiShellLib:VarCheck.obj
 0004:00000040       $unwind$InitializeUnicodeCollationSupportWorker 0000000000003ca0     EfiShellLib:Init.obj
 0004:00000054       $unwind$LibInitializeStrings 0000000000003cb4     EfiShellLib:Init.obj
 0004:00000064       $unwind$LibInitializeShellApplication 0000000000003cc4     EfiShellLib:Init.obj
 0004:00000074       $unwind$LibGetVariableAndSize 0000000000003cd4     EfiShellLib:Misc.obj
 0004:00000084       $unwind$GrowBuffer         0000000000003ce4     EfiShellLib:Misc.obj
 0004:00000098       $unwind$GuidToString       0000000000003cf8     EfiShellLib:Misc.obj
 0004:000000b0       $unwind$ValueToString      0000000000003d10     EfiShellLib:Misc.obj
 0004:000000b8       $unwind$GetBestLanguage    0000000000003d18     EfiShellLib:Misc.obj
 0004:000000c8       $unwind$LibSelectBestLanguage 0000000000003d28     EfiShellLib:Misc.obj
 0004:000000d8       $unwind$MetaMatch          0000000000003d38     EfiShellLib:Str.obj
 0004:000000e8       $unwind$AllocatePool       0000000000003d48     EfiShellLib:Mem.obj
 0004:000000e8       $unwind$LocateHiiProtocols 0000000000003d48     EfiShellLib:HiiSupport.obj
 0004:000000f0       $unwind$SPrint             0000000000003d50     EfiShellLib:IO.obj
 0004:000000fc       $unwind$PrintToken         0000000000003d5c     EfiShellLib:IO.obj
 0004:00000108       $unwind$_IPrint            0000000000003d68     EfiShellLib:IO.obj
 0004:00000114       $unwind$PFLUSH             0000000000003d74     EfiShellLib:IO.obj
 0004:00000120       $unwind$PITEM              0000000000003d80     EfiShellLib:IO.obj
 0004:00000138       $unwind$_Print             0000000000003d98     EfiShellLib:IO.obj
 0004:00000158       $unwind$SetPageBreak       0000000000003db8     EfiShellLib:IO.obj
 0004:00000168       $unwind$IFlushWithPageBreak 0000000000003dc8     EfiShellLib:IO.obj
 0004:00000180       $unwind$PreparePackageList 0000000000003de0     EfiShellLib:HiiSupport.obj
 0004:00000194       $unwind$LibGetString       0000000000003df4     EfiShellLib:HiiSupport.obj
 0004:000001b0       $unwind$LibLocateHandle    0000000000003e10     EfiShellLib:Handle.obj
 0004:000001c4       $unwind$LibLocateProtocol  0000000000003e24     EfiShellLib:Handle.obj
