 Vol

 Timestamp is 5bc8860d (Thu Oct 18 21:09:33 2018)

 Preferred load address is 0000000000000000

 Start         Length     Name                   Class
 0001:00000000 00003338H .text$mn                CODE
 0002:00000000 000012b0H .data                   DATA
 0002:000012b0 00000672H .rdata                  DATA
 0002:00001940 000000c8H .bss                    DATA
 0003:00000000 000001b0H .pdata                  DATA
 0004:00000000 0000020cH .xdata                  DATA

  Address         Publics by Value              Rva+Base               Lib:Object

 0000:00000000       __guard_fids_count         0000000000000000     <absolute>
 0000:00000000       __guard_fids_table         0000000000000000     <absolute>
 0000:00000000       __guard_flags              0000000000000000     <absolute>
 0001:00000000       InitializeVol              0000000000000280 f   Vol:vol.obj
 0001:000006c8       InitializeVolOld           0000000000000948 f   Vol:vol.obj
 0001:00000b7c       LibCheckVarGetFlag         0000000000000dfc f   EfiShellLib:VarCheck.obj
 0001:00000bc0       iCompareSetFlag            0000000000000e40 f   EfiShellLib:VarCheck.obj
 0001:00000c1c       LibCheckVariables          0000000000000e9c f   EfiShellLib:VarCheck.obj
 0001:00000f68       ShellGetMap                00000000000011e8 f   EfiShellLib:ShellEnvInt.obj
 0001:00000fdc       InitializeUnicodeCollationSupportWorker 000000000000125c f   EfiShellLib:Init.obj
 0001:000010d8       LibInitializeStrings       0000000000001358 f   EfiShellLib:Init.obj
 0001:000011c8       LibInitializeShellApplication 0000000000001448 f   EfiShellLib:Init.obj
 0001:00001430       LibGetVariableAndSize      00000000000016b0 f   EfiShellLib:Misc.obj
 0001:000014bc       GrowBuffer                 000000000000173c f   EfiShellLib:Misc.obj
 0001:0000155c       GuidToString               00000000000017dc f   EfiShellLib:Misc.obj
 0001:0000166c       StatusToString             00000000000018ec f   EfiShellLib:Misc.obj
 0001:00001a0c       ValueToString              0000000000001c8c f   EfiShellLib:Misc.obj
 0001:00001af4       GetBestLanguage            0000000000001d74 f   EfiShellLib:Misc.obj
 0001:00001c50       LibSelectBestLanguage      0000000000001ed0 f   EfiShellLib:Misc.obj
 0001:00001ce4       LibDevicePathToInterface   0000000000001f64 f   EfiShellLib:DPath.obj
 0001:00001d68       LibStubMetaiMatch          0000000000001fe8 f   EfiShellLib:Str.obj
 0001:00001d74       MetaMatch                  0000000000001ff4 f   EfiShellLib:Str.obj
 0001:00001f8c       LibStubStriCmp             000000000000220c f   EfiShellLib:Str.obj
 0001:00002010       LibStubStrUpr              0000000000002290 f   EfiShellLib:Str.obj
 0001:00002030       LibStubStrLwr              00000000000022b0 f   EfiShellLib:Str.obj
 0001:00002050       StrSize                    00000000000022d0 f   EfiShellLib:Str.obj
 0001:00002074       StrDuplicate               00000000000022f4 f   EfiShellLib:Str.obj
 0001:000020b8       CopyMem                    0000000000002338 f   EfiShellLib:Mem.obj
 0001:000020fc       AllocatePool               000000000000237c f   EfiShellLib:Mem.obj
 0001:00002130       AllocateZeroPool           00000000000023b0 f   EfiShellLib:Mem.obj
 0001:0000215c       _SPrint                    00000000000023dc f   EfiShellLib:IO.obj
 0001:000021d4       SPrint                     0000000000002454 f   EfiShellLib:IO.obj
 0001:00002248       Print                      00000000000024c8 f   EfiShellLib:IO.obj
 0001:00002280       PrintToken                 0000000000002500 f   EfiShellLib:IO.obj
 0001:0000234c       _IPrint                    00000000000025cc f   EfiShellLib:IO.obj
 0001:00002400       PFLUSH                     0000000000002680 f   EfiShellLib:IO.obj
 0001:000024c0       PSETATTR                   0000000000002740 f   EfiShellLib:IO.obj
 0001:00002504       PPUTC                      0000000000002784 f   EfiShellLib:IO.obj
 0001:00002580       PITEM                      0000000000002800 f   EfiShellLib:IO.obj
 0001:000026b0       _Print                     0000000000002930 f   EfiShellLib:IO.obj
 0001:00002cc8       SetPageBreak               0000000000002f48 f   EfiShellLib:IO.obj
 0001:00002ddc       IFlushWithPageBreak        000000000000305c f   EfiShellLib:IO.obj
 0001:00002f20       LocateHiiProtocols         00000000000031a0 f   EfiShellLib:HiiSupport.obj
 0001:00002f6c       PreparePackageList         00000000000031ec f   EfiShellLib:HiiSupport.obj
 0001:00003060       LibGetString               00000000000032e0 f   EfiShellLib:HiiSupport.obj
 0001:000031f0       LibLocateHandle            0000000000003470 f   EfiShellLib:Handle.obj
 0001:00003294       LibLocateProtocol          0000000000003514 f   EfiShellLib:Handle.obj
 0002:00000000       EfiVolGuid                 00000000000035c0     Vol:vol.obj
 0002:00000010       VolCheckList               00000000000035d0     Vol:vol.obj
 0002:00000090       VolStrings                 0000000000003650     Vol:AutoGen.obj
 0002:000011a8       SESGuid                    0000000000004768     EfiShellLib:Init.obj
 0002:000011b8       PoolAllocationType         0000000000004778     EfiShellLib:Data.obj
 0002:000011c0       ShellEnvProtocol           0000000000004780     EfiShellLib:Data.obj
 0002:000011d0       LibStubUnicodeInterface    0000000000004790     EfiShellLib:Data.obj
 0002:00001208       UnicodeInterface           00000000000047c8     EfiShellLib:Data.obj
 0002:00001210       ShellInterfaceProtocol     00000000000047d0     EfiShellLib:Misc.obj
 0002:00001220       gEfiFileSystemInfoGuid     00000000000047e0     EfiProtocolLib:FileSystemInfo.obj
 0002:00001230       gEfiSimpleFileSystemProtocolGuid 00000000000047f0     EfiProtocolLib:SimpleFileSystem.obj
 0002:00001240       gEfiBlockIoProtocolGuid    0000000000004800     EfiProtocolLib:BlockIo.obj
 0002:00001250       gEfiLoadedImageProtocolGuid 0000000000004810     EfiProtocolLib:LoadedImage.obj
 0002:00001260       gEfiUnicodeCollation2ProtocolGuid 0000000000004820     EfiProtocolLib:UnicodeCollation2.obj
 0002:00001270       gEfiUnicodeCollationProtocolGuid 0000000000004830     EfiProtocolLib:UnicodeCollation.obj
 0002:00001280       gEfiHiiStringProtocolGuid  0000000000004840     EfiProtocolLib:HiiString.obj
 0002:00001290       gEfiHiiDatabaseProtocolGuid 0000000000004850     EfiProtocolLib:HiiDatabase.obj
 0002:000012a0       gEfiGlobalVariableGuid     0000000000004860     EfiGuidLib:GlobalVariable.obj
 0002:000012b0       ??_C@_15COPGMIIE@?$AA?9?$AAn?$AA?$AA@ 0000000000004870     Vol:vol.obj
 0002:000012b8       ??_C@_15EBELCIOA@?$AA?9?$AAd?$AA?$AA@ 0000000000004878     Vol:vol.obj
 0002:000012c0       ??_C@_15GECAHHDM@?$AA?9?$AAb?$AA?$AA@ 0000000000004880     Vol:vol.obj
 0002:000012c8       ??_C@_15FNEHKAED@?$AA?9?$AA?$DP?$AA?$AA@ 0000000000004888     Vol:vol.obj
 0002:000012d0       ??_C@_19DGCMIEJL@?$AA0?$AA?4?$AA9?$AA9?$AA?$AA@ 0000000000004890     Vol:vol.obj
 0002:000012e0       ??_C@_17HILAENLF@?$AAv?$AAo?$AAl?$AA?$AA@ 00000000000048a0     Vol:vol.obj
 0002:000012e8       ??_C@_1M@GGGENIPJ@?$AA1?$AA?4?$AA1?$AA?4?$AA1?$AA?$AA@ 00000000000048a8     Vol:vol.obj
 0002:000012f8       ??_C@_19CIJIHAKK@?$AAN?$AAU?$AAL?$AAL?$AA?$AA@ 00000000000048b8     Vol:vol.obj
 0002:00001304       ??_C@_11LOCGONAA@?$AA?$AA@ 00000000000048c4     Vol:vol.obj
 0002:00001308       ??_C@_1O@EJHEAAMO@?$AA?5?$AA?$CI?$AAr?$AAo?$AA?$CJ?$AA?6?$AA?$AA@ 00000000000048c8     Vol:vol.obj
 0002:00001318       ??_C@_1O@OGCKCKFA@?$AA?5?$AA?$CI?$AAr?$AAw?$AA?$CJ?$AA?6?$AA?$AA@ 00000000000048d8     Vol:vol.obj
 0002:00001328       ??_C@_19BALNHBBC@?$AAL?$AAa?$AAn?$AAg?$AA?$AA@ 00000000000048e8     EfiShellLib:Misc.obj
 0002:00001338       ??_C@_1BK@GGGENMOA@?$AAP?$AAl?$AAa?$AAt?$AAf?$AAo?$AAr?$AAm?$AAL?$AAa?$AAn?$AAg?$AA?$AA@ 00000000000048f8     EfiShellLib:Misc.obj
 0002:00001354       ??_C@_15GANGMFKL@?$AA?$CF?$AAs?$AA?$AA@ 0000000000004914     EfiShellLib:Misc.obj
 0002:00001360       ??_C@_1GC@MIJCAPDC@?$AA?$CF?$AA0?$AA8?$AAx?$AA?9?$AA?$CF?$AA0?$AA4?$AAx?$AA?9?$AA?$CF?$AA0?$AA4?$AAx?$AA?9?$AA?$CF?$AA0?$AA2?$AAx?$AA?$CF?$AA0?$AA2?$AAx?$AA?9?$AA?$CF?$AA0?$AA2?$AAx?$AA?$CF?$AA0?$AA2?$AAx@ 0000000000004920     EfiShellLib:Misc.obj
 0002:000013c8       ??_C@_1BA@JFDCMKFN@?$AAS?$AAu?$AAc?$AAc?$AAe?$AAs?$AAs?$AA?$AA@ 0000000000004988     EfiShellLib:Misc.obj
 0002:000013d8       ??_C@_1BG@IPPBEJLN@?$AAL?$AAo?$AAa?$AAd?$AA?5?$AAE?$AAr?$AAr?$AAo?$AAr?$AA?$AA@ 0000000000004998     EfiShellLib:Misc.obj
 0002:000013f0       ??_C@_1CE@FAJJAJHO@?$AAI?$AAn?$AAv?$AAa?$AAl?$AAi?$AAd?$AA?5?$AAP?$AAa?$AAr?$AAa?$AAm?$AAe?$AAt?$AAe?$AAr?$AA?$AA@ 00000000000049b0     EfiShellLib:Misc.obj
 0002:00001418       ??_C@_1BI@HACEKCKB@?$AAU?$AAn?$AAs?$AAu?$AAp?$AAp?$AAo?$AAr?$AAt?$AAe?$AAd?$AA?$AA@ 00000000000049d8     EfiShellLib:Misc.obj
 0002:00001430       ??_C@_1CA@MKNIKBGN@?$AAB?$AAa?$AAd?$AA?5?$AAB?$AAu?$AAf?$AAf?$AAe?$AAr?$AA?5?$AAS?$AAi?$AAz?$AAe?$AA?$AA@ 00000000000049f0     EfiShellLib:Misc.obj
 0002:00001450       ??_C@_1CC@GADLJCKI@?$AAB?$AAu?$AAf?$AAf?$AAe?$AAr?$AA?5?$AAT?$AAo?$AAo?$AA?5?$AAS?$AAm?$AAa?$AAl?$AAl?$AA?$AA@ 0000000000004a10     EfiShellLib:Misc.obj
 0002:00001478       ??_C@_1BE@HFDAGNKF@?$AAN?$AAo?$AAt?$AA?5?$AAR?$AAe?$AAa?$AAd?$AAy?$AA?$AA@ 0000000000004a38     EfiShellLib:Misc.obj
 0002:00001490       ??_C@_1BK@MPLHBIOA@?$AAD?$AAe?$AAv?$AAi?$AAc?$AAe?$AA?5?$AAE?$AAr?$AAr?$AAo?$AAr?$AA?$AA@ 0000000000004a50     EfiShellLib:Misc.obj
 0002:000014b0       ??_C@_1CA@PAGBHICH@?$AAW?$AAr?$AAi?$AAt?$AAe?$AA?5?$AAP?$AAr?$AAo?$AAt?$AAe?$AAc?$AAt?$AAe?$AAd?$AA?$AA@ 0000000000004a70     EfiShellLib:Misc.obj
 0002:000014d0       ??_C@_1CC@JDEEHPBA@?$AAO?$AAu?$AAt?$AA?5?$AAo?$AAf?$AA?5?$AAR?$AAe?$AAs?$AAo?$AAu?$AAr?$AAc?$AAe?$AAs?$AA?$AA@ 0000000000004a90     EfiShellLib:Misc.obj
 0002:000014f8       ??_C@_1CC@IIFGLPAC@?$AAV?$AAo?$AAl?$AAu?$AAm?$AAe?$AA?5?$AAC?$AAo?$AAr?$AAr?$AAu?$AAp?$AAt?$AAe?$AAd?$AA?$AA@ 0000000000004ab8     EfiShellLib:Misc.obj
 0002:00001520       ??_C@_1BI@KDMJOJPB@?$AAV?$AAo?$AAl?$AAu?$AAm?$AAe?$AA?5?$AAF?$AAu?$AAl?$AAl?$AA?$AA@ 0000000000004ae0     EfiShellLib:Misc.obj
 0002:00001538       ??_C@_1BC@CAEJNJKB@?$AAN?$AAo?$AA?5?$AAM?$AAe?$AAd?$AAi?$AAa?$AA?$AA@ 0000000000004af8     EfiShellLib:Misc.obj
 0002:00001550       ??_C@_1BM@CGJAEDJP@?$AAM?$AAe?$AAd?$AAi?$AAa?$AA?5?$AAC?$AAh?$AAa?$AAn?$AAg?$AAe?$AAd?$AA?$AA@ 0000000000004b10     EfiShellLib:Misc.obj
 0002:00001570       ??_C@_1BE@JGBFLIBK@?$AAN?$AAo?$AAt?$AA?5?$AAF?$AAo?$AAu?$AAn?$AAd?$AA?$AA@ 0000000000004b30     EfiShellLib:Misc.obj
 0002:00001588       ??_C@_1BM@HDPINFLL@?$AAA?$AAc?$AAc?$AAe?$AAs?$AAs?$AA?5?$AAD?$AAe?$AAn?$AAi?$AAe?$AAd?$AA?$AA@ 0000000000004b48     EfiShellLib:Misc.obj
 0002:000015a8       ??_C@_1BI@JIAAMNOB@?$AAN?$AAo?$AA?5?$AAR?$AAe?$AAs?$AAp?$AAo?$AAn?$AAs?$AAe?$AA?$AA@ 0000000000004b68     EfiShellLib:Misc.obj
 0002:000015c0       ??_C@_1BG@OHLJONME@?$AAN?$AAo?$AA?5?$AAM?$AAa?$AAp?$AAp?$AAi?$AAn?$AAg?$AA?$AA@ 0000000000004b80     EfiShellLib:Misc.obj
 0002:000015d8       ??_C@_1BC@GINMNENH@?$AAT?$AAi?$AAm?$AAe?$AA?5?$AAO?$AAu?$AAt?$AA?$AA@ 0000000000004b98     EfiShellLib:Misc.obj
 0002:000015f0       ??_C@_1BI@MNIOFEEM@?$AAN?$AAo?$AAt?$AA?5?$AAS?$AAt?$AAa?$AAr?$AAt?$AAe?$AAd?$AA?$AA@ 0000000000004bb0     EfiShellLib:Misc.obj
 0002:00001608       ??_C@_1CA@CNMNDJCM@?$AAA?$AAl?$AAr?$AAe?$AAa?$AAd?$AAy?$AA?5?$AAS?$AAt?$AAa?$AAr?$AAt?$AAe?$AAd?$AA?$AA@ 0000000000004bc8     EfiShellLib:Misc.obj
 0002:00001628       ??_C@_1BA@JCPMFPEO@?$AAA?$AAb?$AAo?$AAr?$AAt?$AAe?$AAd?$AA?$AA@ 0000000000004be8     EfiShellLib:Misc.obj
 0002:00001638       ??_C@_1BG@GJCEBLMD@?$AAI?$AAC?$AAM?$AAP?$AA?5?$AAE?$AAr?$AAr?$AAo?$AAr?$AA?$AA@ 0000000000004bf8     EfiShellLib:Misc.obj
 0002:00001650       ??_C@_1BG@MPDDBEKI@?$AAT?$AAF?$AAT?$AAP?$AA?5?$AAE?$AAr?$AAr?$AAo?$AAr?$AA?$AA@ 0000000000004c10     EfiShellLib:Misc.obj
 0002:00001668       ??_C@_1BO@MGICIKC@?$AAP?$AAr?$AAo?$AAt?$AAo?$AAc?$AAo?$AAl?$AA?5?$AAE?$AAr?$AAr?$AAo?$AAr?$AA?$AA@ 0000000000004c28     EfiShellLib:Misc.obj
 0002:00001688       ??_C@_1CM@OIKNIHHI@?$AAW?$AAa?$AAr?$AAn?$AAi?$AAn?$AAg?$AA?5?$AAU?$AAn?$AAk?$AAn?$AAo?$AAw?$AAn?$AA?5?$AAG?$AAl?$AAy?$AAp?$AAh?$AA?$AA@ 0000000000004c48     EfiShellLib:Misc.obj
 0002:000016b8       ??_C@_1CO@MFHEGPPN@?$AAW?$AAa?$AAr?$AAn?$AAi?$AAn?$AAg?$AA?5?$AAD?$AAe?$AAl?$AAe?$AAt?$AAe?$AA?5?$AAF?$AAa?$AAi?$AAl?$AAu?$AAr?$AAe?$AA?$AA@ 0000000000004c78     EfiShellLib:Misc.obj
 0002:000016e8       ??_C@_1CM@FKHEOEHO@?$AAW?$AAa?$AAr?$AAn?$AAi?$AAn?$AAg?$AA?5?$AAW?$AAr?$AAi?$AAt?$AAe?$AA?5?$AAF?$AAa?$AAi?$AAl?$AAu?$AAr?$AAe?$AA?$AA@ 0000000000004ca8     EfiShellLib:Misc.obj
 0002:00001718       ??_C@_1DC@LAAGMHGB@?$AAW?$AAa?$AAr?$AAn?$AAi?$AAn?$AAg?$AA?5?$AAB?$AAu?$AAf?$AAf?$AAe?$AAr?$AA?5?$AAT?$AAo?$AAo?$AA?5?$AAS?$AAm?$AAa?$AAl?$AAl?$AA?$AA@ 0000000000004cd8     EfiShellLib:Misc.obj
 0002:00001750       ??_C@_1CK@CPNEFGBF@?$AAI?$AAn?$AAc?$AAo?$AAm?$AAp?$AAa?$AAt?$AAi?$AAb?$AAl?$AAe?$AA?5?$AAV?$AAe?$AAr?$AAs?$AAi?$AAo?$AAn?$AA?$AA@ 0000000000004d10     EfiShellLib:Misc.obj
 0002:00001780       ??_C@_1CG@CONBDECJ@?$AAS?$AAe?$AAc?$AAu?$AAr?$AAi?$AAt?$AAy?$AA?5?$AAV?$AAi?$AAo?$AAl?$AAa?$AAt?$AAi?$AAo?$AAn?$AA?$AA@ 0000000000004d40     EfiShellLib:Misc.obj
 0002:000017a8       ??_C@_1BE@LNMOCCLF@?$AAC?$AAR?$AAC?$AA?5?$AAE?$AAr?$AAr?$AAo?$AAr?$AA?$AA@ 0000000000004d68     EfiShellLib:Misc.obj
 0002:000017c0       ??_C@_1CE@OCFFKMII@?$AAN?$AAo?$AAt?$AA?5?$AAA?$AAv?$AAa?$AAi?$AAl?$AAa?$AAb?$AAl?$AAe?$AA?5?$AAY?$AAe?$AAt?$AA?$AA@ 0000000000004d80     EfiShellLib:Misc.obj
 0002:000017e8       ??_C@_1BK@BJJGPOPI@?$AAU?$AAn?$AAl?$AAo?$AAa?$AAd?$AA?5?$AAI?$AAm?$AAa?$AAg?$AAe?$AA?$AA@ 0000000000004da8     EfiShellLib:Misc.obj
 0002:00001808       ??_C@_1DM@HHKGEKOD@?$AAW?$AAa?$AAr?$AAn?$AAi?$AAn?$AAg?$AA?5?$AAR?$AAe?$AAt?$AAu?$AAr?$AAn?$AA?5?$AAF?$AAr?$AAo?$AAm?$AA?5?$AAL?$AAo?$AAn?$AAg?$AA?5?$AAJ?$AAu?$AAm?$AAp?$AA?$AA@ 0000000000004dc8     EfiShellLib:Misc.obj
 0002:00001844       ??_C@_15BHOFONJE@?$AA?$CF?$AAX?$AA?$AA@ 0000000000004e04     EfiShellLib:Misc.obj
 0002:00001850       ??_C@_1DI@JHANLOAN@?$AA?$CF?$AA0?$AA2?$AAd?$AA?1?$AA?$CF?$AA0?$AA2?$AAd?$AA?1?$AA?$CF?$AA0?$AA2?$AAd?$AA?5?$AA?5?$AA?$CF?$AA0?$AA2?$AAd?$AA?3?$AA?$CF?$AA0?$AA2?$AAd?$AA?$CF?$AAc?$AA?$AA@ 0000000000004e10     EfiShellLib:Misc.obj
 0002:00001888       ??_C@_00CNPNBAHC@?$AA@     0000000000004e48     EfiShellLib:Misc.obj
 0002:0000188c       ??_C@_03LKLGDMJI@eng?$AA@  0000000000004e4c     EfiShellLib:Misc.obj
 0002:00001890       ??_C@_05JJLPJMLG@en?9US?$AA@ 0000000000004e50     EfiShellLib:Misc.obj
 0002:00001898       ca                         0000000000004e58     EfiShellLib:Misc.obj
 0002:000018b0       ??_C@_06OJHGLDPL@?$CInull?$CJ?$AA@ 0000000000004e70     EfiShellLib:IO.obj
 0002:000018b8       ??_C@_1O@CEDCILHN@?$AA?$CI?$AAn?$AAu?$AAl?$AAl?$AA?$CJ?$AA?$AA@ 0000000000004e78     EfiShellLib:IO.obj
 0002:000018d0       ??_C@_1EM@PFLICCFE@?$AAP?$AAr?$AAe?$AAs?$AAs?$AA?5?$AAE?$AAN?$AAT?$AAE?$AAR?$AA?5?$AAt?$AAo?$AA?5?$AAc?$AAo?$AAn?$AAt?$AAi?$AAn?$AAu?$AAe?$AA?0?$AA?5?$AA?8?$AAq?$AA?8?$AA?5?$AAt?$AAo?$AA?5@ 0000000000004e90     EfiShellLib:IO.obj
 0002:0000191c       ??_C@_15JNBOKNOG@?$AA?$AN?$AA?6?$AA?$AA@ 0000000000004edc     EfiShellLib:IO.obj
 0002:00001940       HiiInitialized             0000000000004f00     EfiShellLib:Init.obj
 0002:00001948       HiiLibHandle               0000000000004f08     EfiShellLib:Init.obj
 0002:00001950       NumStrings                 0000000000004f10     EfiShellLib:Init.obj
 0002:00001958       ShellLibInitialized        0000000000004f18     EfiShellLib:Data.obj
 0002:00001968       gLibHiiDatabase            0000000000004f28     EfiShellLib:HiiSupport.obj
 0002:00001970       gLibHiiString              0000000000004f30     EfiShellLib:HiiSupport.obj
 0002:00001978       mHiiProtocolsInitialized   0000000000004f38     EfiShellLib:HiiSupport.obj
 0002:00001980       RT                         0000000000004f40     <common>
 0002:000019a0       mPrintMode                 0000000000004f60     <common>
 0002:000019d8       ST                         0000000000004f98     <common>
 0002:000019e0       SE2                        0000000000004fa0     <common>
 0002:000019e8       SE                         0000000000004fa8     <common>
 0002:000019f0       BS                         0000000000004fb0     <common>
 0002:000019f8       SI                         0000000000004fb8     <common>
 0002:00001a00       HiiHandle                  0000000000004fc0     <common>

 entry point at        0001:00000000

 Static symbols

 0002:000018a0       Hex                        0000000000004e60     EfiShellLib:Misc.obj
 0002:00001960       mShellEnv                  0000000000004f20     EfiShellLib:Misc.obj
 0003:00000000       $pdata$InitializeVol       0000000000004fe0     Vol:vol.obj
 0003:0000000c       $pdata$InitializeVolOld    0000000000004fec     Vol:vol.obj
 0003:00000018       $pdata$LibCheckVarGetFlag  0000000000004ff8     EfiShellLib:VarCheck.obj
 0003:00000024       $pdata$LibCheckVariables   0000000000005004     EfiShellLib:VarCheck.obj
 0003:00000030       $pdata$ShellGetMap         0000000000005010     EfiShellLib:ShellEnvInt.obj
 0003:0000003c       $pdata$InitializeUnicodeCollationSupportWorker 000000000000501c     EfiShellLib:Init.obj
 0003:00000048       $pdata$LibInitializeStrings 0000000000005028     EfiShellLib:Init.obj
 0003:00000054       $pdata$LibInitializeShellApplication 0000000000005034     EfiShellLib:Init.obj
 0003:00000060       $pdata$LibGetVariableAndSize 0000000000005040     EfiShellLib:Misc.obj
 0003:0000006c       $pdata$GrowBuffer          000000000000504c     EfiShellLib:Misc.obj
 0003:00000078       $pdata$GuidToString        0000000000005058     EfiShellLib:Misc.obj
 0003:00000084       $pdata$ValueToString       0000000000005064     EfiShellLib:Misc.obj
 0003:00000090       $pdata$GetBestLanguage     0000000000005070     EfiShellLib:Misc.obj
 0003:0000009c       $pdata$LibSelectBestLanguage 000000000000507c     EfiShellLib:Misc.obj
 0003:000000a8       $pdata$LibDevicePathToInterface 0000000000005088     EfiShellLib:DPath.obj
 0003:000000b4       $pdata$MetaMatch           0000000000005094     EfiShellLib:Str.obj
 0003:000000c0       $pdata$StrDuplicate        00000000000050a0     EfiShellLib:Str.obj
 0003:000000cc       $pdata$AllocatePool        00000000000050ac     EfiShellLib:Mem.obj
 0003:000000d8       $pdata$AllocateZeroPool    00000000000050b8     EfiShellLib:Mem.obj
 0003:000000e4       $pdata$_SPrint             00000000000050c4     EfiShellLib:IO.obj
 0003:000000f0       $pdata$SPrint              00000000000050d0     EfiShellLib:IO.obj
 0003:000000fc       $pdata$Print               00000000000050dc     EfiShellLib:IO.obj
 0003:00000108       $pdata$PrintToken          00000000000050e8     EfiShellLib:IO.obj
 0003:00000114       $pdata$_IPrint             00000000000050f4     EfiShellLib:IO.obj
 0003:00000120       $pdata$PFLUSH              0000000000005100     EfiShellLib:IO.obj
 0003:0000012c       $pdata$PSETATTR            000000000000510c     EfiShellLib:IO.obj
 0003:00000138       $pdata$PPUTC               0000000000005118     EfiShellLib:IO.obj
 0003:00000144       $pdata$PITEM               0000000000005124     EfiShellLib:IO.obj
 0003:00000150       $pdata$_Print              0000000000005130     EfiShellLib:IO.obj
 0003:0000015c       $pdata$SetPageBreak        000000000000513c     EfiShellLib:IO.obj
 0003:00000168       $pdata$IFlushWithPageBreak 0000000000005148     EfiShellLib:IO.obj
 0003:00000174       $pdata$LocateHiiProtocols  0000000000005154     EfiShellLib:HiiSupport.obj
 0003:00000180       $pdata$PreparePackageList  0000000000005160     EfiShellLib:HiiSupport.obj
 0003:0000018c       $pdata$LibGetString        000000000000516c     EfiShellLib:HiiSupport.obj
 0003:00000198       $pdata$LibLocateHandle     0000000000005178     EfiShellLib:Handle.obj
 0003:000001a4       $pdata$LibLocateProtocol   0000000000005184     EfiShellLib:Handle.obj
 0004:00000000       $unwind$InitializeVol      00000000000051a0     Vol:vol.obj
 0004:00000014       $unwind$InitializeVolOld   00000000000051b4     Vol:vol.obj
 0004:00000028       $unwind$StrDuplicate       00000000000051c8     EfiShellLib:Str.obj
 0004:00000028       $unwind$PPUTC              00000000000051c8     EfiShellLib:IO.obj
 0004:00000028       $unwind$PSETATTR           00000000000051c8     EfiShellLib:IO.obj
 0004:00000028       $unwind$LibCheckVarGetFlag 00000000000051c8     EfiShellLib:VarCheck.obj
 0004:00000034       $unwind$LibCheckVariables  00000000000051d4     EfiShellLib:VarCheck.obj
 0004:0000004c       $unwind$ShellGetMap        00000000000051ec     EfiShellLib:ShellEnvInt.obj
 0004:0000005c       $unwind$InitializeUnicodeCollationSupportWorker 00000000000051fc     EfiShellLib:Init.obj
 0004:00000070       $unwind$LibInitializeStrings 0000000000005210     EfiShellLib:Init.obj
 0004:0000007c       $unwind$LibInitializeShellApplication 000000000000521c     EfiShellLib:Init.obj
 0004:0000008c       $unwind$LibGetVariableAndSize 000000000000522c     EfiShellLib:Misc.obj
 0004:0000009c       $unwind$GrowBuffer         000000000000523c     EfiShellLib:Misc.obj
 0004:000000b0       $unwind$GuidToString       0000000000005250     EfiShellLib:Misc.obj
 0004:000000c8       $unwind$ValueToString      0000000000005268     EfiShellLib:Misc.obj
 0004:000000d0       $unwind$GetBestLanguage    0000000000005270     EfiShellLib:Misc.obj
 0004:000000e0       $unwind$LibSelectBestLanguage 0000000000005280     EfiShellLib:Misc.obj
 0004:000000f0       $unwind$LibDevicePathToInterface 0000000000005290     EfiShellLib:DPath.obj
 0004:000000fc       $unwind$MetaMatch          000000000000529c     EfiShellLib:Str.obj
 0004:0000010c       $unwind$AllocatePool       00000000000052ac     EfiShellLib:Mem.obj
 0004:0000010c       $unwind$LocateHiiProtocols 00000000000052ac     EfiShellLib:HiiSupport.obj
 0004:00000114       $unwind$AllocateZeroPool   00000000000052b4     EfiShellLib:Mem.obj
 0004:00000114       $unwind$_SPrint            00000000000052b4     EfiShellLib:IO.obj
 0004:0000011c       $unwind$SPrint             00000000000052bc     EfiShellLib:IO.obj
 0004:00000128       $unwind$Print              00000000000052c8     EfiShellLib:IO.obj
 0004:00000130       $unwind$PrintToken         00000000000052d0     EfiShellLib:IO.obj
 0004:0000013c       $unwind$_IPrint            00000000000052dc     EfiShellLib:IO.obj
 0004:00000148       $unwind$PFLUSH             00000000000052e8     EfiShellLib:IO.obj
 0004:00000154       $unwind$PITEM              00000000000052f4     EfiShellLib:IO.obj
 0004:0000016c       $unwind$_Print             000000000000530c     EfiShellLib:IO.obj
 0004:0000018c       $unwind$SetPageBreak       000000000000532c     EfiShellLib:IO.obj
 0004:0000019c       $unwind$IFlushWithPageBreak 000000000000533c     EfiShellLib:IO.obj
 0004:000001b4       $unwind$PreparePackageList 0000000000005354     EfiShellLib:HiiSupport.obj
 0004:000001c8       $unwind$LibGetString       0000000000005368     EfiShellLib:HiiSupport.obj
 0004:000001e4       $unwind$LibLocateHandle    0000000000005384     EfiShellLib:Handle.obj
 0004:000001f8       $unwind$LibLocateProtocol  0000000000005398     EfiShellLib:Handle.obj
