 Drivers

 Timestamp is 5bc88632 (Thu Oct 18 21:10:10 2018)

 Preferred load address is 0000000000000000

 Start         Length     Name                   Class
 0001:00000000 00004ad7H .text$mn                CODE
 0002:00000000 00001c30H .data                   DATA
 0002:00001c30 00000f92H .rdata                  DATA
 0002:00002be0 000000c8H .bss                    DATA
 0003:00000000 000002b8H .pdata                  DATA
 0004:00000000 0000029cH .xdata                  DATA

  Address         Publics by Value              Rva+Base               Lib:Object

 0000:00000000       __guard_fids_count         0000000000000000     <absolute>
 0000:00000000       __guard_flags              0000000000000000     <absolute>
 0000:00000000       __guard_fids_table         0000000000000000     <absolute>
 0001:00000000       DriversMain                0000000000000280 f   Drivers:drivers.obj
 0001:00000b3c       LibCheckVarGetFlag         0000000000000dbc f   EfiShellLib:VarCheck.obj
 0001:00000b80       iCompareSetFlag            0000000000000e00 f   EfiShellLib:VarCheck.obj
 0001:00000bdc       LibCheckVariables          0000000000000e5c f   EfiShellLib:VarCheck.obj
 0001:00000f28       LibGetVariableAndSize      00000000000011a8 f   EfiShellLib:Misc.obj
 0001:00000fb4       GrowBuffer                 0000000000001234 f   EfiShellLib:Misc.obj
 0001:00001054       GuidToString               00000000000012d4 f   EfiShellLib:Misc.obj
 0001:00001164       StatusToString             00000000000013e4 f   EfiShellLib:Misc.obj
 0001:00001504       ValueToString              0000000000001784 f   EfiShellLib:Misc.obj
 0001:000015ec       LibGetCommandLineLanguage  000000000000186c f   EfiShellLib:Misc.obj
 0001:0000164c       GetBestLanguage            00000000000018cc f   EfiShellLib:Misc.obj
 0001:000017a8       LibSelectBestLanguage      0000000000001a28 f   EfiShellLib:Misc.obj
 0001:000018a8       GetComponentNameWorker     0000000000001b28 f   EfiShellLib:Misc.obj
 0001:00001944       LibGetDriverName           0000000000001bc4 f   EfiShellLib:Misc.obj
 0001:00001a18       InitializeUnicodeCollationSupportWorker 0000000000001c98 f   EfiShellLib:Init.obj
 0001:00001b14       LibInitializeStrings       0000000000001d94 f   EfiShellLib:Init.obj
 0001:00001c04       LibInitializeShellApplication 0000000000001e84 f   EfiShellLib:Init.obj
 0001:00001e6c       LibLocateHandle            00000000000020ec f   EfiShellLib:Handle.obj
 0001:00001f10       ShellHandleToIndex         0000000000002190 f   EfiShellLib:Handle.obj
 0001:00001fb4       LibScanHandleDatabase      0000000000002234 f   EfiShellLib:Handle.obj
 0001:000024c4       LibGetHandleDatabaseSubset 0000000000002744 f   EfiShellLib:Handle.obj
 0001:00002618       LibLocateProtocol          0000000000002898 f   EfiShellLib:Handle.obj
 0001:000026bc       StrTrim                    000000000000293c f   EfiShellLib:Str.obj
 0001:0000276c       LibStubMetaiMatch          00000000000029ec f   EfiShellLib:Str.obj
 0001:00002778       MetaMatch                  00000000000029f8 f   EfiShellLib:Str.obj
 0001:00002990       LibStubStriCmp             0000000000002c10 f   EfiShellLib:Str.obj
 0001:00002a14       LibStubStrUpr              0000000000002c94 f   EfiShellLib:Str.obj
 0001:00002a34       LibStubStrLwr              0000000000002cb4 f   EfiShellLib:Str.obj
 0001:00002a54       CopyMem                    0000000000002cd4 f   EfiShellLib:Mem.obj
 0001:00002a98       AllocatePool               0000000000002d18 f   EfiShellLib:Mem.obj
 0001:00002acc       ReallocatePool             0000000000002d4c f   EfiShellLib:Mem.obj
 0001:00002b40       AllocateZeroPool           0000000000002dc0 f   EfiShellLib:Mem.obj
 0001:00002b6c       UnpackDevicePath           0000000000002dec f   EfiShellLib:DPath.obj
 0001:00002c58       _DevPathPci                0000000000002ed8 f   EfiShellLib:DPath.obj
 0001:00002c70       _DevPathPccard             0000000000002ef0 f   EfiShellLib:DPath.obj
 0001:00002c84       _DevPathMemMap             0000000000002f04 f   EfiShellLib:DPath.obj
 0001:00002cac       _DevPathController         0000000000002f2c f   EfiShellLib:DPath.obj
 0001:00002cbc       _DevPathVendor             0000000000002f3c f   EfiShellLib:DPath.obj
 0001:00003038       _DevPathAcpi               00000000000032b8 f   EfiShellLib:DPath.obj
 0001:00003064       _DevPathExtendedAcpi       00000000000032e4 f   EfiShellLib:DPath.obj
 0001:000031ac       _DevPathAdrAcpi            000000000000342c f   EfiShellLib:DPath.obj
 0001:00003238       _DevPathAtapi              00000000000034b8 f   EfiShellLib:DPath.obj
 0001:00003270       _DevPathScsi               00000000000034f0 f   EfiShellLib:DPath.obj
 0001:00003288       _DevPathFibre              0000000000003508 f   EfiShellLib:DPath.obj
 0001:0000329c       _DevPath1394               000000000000351c f   EfiShellLib:DPath.obj
 0001:000032ac       _DevPathUsb                000000000000352c f   EfiShellLib:DPath.obj
 0001:000032c4       _DevPathUsbWWID            0000000000003544 f   EfiShellLib:DPath.obj
 0001:000032ec       _DevPathLogicalUnit        000000000000356c f   EfiShellLib:DPath.obj
 0001:00003300       _DevPathUsbClass           0000000000003580 f   EfiShellLib:DPath.obj
 0001:0000333c       _DevPathSata               00000000000035bc f   EfiShellLib:DPath.obj
 0001:00003384       _DevPathI2O                0000000000003604 f   EfiShellLib:DPath.obj
 0001:00003394       _DevPathMacAddr            0000000000003614 f   EfiShellLib:DPath.obj
 0001:00003410       _DevPathIPv4               0000000000003690 f   EfiShellLib:DPath.obj
 0001:0000344c       _DevPathIPv6               00000000000036cc f   EfiShellLib:DPath.obj
 0001:00003540       _DevPathInfiniBand         00000000000037c0 f   EfiShellLib:DPath.obj
 0001:00003578       _DevPathUart               00000000000037f8 f   EfiShellLib:DPath.obj
 0001:0000366c       _DevPathiSCSI              00000000000038ec f   EfiShellLib:DPath.obj
 0001:00003764       _DevPathHardDrive          00000000000039e4 f   EfiShellLib:DPath.obj
 0001:000037c4       _DevPathCDROM              0000000000003a44 f   EfiShellLib:DPath.obj
 0001:000037d4       _DevPathFilePath           0000000000003a54 f   EfiShellLib:DPath.obj
 0001:0000385c       _DevPathMediaProtocol      0000000000003adc f   EfiShellLib:DPath.obj
 0001:0000386c       _DevPathFvFilePath         0000000000003aec f   EfiShellLib:DPath.obj
 0001:0000387c       _DevPathRelativeOffsetRange 0000000000003afc f   EfiShellLib:DPath.obj
 0001:00003890       _DevPathBssBss             0000000000003b10 f   EfiShellLib:DPath.obj
 0001:00003910       _DevPathEndInstance        0000000000003b90 f   EfiShellLib:DPath.obj
 0001:0000391c       _DevPathNodeUnknown        0000000000003b9c f   EfiShellLib:DPath.obj
 0001:00003928       _DevPathFvPath             0000000000003ba8 f   EfiShellLib:DPath.obj
 0001:00003938       _SPrint                    0000000000003bb8 f   EfiShellLib:IO.obj
 0001:000039b0       _PoolCatPrint              0000000000003c30 f   EfiShellLib:IO.obj
 0001:000039fc       SPrint                     0000000000003c7c f   EfiShellLib:IO.obj
 0001:00003a70       Print                      0000000000003cf0 f   EfiShellLib:IO.obj
 0001:00003aa8       PrintToken                 0000000000003d28 f   EfiShellLib:IO.obj
 0001:00003b74       CatPrint                   0000000000003df4 f   EfiShellLib:IO.obj
 0001:00003bb0       _IPrint                    0000000000003e30 f   EfiShellLib:IO.obj
 0001:00003c64       PFLUSH                     0000000000003ee4 f   EfiShellLib:IO.obj
 0001:00003d24       PSETATTR                   0000000000003fa4 f   EfiShellLib:IO.obj
 0001:00003d68       PPUTC                      0000000000003fe8 f   EfiShellLib:IO.obj
 0001:00003de4       PITEM                      0000000000004064 f   EfiShellLib:IO.obj
 0001:00003f14       _Print                     0000000000004194 f   EfiShellLib:IO.obj
 0001:0000452c       SetPageBreak               00000000000047ac f   EfiShellLib:IO.obj
 0001:00004640       IFlushWithPageBreak        00000000000048c0 f   EfiShellLib:IO.obj
 0001:00004784       _PoolPrint                 0000000000004a04 f   EfiShellLib:IO.obj
 0001:00004808       LocateHiiProtocols         0000000000004a88 f   EfiShellLib:HiiSupport.obj
 0001:00004854       PreparePackageList         0000000000004ad4 f   EfiShellLib:HiiSupport.obj
 0001:00004948       LibGetString               0000000000004bc8 f   EfiShellLib:HiiSupport.obj
 0002:00000000       DriversCheckList           0000000000004d60     Drivers:drivers.obj
 0002:00000060       EfiDriversGuid             0000000000004dc0     Drivers:drivers.obj
 0002:00000070       DriversStrings             0000000000004dd0     Drivers:AutoGen.obj
 0002:000017f8       ShellInterfaceProtocol     0000000000006558     EfiShellLib:Misc.obj
 0002:00001808       SESGuid                    0000000000006568     EfiShellLib:Init.obj
 0002:00001818       ShellEnvProtocol           0000000000006578     EfiShellLib:Data.obj
 0002:00001828       PoolAllocationType         0000000000006588     EfiShellLib:Data.obj
 0002:00001830       LibStubUnicodeInterface    0000000000006590     EfiShellLib:Data.obj
 0002:00001868       UnicodeInterface           00000000000065c8     EfiShellLib:Data.obj
 0002:00001870       mEfiDevicePathMessagingUartFlowControlGuid 00000000000065d0     EfiShellLib:DPath.obj
 0002:00001880       DevPathTable               00000000000065e0     EfiShellLib:DPath.obj
 0002:00001ac0       mEfiDevicePathMessagingSASGuid 0000000000006820     EfiShellLib:DPath.obj
 0002:00001ad0       gEfiFirmwareVolume2ProtocolGuid 0000000000006830     EdkFrameworkProtocolLib:FirmwareVolume2.obj
 0002:00001ae0       gEfiFirmwareVolumeProtocolGuid 0000000000006840     EdkFrameworkProtocolLib:FirmwareVolume.obj
 0002:00001af0       gEfiDriverBindingProtocolGuid 0000000000006850     EfiProtocolLib:DriverBinding.obj
 0002:00001b00       gEfiLoadedImageProtocolGuid 0000000000006860     EfiProtocolLib:LoadedImage.obj
 0002:00001b10       gEfiDriverConfigurationProtocolGuid 0000000000006870     EfiProtocolLib:DriverConfiguration.obj
 0002:00001b20       gEfiDriverDiagnosticsProtocolGuid 0000000000006880     EfiProtocolLib:DriverDiagnostics.obj
 0002:00001b30       gEfiDriverDiagnostics2ProtocolGuid 0000000000006890     EfiProtocolLib:DriverDiagnostics2.obj
 0002:00001b40       gEfiDriverConfiguration2ProtocolGuid 00000000000068a0     EfiProtocolLib:DriverConfiguration2.obj
 0002:00001b50       gEfiComponentNameProtocolGuid 00000000000068b0     EfiProtocolLib:ComponentName.obj
 0002:00001b60       gEfiComponentName2ProtocolGuid 00000000000068c0     EfiProtocolLib:ComponentName2.obj
 0002:00001b70       gEfiUnicodeCollation2ProtocolGuid 00000000000068d0     EfiProtocolLib:UnicodeCollation2.obj
 0002:00001b80       gEfiUnicodeCollationProtocolGuid 00000000000068e0     EfiProtocolLib:UnicodeCollation.obj
 0002:00001b90       gEfiDevicePathProtocolGuid 00000000000068f0     EfiProtocolLib:DevicePath.obj
 0002:00001ba0       gEfiDevicePathToTextProtocolGuid 0000000000006900     EfiProtocolLib:DevicePathToText.obj
 0002:00001bb0       gEfiDebugPortProtocolGuid  0000000000006910     EfiProtocolLib:DebugPort.obj
 0002:00001bc0       gEfiHiiStringProtocolGuid  0000000000006920     EfiProtocolLib:HiiString.obj
 0002:00001bd0       gEfiHiiDatabaseProtocolGuid 0000000000006930     EfiProtocolLib:HiiDatabase.obj
 0002:00001be0       gEfiGlobalVariableGuid     0000000000006940     EfiGuidLib:GlobalVariable.obj
 0002:00001bf0       gEfiVTUTF8Guid             0000000000006950     EfiGuidLib:PcAnsi.obj
 0002:00001c00       gEfiVT100Guid              0000000000006960     EfiGuidLib:PcAnsi.obj
 0002:00001c10       gEfiVT100PlusGuid          0000000000006970     EfiGuidLib:PcAnsi.obj
 0002:00001c20       gEfiPcAnsiGuid             0000000000006980     EfiGuidLib:PcAnsi.obj
 0002:00001c30       ??_C@_15IEPPAAAP@?$AA?9?$AAl?$AA?$AA@ 0000000000006990     Drivers:drivers.obj
 0002:00001c38       ??_C@_15GECAHHDM@?$AA?9?$AAb?$AA?$AA@ 0000000000006998     Drivers:drivers.obj
 0002:00001c40       ??_C@_15FNEHKAED@?$AA?9?$AA?$DP?$AA?$AA@ 00000000000069a0     Drivers:drivers.obj
 0002:00001c48       ??_C@_19EILFCCEC@?$AA1?$AA?4?$AA1?$AA0?$AA?$AA@ 00000000000069a8     Drivers:drivers.obj
 0002:00001c58       ??_C@_1BA@BMPCKMGD@?$AAd?$AAr?$AAi?$AAv?$AAe?$AAr?$AAs?$AA?$AA@ 00000000000069b8     Drivers:drivers.obj
 0002:00001c68       ??_C@_1M@GGGENIPJ@?$AA1?$AA?4?$AA1?$AA?4?$AA1?$AA?$AA@ 00000000000069c8     Drivers:drivers.obj
 0002:00001c74       ??_C@_15HIIMMLNM@?$AA?5?$AAB?$AA?$AA@ 00000000000069d4     Drivers:drivers.obj
 0002:00001c7c       ??_C@_15FNOHJEAA@?$AA?5?$AAD?$AA?$AA@ 00000000000069dc     Drivers:drivers.obj
 0002:00001c84       ??_C@_15OBNJLDJN@?$AA?5?$AA?$DP?$AA?$AA@ 00000000000069e4     Drivers:drivers.obj
 0002:00001c8c       ??_C@_15EHCIHMCH@?$AA?5?$AAX?$AA?$AA@ 00000000000069ec     Drivers:drivers.obj
 0002:00001c94       ??_C@_15BLMJCMIJ@?$AA?5?$AA?9?$AA?$AA@ 00000000000069f4     Drivers:drivers.obj
 0002:00001ca0       ??_C@_17DGFPDABF@?$AA?5?$AA?5?$AA?9?$AA?$AA@ 0000000000006a00     Drivers:drivers.obj
 0002:00001ca8       ??_C@_1BE@GFCJAFPH@?$AA?$DM?$AAU?$AAN?$AAK?$AAN?$AAO?$AAW?$AAN?$AA?$DO?$AA?$AA@ 0000000000006a08     Drivers:drivers.obj
 0002:00001cbc       ??_C@_13LBAGMAIH@?$AA?6?$AA?$AA@ 0000000000006a1c     Drivers:drivers.obj
 0002:00001cc0       ??_C@_19BALNHBBC@?$AAL?$AAa?$AAn?$AAg?$AA?$AA@ 0000000000006a20     EfiShellLib:Misc.obj
 0002:00001cd0       ??_C@_1BK@GGGENMOA@?$AAP?$AAl?$AAa?$AAt?$AAf?$AAo?$AAr?$AAm?$AAL?$AAa?$AAn?$AAg?$AA?$AA@ 0000000000006a30     EfiShellLib:Misc.obj
 0002:00001cec       ??_C@_15GANGMFKL@?$AA?$CF?$AAs?$AA?$AA@ 0000000000006a4c     EfiShellLib:Misc.obj
 0002:00001d00       ??_C@_1GC@MIJCAPDC@?$AA?$CF?$AA0?$AA8?$AAx?$AA?9?$AA?$CF?$AA0?$AA4?$AAx?$AA?9?$AA?$CF?$AA0?$AA4?$AAx?$AA?9?$AA?$CF?$AA0?$AA2?$AAx?$AA?$CF?$AA0?$AA2?$AAx?$AA?9?$AA?$CF?$AA0?$AA2?$AAx?$AA?$CF?$AA0?$AA2?$AAx@ 0000000000006a60     EfiShellLib:Misc.obj
 0002:00001d68       ??_C@_1BA@JFDCMKFN@?$AAS?$AAu?$AAc?$AAc?$AAe?$AAs?$AAs?$AA?$AA@ 0000000000006ac8     EfiShellLib:Misc.obj
 0002:00001d78       ??_C@_1BG@IPPBEJLN@?$AAL?$AAo?$AAa?$AAd?$AA?5?$AAE?$AAr?$AAr?$AAo?$AAr?$AA?$AA@ 0000000000006ad8     EfiShellLib:Misc.obj
 0002:00001d90       ??_C@_1CE@FAJJAJHO@?$AAI?$AAn?$AAv?$AAa?$AAl?$AAi?$AAd?$AA?5?$AAP?$AAa?$AAr?$AAa?$AAm?$AAe?$AAt?$AAe?$AAr?$AA?$AA@ 0000000000006af0     EfiShellLib:Misc.obj
 0002:00001db8       ??_C@_1BI@HACEKCKB@?$AAU?$AAn?$AAs?$AAu?$AAp?$AAp?$AAo?$AAr?$AAt?$AAe?$AAd?$AA?$AA@ 0000000000006b18     EfiShellLib:Misc.obj
 0002:00001dd0       ??_C@_1CA@MKNIKBGN@?$AAB?$AAa?$AAd?$AA?5?$AAB?$AAu?$AAf?$AAf?$AAe?$AAr?$AA?5?$AAS?$AAi?$AAz?$AAe?$AA?$AA@ 0000000000006b30     EfiShellLib:Misc.obj
 0002:00001df0       ??_C@_1CC@GADLJCKI@?$AAB?$AAu?$AAf?$AAf?$AAe?$AAr?$AA?5?$AAT?$AAo?$AAo?$AA?5?$AAS?$AAm?$AAa?$AAl?$AAl?$AA?$AA@ 0000000000006b50     EfiShellLib:Misc.obj
 0002:00001e18       ??_C@_1BE@HFDAGNKF@?$AAN?$AAo?$AAt?$AA?5?$AAR?$AAe?$AAa?$AAd?$AAy?$AA?$AA@ 0000000000006b78     EfiShellLib:Misc.obj
 0002:00001e30       ??_C@_1BK@MPLHBIOA@?$AAD?$AAe?$AAv?$AAi?$AAc?$AAe?$AA?5?$AAE?$AAr?$AAr?$AAo?$AAr?$AA?$AA@ 0000000000006b90     EfiShellLib:Misc.obj
 0002:00001e50       ??_C@_1CA@PAGBHICH@?$AAW?$AAr?$AAi?$AAt?$AAe?$AA?5?$AAP?$AAr?$AAo?$AAt?$AAe?$AAc?$AAt?$AAe?$AAd?$AA?$AA@ 0000000000006bb0     EfiShellLib:Misc.obj
 0002:00001e70       ??_C@_1CC@JDEEHPBA@?$AAO?$AAu?$AAt?$AA?5?$AAo?$AAf?$AA?5?$AAR?$AAe?$AAs?$AAo?$AAu?$AAr?$AAc?$AAe?$AAs?$AA?$AA@ 0000000000006bd0     EfiShellLib:Misc.obj
 0002:00001e98       ??_C@_1CC@IIFGLPAC@?$AAV?$AAo?$AAl?$AAu?$AAm?$AAe?$AA?5?$AAC?$AAo?$AAr?$AAr?$AAu?$AAp?$AAt?$AAe?$AAd?$AA?$AA@ 0000000000006bf8     EfiShellLib:Misc.obj
 0002:00001ec0       ??_C@_1BI@KDMJOJPB@?$AAV?$AAo?$AAl?$AAu?$AAm?$AAe?$AA?5?$AAF?$AAu?$AAl?$AAl?$AA?$AA@ 0000000000006c20     EfiShellLib:Misc.obj
 0002:00001ed8       ??_C@_1BC@CAEJNJKB@?$AAN?$AAo?$AA?5?$AAM?$AAe?$AAd?$AAi?$AAa?$AA?$AA@ 0000000000006c38     EfiShellLib:Misc.obj
 0002:00001ef0       ??_C@_1BM@CGJAEDJP@?$AAM?$AAe?$AAd?$AAi?$AAa?$AA?5?$AAC?$AAh?$AAa?$AAn?$AAg?$AAe?$AAd?$AA?$AA@ 0000000000006c50     EfiShellLib:Misc.obj
 0002:00001f10       ??_C@_1BE@JGBFLIBK@?$AAN?$AAo?$AAt?$AA?5?$AAF?$AAo?$AAu?$AAn?$AAd?$AA?$AA@ 0000000000006c70     EfiShellLib:Misc.obj
 0002:00001f28       ??_C@_1BM@HDPINFLL@?$AAA?$AAc?$AAc?$AAe?$AAs?$AAs?$AA?5?$AAD?$AAe?$AAn?$AAi?$AAe?$AAd?$AA?$AA@ 0000000000006c88     EfiShellLib:Misc.obj
 0002:00001f48       ??_C@_1BI@JIAAMNOB@?$AAN?$AAo?$AA?5?$AAR?$AAe?$AAs?$AAp?$AAo?$AAn?$AAs?$AAe?$AA?$AA@ 0000000000006ca8     EfiShellLib:Misc.obj
 0002:00001f60       ??_C@_1BG@OHLJONME@?$AAN?$AAo?$AA?5?$AAM?$AAa?$AAp?$AAp?$AAi?$AAn?$AAg?$AA?$AA@ 0000000000006cc0     EfiShellLib:Misc.obj
 0002:00001f78       ??_C@_1BC@GINMNENH@?$AAT?$AAi?$AAm?$AAe?$AA?5?$AAO?$AAu?$AAt?$AA?$AA@ 0000000000006cd8     EfiShellLib:Misc.obj
 0002:00001f90       ??_C@_1BI@MNIOFEEM@?$AAN?$AAo?$AAt?$AA?5?$AAS?$AAt?$AAa?$AAr?$AAt?$AAe?$AAd?$AA?$AA@ 0000000000006cf0     EfiShellLib:Misc.obj
 0002:00001fa8       ??_C@_1CA@CNMNDJCM@?$AAA?$AAl?$AAr?$AAe?$AAa?$AAd?$AAy?$AA?5?$AAS?$AAt?$AAa?$AAr?$AAt?$AAe?$AAd?$AA?$AA@ 0000000000006d08     EfiShellLib:Misc.obj
 0002:00001fc8       ??_C@_1BA@JCPMFPEO@?$AAA?$AAb?$AAo?$AAr?$AAt?$AAe?$AAd?$AA?$AA@ 0000000000006d28     EfiShellLib:Misc.obj
 0002:00001fd8       ??_C@_1BG@GJCEBLMD@?$AAI?$AAC?$AAM?$AAP?$AA?5?$AAE?$AAr?$AAr?$AAo?$AAr?$AA?$AA@ 0000000000006d38     EfiShellLib:Misc.obj
 0002:00001ff0       ??_C@_1BG@MPDDBEKI@?$AAT?$AAF?$AAT?$AAP?$AA?5?$AAE?$AAr?$AAr?$AAo?$AAr?$AA?$AA@ 0000000000006d50     EfiShellLib:Misc.obj
 0002:00002008       ??_C@_1BO@MGICIKC@?$AAP?$AAr?$AAo?$AAt?$AAo?$AAc?$AAo?$AAl?$AA?5?$AAE?$AAr?$AAr?$AAo?$AAr?$AA?$AA@ 0000000000006d68     EfiShellLib:Misc.obj
 0002:00002028       ??_C@_1CM@OIKNIHHI@?$AAW?$AAa?$AAr?$AAn?$AAi?$AAn?$AAg?$AA?5?$AAU?$AAn?$AAk?$AAn?$AAo?$AAw?$AAn?$AA?5?$AAG?$AAl?$AAy?$AAp?$AAh?$AA?$AA@ 0000000000006d88     EfiShellLib:Misc.obj
 0002:00002058       ??_C@_1CO@MFHEGPPN@?$AAW?$AAa?$AAr?$AAn?$AAi?$AAn?$AAg?$AA?5?$AAD?$AAe?$AAl?$AAe?$AAt?$AAe?$AA?5?$AAF?$AAa?$AAi?$AAl?$AAu?$AAr?$AAe?$AA?$AA@ 0000000000006db8     EfiShellLib:Misc.obj
 0002:00002088       ??_C@_1CM@FKHEOEHO@?$AAW?$AAa?$AAr?$AAn?$AAi?$AAn?$AAg?$AA?5?$AAW?$AAr?$AAi?$AAt?$AAe?$AA?5?$AAF?$AAa?$AAi?$AAl?$AAu?$AAr?$AAe?$AA?$AA@ 0000000000006de8     EfiShellLib:Misc.obj
 0002:000020b8       ??_C@_1DC@LAAGMHGB@?$AAW?$AAa?$AAr?$AAn?$AAi?$AAn?$AAg?$AA?5?$AAB?$AAu?$AAf?$AAf?$AAe?$AAr?$AA?5?$AAT?$AAo?$AAo?$AA?5?$AAS?$AAm?$AAa?$AAl?$AAl?$AA?$AA@ 0000000000006e18     EfiShellLib:Misc.obj
 0002:000020f0       ??_C@_1CK@CPNEFGBF@?$AAI?$AAn?$AAc?$AAo?$AAm?$AAp?$AAa?$AAt?$AAi?$AAb?$AAl?$AAe?$AA?5?$AAV?$AAe?$AAr?$AAs?$AAi?$AAo?$AAn?$AA?$AA@ 0000000000006e50     EfiShellLib:Misc.obj
 0002:00002120       ??_C@_1CG@CONBDECJ@?$AAS?$AAe?$AAc?$AAu?$AAr?$AAi?$AAt?$AAy?$AA?5?$AAV?$AAi?$AAo?$AAl?$AAa?$AAt?$AAi?$AAo?$AAn?$AA?$AA@ 0000000000006e80     EfiShellLib:Misc.obj
 0002:00002148       ??_C@_1BE@LNMOCCLF@?$AAC?$AAR?$AAC?$AA?5?$AAE?$AAr?$AAr?$AAo?$AAr?$AA?$AA@ 0000000000006ea8     EfiShellLib:Misc.obj
 0002:00002160       ??_C@_1CE@OCFFKMII@?$AAN?$AAo?$AAt?$AA?5?$AAA?$AAv?$AAa?$AAi?$AAl?$AAa?$AAb?$AAl?$AAe?$AA?5?$AAY?$AAe?$AAt?$AA?$AA@ 0000000000006ec0     EfiShellLib:Misc.obj
 0002:00002188       ??_C@_1BK@BJJGPOPI@?$AAU?$AAn?$AAl?$AAo?$AAa?$AAd?$AA?5?$AAI?$AAm?$AAa?$AAg?$AAe?$AA?$AA@ 0000000000006ee8     EfiShellLib:Misc.obj
 0002:000021a8       ??_C@_1DM@HHKGEKOD@?$AAW?$AAa?$AAr?$AAn?$AAi?$AAn?$AAg?$AA?5?$AAR?$AAe?$AAt?$AAu?$AAr?$AAn?$AA?5?$AAF?$AAr?$AAo?$AAm?$AA?5?$AAL?$AAo?$AAn?$AAg?$AA?5?$AAJ?$AAu?$AAm?$AAp?$AA?$AA@ 0000000000006f08     EfiShellLib:Misc.obj
 0002:000021e4       ??_C@_15BHOFONJE@?$AA?$CF?$AAX?$AA?$AA@ 0000000000006f44     EfiShellLib:Misc.obj
 0002:000021f0       ??_C@_1DI@JHANLOAN@?$AA?$CF?$AA0?$AA2?$AAd?$AA?1?$AA?$CF?$AA0?$AA2?$AAd?$AA?1?$AA?$CF?$AA0?$AA2?$AAd?$AA?5?$AA?5?$AA?$CF?$AA0?$AA2?$AAd?$AA?3?$AA?$CF?$AA0?$AA2?$AAd?$AA?$CF?$AAc?$AA?$AA@ 0000000000006f50     EfiShellLib:Misc.obj
 0002:00002228       ??_C@_00CNPNBAHC@?$AA@     0000000000006f88     EfiShellLib:Misc.obj
 0002:0000222c       ??_C@_03LKLGDMJI@eng?$AA@  0000000000006f8c     EfiShellLib:Misc.obj
 0002:00002230       ??_C@_05JJLPJMLG@en?9US?$AA@ 0000000000006f90     EfiShellLib:Misc.obj
 0002:00002238       ca                         0000000000006f98     EfiShellLib:Misc.obj
 0002:00002250       ??_C@_1BG@MDAPCJEC@?$AAP?$AAc?$AAi?$AA?$CI?$AA?$CF?$AAx?$AA?$HM?$AA?$CF?$AAx?$AA?$CJ?$AA?$AA@ 0000000000006fb0     EfiShellLib:DPath.obj
 0002:00002268       ??_C@_1CG@GFOOBBGG@?$AAP?$AAc?$AAc?$AAa?$AAr?$AAd?$AA?$CI?$AAF?$AAu?$AAn?$AAc?$AAt?$AAi?$AAo?$AAn?$AA?$CF?$AAx?$AA?$CJ?$AA?$AA@ 0000000000006fc8     EfiShellLib:DPath.obj
 0002:00002290       ??_C@_1CG@COPCJGED@?$AAM?$AAe?$AAm?$AAM?$AAa?$AAp?$AA?$CI?$AA?$CF?$AAd?$AA?3?$AA?$CF?$AAl?$AAx?$AA?9?$AA?$CF?$AAl?$AAx?$AA?$CJ?$AA?$AA@ 0000000000006ff0     EfiShellLib:DPath.obj
 0002:000022b8       ??_C@_1BC@EGKCLGKB@?$AAC?$AAt?$AAr?$AAl?$AA?$CI?$AA?$CF?$AAd?$AA?$CJ?$AA?$AA@ 0000000000007018     EfiShellLib:DPath.obj
 0002:000022cc       ??_C@_15FLNOEOHI@?$AAH?$AAw?$AA?$AA@ 000000000000702c     EfiShellLib:DPath.obj
 0002:000022d8       ??_C@_17DACEHHP@?$AAM?$AAs?$AAg?$AA?$AA@ 0000000000007038     EfiShellLib:DPath.obj
 0002:000022e0       ??_C@_1BI@PHHNEBMB@?$AAV?$AAe?$AAn?$AAP?$AAc?$AAA?$AAn?$AAs?$AAi?$AA?$CI?$AA?$CJ?$AA?$AA@ 0000000000007040     EfiShellLib:DPath.obj
 0002:000022f8       ??_C@_1BG@IAIKNGNN@?$AAV?$AAe?$AAn?$AAV?$AAt?$AA1?$AA0?$AA0?$AA?$CI?$AA?$CJ?$AA?$AA@ 0000000000007058     EfiShellLib:DPath.obj
 0002:00002310       ??_C@_1BO@COEKAAEN@?$AAV?$AAe?$AAn?$AAV?$AAt?$AA1?$AA0?$AA0?$AAP?$AAl?$AAu?$AAs?$AA?$CI?$AA?$CJ?$AA?$AA@ 0000000000007070     EfiShellLib:DPath.obj
 0002:00002330       ??_C@_1BE@EAENEGNC@?$AAV?$AAe?$AAn?$AAU?$AAf?$AAt?$AA8?$AA?$CI?$AA?$CJ?$AA?$AA@ 0000000000007090     EfiShellLib:DPath.obj
 0002:00002348       ??_C@_19KLMLHLJG@?$AAN?$AAo?$AAn?$AAe?$AA?$AA@ 00000000000070a8     EfiShellLib:DPath.obj
 0002:00002358       ??_C@_1CC@FKEHNDLA@?$AAU?$AAa?$AAr?$AAt?$AAF?$AAl?$AAo?$AAw?$AAC?$AAt?$AAr?$AAl?$AA?$CI?$AA?$CF?$AAs?$AA?$CJ?$AA?$AA@ 00000000000070b8     EfiShellLib:DPath.obj
 0002:00002380       ??_C@_1BC@MAICEHGI@?$AAH?$AAa?$AAr?$AAd?$AAw?$AAa?$AAr?$AAe?$AA?$AA@ 00000000000070e0     EfiShellLib:DPath.obj
 0002:00002398       ??_C@_1BA@NAMMFHHL@?$AAX?$AAo?$AAn?$AAX?$AAo?$AAf?$AAf?$AA?$AA@ 00000000000070f8     EfiShellLib:DPath.obj
 0002:000023a8       ??_C@_1CA@GPHPHMMO@?$AAS?$AAA?$AAS?$AA?$CI?$AA?$CF?$AAl?$AAx?$AA?0?$AA?$CF?$AAl?$AAx?$AA?0?$AA?$CF?$AAx?$AA?0?$AA?$AA@ 0000000000007108     EfiShellLib:DPath.obj
 0002:000023c8       ??_C@_1CE@FDCOMKL@?$AAN?$AAo?$AAT?$AAo?$AAp?$AAo?$AAl?$AAo?$AAg?$AAy?$AA?0?$AA0?$AA?0?$AA0?$AA?0?$AA0?$AA?0?$AA?$AA@ 0000000000007128     EfiShellLib:DPath.obj
 0002:000023f0       ??_C@_1BC@EEIMPKHO@?$AAE?$AAx?$AAp?$AAa?$AAn?$AAd?$AAe?$AAd?$AA?$AA@ 0000000000007150     EfiShellLib:DPath.obj
 0002:00002408       ??_C@_1O@MDCABJAO@?$AAD?$AAi?$AAr?$AAe?$AAc?$AAt?$AA?$AA@ 0000000000007168     EfiShellLib:DPath.obj
 0002:00002418       ??_C@_1BC@KMFBFJEN@?$AAE?$AAx?$AAt?$AAe?$AAr?$AAn?$AAa?$AAl?$AA?$AA@ 0000000000007178     EfiShellLib:DPath.obj
 0002:00002430       ??_C@_1BC@FBOHHDN@?$AAI?$AAn?$AAt?$AAe?$AAr?$AAn?$AAa?$AAl?$AA?$AA@ 0000000000007190     EfiShellLib:DPath.obj
 0002:00002448       ??_C@_19BPNGBNAI@?$AAS?$AAA?$AAT?$AAA?$AA?$AA@ 00000000000071a8     EfiShellLib:DPath.obj
 0002:00002458       ??_C@_17FMMIKNDG@?$AAS?$AAA?$AAS?$AA?$AA@ 00000000000071b8     EfiShellLib:DPath.obj
 0002:00002460       ??_C@_1BE@MLBJKAMN@?$AA?$CF?$AAs?$AA?0?$AA?$CF?$AAs?$AA?0?$AA?$CF?$AAs?$AA?0?$AA?$AA@ 00000000000071c0     EfiShellLib:DPath.obj
 0002:00002474       ??_C@_15KAKDEJHH@?$AA0?$AA?0?$AA?$AA@ 00000000000071d4     EfiShellLib:DPath.obj
 0002:00002480       ??_C@_17CGNONDIO@?$AA?$CF?$AAx?$AA?0?$AA?$AA@ 00000000000071e0     EfiShellLib:DPath.obj
 0002:00002488       ??_C@_1BC@MFEFEMOI@?$AA0?$AA?0?$AA0?$AA?0?$AA0?$AA?0?$AA0?$AA?0?$AA?$AA@ 00000000000071e8     EfiShellLib:DPath.obj
 0002:000024a0       ??_C@_17BBAACDLM@?$AA?$CF?$AAx?$AA?$CJ?$AA?$AA@ 0000000000007200     EfiShellLib:DPath.obj
 0002:000024a8       ??_C@_1BI@IHPCIEPJ@?$AAD?$AAe?$AAb?$AAu?$AAg?$AAP?$AAo?$AAr?$AAt?$AA?$CI?$AA?$CJ?$AA?$AA@ 0000000000007208     EfiShellLib:DPath.obj
 0002:000024c0       ??_C@_1M@OFOICAAP@?$AAM?$AAe?$AAd?$AAi?$AAa?$AA?$AA@ 0000000000007220     EfiShellLib:DPath.obj
 0002:000024cc       ??_C@_13HGPDMIBE@?$AA?$DP?$AA?$AA@ 000000000000722c     EfiShellLib:DPath.obj
 0002:000024d0       ??_C@_1BC@EAAHJKNI@?$AAV?$AAe?$AAn?$AA?$CF?$AAs?$AA?$CI?$AA?$CF?$AAg?$AA?$AA@ 0000000000007230     EfiShellLib:DPath.obj
 0002:000024e4       ??_C@_13DEFPDAGF@?$AA?0?$AA?$AA@ 0000000000007244     EfiShellLib:DPath.obj
 0002:000024e8       ??_C@_19NHPFCCLF@?$AA?$CF?$AA0?$AA2?$AAx?$AA?$AA@ 0000000000007248     EfiShellLib:DPath.obj
 0002:000024f4       ??_C@_13DIBMAFH@?$AA?$CJ?$AA?$AA@ 0000000000007254     EfiShellLib:DPath.obj
 0002:000024f8       ??_C@_1CC@FJOIFOI@?$AAA?$AAc?$AAp?$AAi?$AA?$CI?$AAP?$AAN?$AAP?$AA?$CF?$AA0?$AA4?$AAx?$AA?0?$AA?$CF?$AAx?$AA?$CJ?$AA?$AA@ 0000000000007258     EfiShellLib:DPath.obj
 0002:00002520       ??_C@_1BM@EKDANHGG@?$AAA?$AAc?$AAp?$AAi?$AA?$CI?$AA?$CF?$AA0?$AA8?$AAx?$AA?0?$AA?$CF?$AAx?$AA?$CJ?$AA?$AA@ 0000000000007280     EfiShellLib:DPath.obj
 0002:00002540       ??_C@_1BA@IJNMBDIJ@?$AAA?$AAc?$AAp?$AAi?$AAE?$AAx?$AA?$CI?$AA?$AA@ 00000000000072a0     EfiShellLib:DPath.obj
 0002:00002550       ??_C@_1BC@MBEODLHL@?$AAP?$AAN?$AAP?$AA?$CF?$AA0?$AA4?$AAx?$AA?0?$AA?$AA@ 00000000000072b0     EfiShellLib:DPath.obj
 0002:00002568       ??_C@_1M@DHPGMAKC@?$AA?$CF?$AA0?$AA8?$AAx?$AA?0?$AA?$AA@ 00000000000072c8     EfiShellLib:DPath.obj
 0002:00002578       ??_C@_17CAHIANN@?$AA?$CF?$AAa?$AA?0?$AA?$AA@ 00000000000072d8     EfiShellLib:DPath.obj
 0002:00002580       ??_C@_1M@OOAJBNEB@?$AAN?$AAU?$AAL?$AAL?$AA?0?$AA?$AA@ 00000000000072e0     EfiShellLib:DPath.obj
 0002:00002590       ??_C@_17DFNJHAOP@?$AA?$CF?$AAa?$AA?$CJ?$AA?$AA@ 00000000000072f0     EfiShellLib:DPath.obj
 0002:00002598       ??_C@_1M@NJNHONHD@?$AAN?$AAU?$AAL?$AAL?$AA?$CJ?$AA?$AA@ 00000000000072f8     EfiShellLib:DPath.obj
 0002:000025a8       ??_C@_1BG@PBGINCJO@?$AAA?$AAc?$AAp?$AAi?$AAA?$AAd?$AAr?$AA?$CI?$AA?$CF?$AAx?$AA?$AA@ 0000000000007308     EfiShellLib:DPath.obj
 0002:000025c0       ??_C@_17MNOOELHJ@?$AA?0?$AA?$CF?$AAx?$AA?$AA@ 0000000000007320     EfiShellLib:DPath.obj
 0002:000025c8       ??_C@_1M@MJNGBMFK@?$AAS?$AAl?$AAa?$AAv?$AAe?$AA?$AA@ 0000000000007328     EfiShellLib:DPath.obj
 0002:000025d8       ??_C@_1O@MHJLHGPK@?$AAM?$AAa?$AAs?$AAt?$AAe?$AAr?$AA?$AA@ 0000000000007338     EfiShellLib:DPath.obj
 0002:000025e8       ??_C@_1BE@BGLPHBHD@?$AAS?$AAe?$AAc?$AAo?$AAn?$AAd?$AAa?$AAr?$AAy?$AA?$AA@ 0000000000007348     EfiShellLib:DPath.obj
 0002:00002600       ??_C@_1BA@NGCDBIG@?$AAP?$AAr?$AAi?$AAm?$AAa?$AAr?$AAy?$AA?$AA@ 0000000000007360     EfiShellLib:DPath.obj
 0002:00002610       ??_C@_1BG@MJECHGPM@?$AAA?$AAt?$AAa?$AA?$CI?$AA?$CF?$AAs?$AA?0?$AA?$CF?$AAs?$AA?$CJ?$AA?$AA@ 0000000000007370     EfiShellLib:DPath.obj
 0002:00002628       ??_C@_1CE@KKBOILKH@?$AAS?$AAc?$AAs?$AAi?$AA?$CI?$AAP?$AAu?$AAn?$AA?$CF?$AAx?$AA?0?$AAL?$AAu?$AAn?$AA?$CF?$AAx?$AA?$CJ?$AA?$AA@ 0000000000007388     EfiShellLib:DPath.obj
 0002:00002650       ??_C@_1CK@MODBBGJP@?$AAF?$AAi?$AAb?$AAr?$AAe?$AA?$CI?$AAW?$AAw?$AAn?$AA?$CF?$AAl?$AAx?$AA?0?$AAL?$AAu?$AAn?$AA?$CF?$AAl?$AAx?$AA?$CJ?$AA?$AA@ 00000000000073b0     EfiShellLib:DPath.obj
 0002:00002680       ??_C@_1BE@GCELKCLM@?$AA1?$AA3?$AA9?$AA4?$AA?$CI?$AA?$CF?$AAl?$AAx?$AA?$CJ?$AA?$AA@ 00000000000073e0     EfiShellLib:DPath.obj
 0002:00002698       ??_C@_1BG@CMIDIAIB@?$AAU?$AAs?$AAb?$AA?$CI?$AA?$CF?$AAx?$AA?0?$AA?$CF?$AAx?$AA?$CJ?$AA?$AA@ 00000000000073f8     EfiShellLib:DPath.obj
 0002:000026b0       ??_C@_1DC@LJNIKMC@?$AAU?$AAs?$AAb?$AAW?$AAw?$AAi?$AAd?$AA?$CI?$AA?$CF?$AAx?$AA?0?$AA?$CF?$AAx?$AA?0?$AA?$CF?$AAx?$AA?0?$AA?$CC?$AAW?$AAW?$AAI?$AAD?$AA?$CC?$AA?$CJ?$AA?$AA@ 0000000000007410     EfiShellLib:DPath.obj
 0002:000026e8       ??_C@_1BC@CDGDIMON@?$AAU?$AAn?$AAi?$AAt?$AA?$CI?$AA?$CF?$AAx?$AA?$CJ?$AA?$AA@ 0000000000007448     EfiShellLib:DPath.obj
 0002:00002700       ??_C@_1DE@OFNCNPGK@?$AAU?$AAs?$AAb?$AA?5?$AAC?$AAl?$AAa?$AAs?$AAs?$AA?$CI?$AA?$CF?$AAx?$AA?0?$AA?$CF?$AAx?$AA?0?$AA?$CF?$AAx?$AA?0?$AA?$CF?$AAx?$AA?0?$AA?$CF?$AAx?$AA?$CJ?$AA?$AA@ 0000000000007460     EfiShellLib:DPath.obj
 0002:00002738       ??_C@_1BI@FAMJOHJC@?$AAS?$AAa?$AAt?$AAa?$AA?$CI?$AA?$CF?$AAx?$AA?0?$AA?$CF?$AAx?$AA?$CJ?$AA?$AA@ 0000000000007498     EfiShellLib:DPath.obj
 0002:00002750       ??_C@_1BO@MAFHOLNF@?$AAS?$AAa?$AAt?$AAa?$AA?$CI?$AA?$CF?$AAx?$AA?0?$AA?$CF?$AAx?$AA?0?$AA?$CF?$AAx?$AA?$CJ?$AA?$AA@ 00000000000074b0     EfiShellLib:DPath.obj
 0002:00002770       ??_C@_1BA@DPFJKEBI@?$AAI?$AA2?$AAO?$AA?$CI?$AA?$CF?$AAx?$AA?$CJ?$AA?$AA@ 00000000000074d0     EfiShellLib:DPath.obj
 0002:00002780       ??_C@_19IAJGEBJJ@?$AAM?$AAa?$AAc?$AA?$CI?$AA?$AA@ 00000000000074e0     EfiShellLib:DPath.obj
 0002:00002790       ??_C@_1CK@LDLKDNE@?$AAI?$AAP?$AAv?$AA4?$AA?$CI?$AA?$CF?$AAd?$AA?4?$AA?$CF?$AAd?$AA?4?$AA?$CF?$AAd?$AA?4?$AA?$CF?$AAd?$AA?3?$AA?$CF?$AAd?$AA?$CJ?$AA?$AA@ 00000000000074f0     EfiShellLib:DPath.obj
 0002:000027c0       ??_C@_1JM@HHADDJKA@?$AAI?$AAP?$AAv?$AA6?$AA?$CI?$AA?$CF?$AA0?$AA2?$AAx?$AA?$CF?$AA0?$AA2?$AAx?$AA?3?$AA?$CF?$AA0?$AA2?$AAx?$AA?$CF?$AA0?$AA2?$AAx?$AA?3?$AA?$CF?$AA0?$AA2?$AAx?$AA?$CF?$AA0?$AA2?$AAx?$AA?3@ 0000000000007520     EfiShellLib:DPath.obj
 0002:00002860       ??_C@_1DM@EGNCJEEH@?$AAI?$AAn?$AAf?$AAi?$AAn?$AAi?$AAb?$AAa?$AAn?$AAd?$AA?$CI?$AA?$CF?$AAx?$AA?0?$AA?$CF?$AAg?$AA?0?$AA?$CF?$AAl?$AAx?$AA?0?$AA?$CF?$AAl?$AAx?$AA?0?$AA?$CF?$AAl?$AAx?$AA?$CJ?$AA?$AA@ 00000000000075c0     EfiShellLib:DPath.obj
 0002:000028a0       ??_C@_1CC@CELNAJLC@?$AAU?$AAa?$AAr?$AAt?$AA?$CI?$AAD?$AAE?$AAF?$AAA?$AAU?$AAL?$AAT?$AA?0?$AA?$CF?$AAc?$AA?0?$AA?$AA@ 0000000000007600     EfiShellLib:DPath.obj
 0002:000028c8       ??_C@_1BK@MEBKLFKJ@?$AAU?$AAa?$AAr?$AAt?$AA?$CI?$AA?$CF?$AAl?$AAd?$AA?0?$AA?$CF?$AAc?$AA?0?$AA?$AA@ 0000000000007628     EfiShellLib:DPath.obj
 0002:000028e4       ??_C@_15DABAAGKA@?$AAD?$AA?0?$AA?$AA@ 0000000000007644     EfiShellLib:DPath.obj
 0002:000028f0       ??_C@_17FCMKBBGO@?$AA?$CF?$AAd?$AA?0?$AA?$AA@ 0000000000007650     EfiShellLib:DPath.obj
 0002:000028f8       ??_C@_15HMOPGJC@?$AAD?$AA?$CJ?$AA?$AA@ 0000000000007658     EfiShellLib:DPath.obj
 0002:00002900       ??_C@_15FMCBGKOA@?$AA1?$AA?$CJ?$AA?$AA@ 0000000000007660     EfiShellLib:DPath.obj
 0002:00002908       ??_C@_19PODFHIEB@?$AA1?$AA?4?$AA5?$AA?$CJ?$AA?$AA@ 0000000000007668     EfiShellLib:DPath.obj
 0002:00002914       ??_C@_15NKLFBIEO@?$AA2?$AA?$CJ?$AA?$AA@ 0000000000007674     EfiShellLib:DPath.obj
 0002:0000291c       ??_C@_15HEHGDBEE@?$AAx?$AA?$CJ?$AA?$AA@ 000000000000767c     EfiShellLib:DPath.obj
 0002:00002928       ??_C@_1CC@CJFHLJEJ@?$AAi?$AAS?$AAC?$AAS?$AAI?$AA?$CI?$AA?$CF?$AAa?$AA?0?$AA?$CF?$AAx?$AA?0?$AA?$CF?$AAl?$AAx?$AA?0?$AA?$AA@ 0000000000007688     EfiShellLib:DPath.obj
 0002:00002950       ??_C@_1O@HNAACJMJ@?$AAC?$AAR?$AAC?$AA3?$AA2?$AAC?$AA?$AA@ 00000000000076b0     EfiShellLib:DPath.obj
 0002:00002960       ??_C@_17EMBJCDEN@?$AA?$CF?$AAs?$AA?0?$AA?$AA@ 00000000000076c0     EfiShellLib:DPath.obj
 0002:00002968       ??_C@_1BC@PDNIOEEC@?$AAC?$AAH?$AAA?$AAP?$AA_?$AAU?$AAN?$AAI?$AA?$AA@ 00000000000076c8     EfiShellLib:DPath.obj
 0002:00002980       ??_C@_1BA@FMEKDPAI@?$AAC?$AAH?$AAA?$AAP?$AA_?$AAB?$AAI?$AA?$AA@ 00000000000076e0     EfiShellLib:DPath.obj
 0002:00002990       ??_C@_17JHAKKMK@?$AAT?$AAC?$AAP?$AA?$AA@ 00000000000076f0     EfiShellLib:DPath.obj
 0002:00002998       ??_C@_1BC@EFEBCBGB@?$AAr?$AAe?$AAs?$AAe?$AAr?$AAv?$AAe?$AAd?$AA?$AA@ 00000000000076f8     EfiShellLib:DPath.obj
 0002:000029b0       ??_C@_17HLMHNDHP@?$AA?$CF?$AAs?$AA?$CJ?$AA?$AA@ 0000000000007710     EfiShellLib:DPath.obj
 0002:000029b8       ??_C@_1CG@MHDAEBAF@?$AAH?$AAD?$AA?$CI?$AAP?$AAa?$AAr?$AAt?$AA?$CF?$AAd?$AA?0?$AAS?$AAi?$AAg?$AA?$CF?$AA0?$AA8?$AAx?$AA?$CJ?$AA?$AA@ 0000000000007718     EfiShellLib:DPath.obj
 0002:000029e0       ??_C@_1CC@NAGEKGEL@?$AAH?$AAD?$AA?$CI?$AAP?$AAa?$AAr?$AAt?$AA?$CF?$AAd?$AA?0?$AAS?$AAi?$AAg?$AA?$CF?$AAg?$AA?$CJ?$AA?$AA@ 0000000000007740     EfiShellLib:DPath.obj
 0002:00002a10       ??_C@_1EK@POFNMKP@?$AAH?$AAD?$AA?$CI?$AAP?$AAa?$AAr?$AAt?$AA?$CF?$AAd?$AA?0?$AAM?$AAB?$AAR?$AAT?$AAy?$AAp?$AAe?$AA?$DN?$AA?$CF?$AA0?$AA2?$AAx?$AA?0?$AAS?$AAi?$AAg?$AAT?$AAy?$AAp?$AAe?$AA?$DN?$AA?$CF@ 0000000000007770     EfiShellLib:DPath.obj
 0002:00002a60       ??_C@_1BO@DEBMLHDP@?$AAC?$AAD?$AAR?$AAO?$AAM?$AA?$CI?$AAE?$AAn?$AAt?$AAr?$AAy?$AA?$CF?$AAx?$AA?$CJ?$AA?$AA@ 00000000000077c0     EfiShellLib:DPath.obj
 0002:00002a80       ??_C@_1BE@CJGJAKDA@?$AAM?$AAe?$AAd?$AAi?$AAa?$AA?$CI?$AA?$CF?$AAg?$AA?$CJ?$AA?$AA@ 00000000000077e0     EfiShellLib:DPath.obj
 0002:00002a94       ??_C@_15LPKNAFGD@?$AA?$CF?$AAg?$AA?$AA@ 00000000000077f4     EfiShellLib:DPath.obj
 0002:00002aa0       ??_C@_1CA@CBMMHFH@?$AAO?$AAf?$AAf?$AAs?$AAe?$AAt?$AA?$CI?$AA?$CF?$AAl?$AAx?$AA?0?$AA?$CF?$AAl?$AAx?$AA?$CJ?$AA?$AA@ 0000000000007800     EfiShellLib:DPath.obj
 0002:00002ac0       ??_C@_1O@CLMODHEM@?$AAF?$AAl?$AAo?$AAp?$AAp?$AAy?$AA?$AA@ 0000000000007820     EfiShellLib:DPath.obj
 0002:00002ad0       ??_C@_1BE@FKOIKKIA@?$AAH?$AAa?$AAr?$AAd?$AAd?$AAr?$AAi?$AAv?$AAe?$AA?$AA@ 0000000000007830     EfiShellLib:DPath.obj
 0002:00002ae8       ??_C@_1M@NEPFDHKI@?$AAC?$AAD?$AAR?$AAO?$AAM?$AA?$AA@ 0000000000007848     EfiShellLib:DPath.obj
 0002:00002af8       ??_C@_1O@IJBLAFEH@?$AAP?$AAC?$AAM?$AAC?$AAI?$AAA?$AA?$AA@ 0000000000007858     EfiShellLib:DPath.obj
 0002:00002b08       ??_C@_17JLICJNND@?$AAU?$AAs?$AAb?$AA?$AA@ 0000000000007868     EfiShellLib:DPath.obj
 0002:00002b10       ??_C@_17BKKOFJGL@?$AAN?$AAe?$AAt?$AA?$AA@ 0000000000007870     EfiShellLib:DPath.obj
 0002:00002b18       ??_C@_17EAJGCOKH@?$AAB?$AAE?$AAV?$AA?$AA@ 0000000000007878     EfiShellLib:DPath.obj
 0002:00002b20       ??_C@_1BG@MFLOOMBA@?$AAB?$AAB?$AAS?$AA?9?$AA?$CF?$AAs?$AA?$CI?$AA?$CF?$AAa?$AA?$CJ?$AA?$AA@ 0000000000007880     EfiShellLib:DPath.obj
 0002:00002b38       ??_C@_1O@HJJPOOCL@?$AAF?$AAv?$AA?$CI?$AA?$CF?$AAg?$AA?$CJ?$AA?$AA@ 0000000000007898     EfiShellLib:DPath.obj
 0002:00002b48       ??_C@_13CGOKJPIL@?$AA?1?$AA?$AA@ 00000000000078a8     EfiShellLib:DPath.obj
 0002:00002b4c       ??_C@_06OJHGLDPL@?$CInull?$CJ?$AA@ 00000000000078ac     EfiShellLib:IO.obj
 0002:00002b58       ??_C@_1O@CEDCILHN@?$AA?$CI?$AAn?$AAu?$AAl?$AAl?$AA?$CJ?$AA?$AA@ 00000000000078b8     EfiShellLib:IO.obj
 0002:00002b70       ??_C@_1EM@PFLICCFE@?$AAP?$AAr?$AAe?$AAs?$AAs?$AA?5?$AAE?$AAN?$AAT?$AAE?$AAR?$AA?5?$AAt?$AAo?$AA?5?$AAc?$AAo?$AAn?$AAt?$AAi?$AAn?$AAu?$AAe?$AA?0?$AA?5?$AA?8?$AAq?$AA?8?$AA?5?$AAt?$AAo?$AA?5@ 00000000000078d0     EfiShellLib:IO.obj
 0002:00002bbc       ??_C@_15JNBOKNOG@?$AA?$AN?$AA?6?$AA?$AA@ 000000000000791c     EfiShellLib:IO.obj
 0002:00002be8       HiiInitialized             0000000000007948     EfiShellLib:Init.obj
 0002:00002bf0       HiiLibHandle               0000000000007950     EfiShellLib:Init.obj
 0002:00002bf8       NumStrings                 0000000000007958     EfiShellLib:Init.obj
 0002:00002c00       ShellLibInitialized        0000000000007960     EfiShellLib:Data.obj
 0002:00002c08       gLibHiiDatabase            0000000000007968     EfiShellLib:HiiSupport.obj
 0002:00002c10       gLibHiiString              0000000000007970     EfiShellLib:HiiSupport.obj
 0002:00002c18       mHiiProtocolsInitialized   0000000000007978     EfiShellLib:HiiSupport.obj
 0002:00002c20       RT                         0000000000007980     <common>
 0002:00002c40       mPrintMode                 00000000000079a0     <common>
 0002:00002c78       SE                         00000000000079d8     <common>
 0002:00002c80       ST                         00000000000079e0     <common>
 0002:00002c88       SE2                        00000000000079e8     <common>
 0002:00002c90       BS                         00000000000079f0     <common>
 0002:00002c98       SI                         00000000000079f8     <common>
 0002:00002ca0       HiiHandle                  0000000000007a00     <common>

 entry point at        0001:00000000

 Static symbols

 0002:00002240       Hex                        0000000000006fa0     EfiShellLib:Misc.obj
 0002:00002be0       mShellEnv                  0000000000007940     EfiShellLib:Misc.obj
 0003:00000000       $pdata$DriversMain         0000000000007a20     Drivers:drivers.obj
 0003:0000000c       $pdata$LibCheckVarGetFlag  0000000000007a2c     EfiShellLib:VarCheck.obj
 0003:00000018       $pdata$LibCheckVariables   0000000000007a38     EfiShellLib:VarCheck.obj
 0003:00000024       $pdata$LibGetVariableAndSize 0000000000007a44     EfiShellLib:Misc.obj
 0003:00000030       $pdata$GrowBuffer          0000000000007a50     EfiShellLib:Misc.obj
 0003:0000003c       $pdata$GuidToString        0000000000007a5c     EfiShellLib:Misc.obj
 0003:00000048       $pdata$ValueToString       0000000000007a68     EfiShellLib:Misc.obj
 0003:00000054       $pdata$LibGetCommandLineLanguage 0000000000007a74     EfiShellLib:Misc.obj
 0003:00000060       $pdata$GetBestLanguage     0000000000007a80     EfiShellLib:Misc.obj
 0003:0000006c       $pdata$LibSelectBestLanguage 0000000000007a8c     EfiShellLib:Misc.obj
 0003:00000078       $pdata$GetComponentNameWorker 0000000000007a98     EfiShellLib:Misc.obj
 0003:00000084       $pdata$LibGetDriverName    0000000000007aa4     EfiShellLib:Misc.obj
 0003:00000090       $pdata$InitializeUnicodeCollationSupportWorker 0000000000007ab0     EfiShellLib:Init.obj
 0003:0000009c       $pdata$LibInitializeStrings 0000000000007abc     EfiShellLib:Init.obj
 0003:000000a8       $pdata$LibInitializeShellApplication 0000000000007ac8     EfiShellLib:Init.obj
 0003:000000b4       $pdata$LibLocateHandle     0000000000007ad4     EfiShellLib:Handle.obj
 0003:000000c0       $pdata$ShellHandleToIndex  0000000000007ae0     EfiShellLib:Handle.obj
 0003:000000cc       $pdata$LibScanHandleDatabase 0000000000007aec     EfiShellLib:Handle.obj
 0003:000000d8       $pdata$LibGetHandleDatabaseSubset 0000000000007af8     EfiShellLib:Handle.obj
 0003:000000e4       $pdata$LibLocateProtocol   0000000000007b04     EfiShellLib:Handle.obj
 0003:000000f0       $pdata$MetaMatch           0000000000007b10     EfiShellLib:Str.obj
 0003:000000fc       $pdata$AllocatePool        0000000000007b1c     EfiShellLib:Mem.obj
 0003:00000108       $pdata$ReallocatePool      0000000000007b28     EfiShellLib:Mem.obj
 0003:00000114       $pdata$AllocateZeroPool    0000000000007b34     EfiShellLib:Mem.obj
 0003:00000120       $pdata$UnpackDevicePath    0000000000007b40     EfiShellLib:DPath.obj
 0003:0000012c       $pdata$_DevPathMemMap      0000000000007b4c     EfiShellLib:DPath.obj
 0003:00000138       $pdata$_DevPathVendor      0000000000007b58     EfiShellLib:DPath.obj
 0003:00000144       $pdata$_DevPathExtendedAcpi 0000000000007b64     EfiShellLib:DPath.obj
 0003:00000150       $pdata$_DevPathAdrAcpi     0000000000007b70     EfiShellLib:DPath.obj
 0003:0000015c       $pdata$_DevPathUsbWWID     0000000000007b7c     EfiShellLib:DPath.obj
 0003:00000168       $pdata$_DevPathUsbClass    0000000000007b88     EfiShellLib:DPath.obj
 0003:00000174       $pdata$_DevPathSata        0000000000007b94     EfiShellLib:DPath.obj
 0003:00000180       $pdata$_DevPathMacAddr     0000000000007ba0     EfiShellLib:DPath.obj
 0003:0000018c       $pdata$_DevPathIPv4        0000000000007bac     EfiShellLib:DPath.obj
 0003:00000198       $pdata$_DevPathIPv6        0000000000007bb8     EfiShellLib:DPath.obj
 0003:000001a4       $pdata$_DevPathInfiniBand  0000000000007bc4     EfiShellLib:DPath.obj
 0003:000001b0       $pdata$_DevPathUart        0000000000007bd0     EfiShellLib:DPath.obj
 0003:000001bc       $pdata$_DevPathiSCSI       0000000000007bdc     EfiShellLib:DPath.obj
 0003:000001c8       $pdata$_DevPathHardDrive   0000000000007be8     EfiShellLib:DPath.obj
 0003:000001d4       $pdata$_DevPathFilePath    0000000000007bf4     EfiShellLib:DPath.obj
 0003:000001e0       $pdata$_SPrint             0000000000007c00     EfiShellLib:IO.obj
 0003:000001ec       $pdata$_PoolCatPrint       0000000000007c0c     EfiShellLib:IO.obj
 0003:000001f8       $pdata$SPrint              0000000000007c18     EfiShellLib:IO.obj
 0003:00000204       $pdata$Print               0000000000007c24     EfiShellLib:IO.obj
 0003:00000210       $pdata$PrintToken          0000000000007c30     EfiShellLib:IO.obj
 0003:0000021c       $pdata$CatPrint            0000000000007c3c     EfiShellLib:IO.obj
 0003:00000228       $pdata$_IPrint             0000000000007c48     EfiShellLib:IO.obj
 0003:00000234       $pdata$PFLUSH              0000000000007c54     EfiShellLib:IO.obj
 0003:00000240       $pdata$PSETATTR            0000000000007c60     EfiShellLib:IO.obj
 0003:0000024c       $pdata$PPUTC               0000000000007c6c     EfiShellLib:IO.obj
 0003:00000258       $pdata$PITEM               0000000000007c78     EfiShellLib:IO.obj
 0003:00000264       $pdata$_Print              0000000000007c84     EfiShellLib:IO.obj
 0003:00000270       $pdata$SetPageBreak        0000000000007c90     EfiShellLib:IO.obj
 0003:0000027c       $pdata$IFlushWithPageBreak 0000000000007c9c     EfiShellLib:IO.obj
 0003:00000288       $pdata$_PoolPrint          0000000000007ca8     EfiShellLib:IO.obj
 0003:00000294       $pdata$LocateHiiProtocols  0000000000007cb4     EfiShellLib:HiiSupport.obj
 0003:000002a0       $pdata$PreparePackageList  0000000000007cc0     EfiShellLib:HiiSupport.obj
 0003:000002ac       $pdata$LibGetString        0000000000007ccc     EfiShellLib:HiiSupport.obj
 0004:00000000       $unwind$DriversMain        0000000000007ce0     Drivers:drivers.obj
 0004:0000001c       $unwind$LibCheckVarGetFlag 0000000000007cfc     EfiShellLib:VarCheck.obj
 0004:0000001c       $unwind$UnpackDevicePath   0000000000007cfc     EfiShellLib:DPath.obj
 0004:0000001c       $unwind$_DevPathUart       0000000000007cfc     EfiShellLib:DPath.obj
 0004:0000001c       $unwind$PPUTC              0000000000007cfc     EfiShellLib:IO.obj
 0004:0000001c       $unwind$PSETATTR           0000000000007cfc     EfiShellLib:IO.obj
 0004:00000028       $unwind$LibCheckVariables  0000000000007d08     EfiShellLib:VarCheck.obj
 0004:00000040       $unwind$LibGetVariableAndSize 0000000000007d20     EfiShellLib:Misc.obj
 0004:00000050       $unwind$GrowBuffer         0000000000007d30     EfiShellLib:Misc.obj
 0004:00000050       $unwind$_DevPathMacAddr    0000000000007d30     EfiShellLib:DPath.obj
 0004:00000050       $unwind$ReallocatePool     0000000000007d30     EfiShellLib:Mem.obj
 0004:00000050       $unwind$_DevPathFilePath   0000000000007d30     EfiShellLib:DPath.obj
 0004:00000064       $unwind$GuidToString       0000000000007d44     EfiShellLib:Misc.obj
 0004:0000007c       $unwind$ValueToString      0000000000007d5c     EfiShellLib:Misc.obj
 0004:00000084       $unwind$LibGetCommandLineLanguage 0000000000007d64     EfiShellLib:Misc.obj
 0004:00000084       $unwind$_DevPathAdrAcpi    0000000000007d64     EfiShellLib:DPath.obj
 0004:00000084       $unwind$_PoolPrint         0000000000007d64     EfiShellLib:IO.obj
 0004:00000094       $unwind$GetBestLanguage    0000000000007d74     EfiShellLib:Misc.obj
 0004:000000a4       $unwind$LibSelectBestLanguage 0000000000007d84     EfiShellLib:Misc.obj
 0004:000000b4       $unwind$GetComponentNameWorker 0000000000007d94     EfiShellLib:Misc.obj
 0004:000000c8       $unwind$InitializeUnicodeCollationSupportWorker 0000000000007da8     EfiShellLib:Init.obj
 0004:000000c8       $unwind$LibGetDriverName   0000000000007da8     EfiShellLib:Misc.obj
 0004:000000dc       $unwind$LibInitializeStrings 0000000000007dbc     EfiShellLib:Init.obj
 0004:000000e8       $unwind$LibInitializeShellApplication 0000000000007dc8     EfiShellLib:Init.obj
 0004:000000f8       $unwind$LibLocateHandle    0000000000007dd8     EfiShellLib:Handle.obj
 0004:0000010c       $unwind$ShellHandleToIndex 0000000000007dec     EfiShellLib:Handle.obj
 0004:00000120       $unwind$LibScanHandleDatabase 0000000000007e00     EfiShellLib:Handle.obj
 0004:00000138       $unwind$LibGetHandleDatabaseSubset 0000000000007e18     EfiShellLib:Handle.obj
 0004:0000014c       $unwind$LibLocateProtocol  0000000000007e2c     EfiShellLib:Handle.obj
 0004:00000160       $unwind$MetaMatch          0000000000007e40     EfiShellLib:Str.obj
 0004:00000170       $unwind$AllocatePool       0000000000007e50     EfiShellLib:Mem.obj
 0004:00000170       $unwind$LocateHiiProtocols 0000000000007e50     EfiShellLib:HiiSupport.obj
 0004:00000178       $unwind$_SPrint            0000000000007e58     EfiShellLib:IO.obj
 0004:00000178       $unwind$AllocateZeroPool   0000000000007e58     EfiShellLib:Mem.obj
 0004:00000180       $unwind$_DevPathSata       0000000000007e60     EfiShellLib:DPath.obj
 0004:00000180       $unwind$_DevPathUsbWWID    0000000000007e60     EfiShellLib:DPath.obj
 0004:00000180       $unwind$_DevPathHardDrive  0000000000007e60     EfiShellLib:DPath.obj
 0004:00000180       $unwind$_DevPathMemMap     0000000000007e60     EfiShellLib:DPath.obj
 0004:00000188       $unwind$_DevPathVendor     0000000000007e68     EfiShellLib:DPath.obj
 0004:00000188       $unwind$_DevPathiSCSI      0000000000007e68     EfiShellLib:DPath.obj
 0004:000001a0       $unwind$_DevPathExtendedAcpi 0000000000007e80     EfiShellLib:DPath.obj
 0004:000001a0       $unwind$PITEM              0000000000007e80     EfiShellLib:IO.obj
 0004:000001b8       $unwind$_DevPathUsbClass   0000000000007e98     EfiShellLib:DPath.obj
 0004:000001b8       $unwind$_DevPathInfiniBand 0000000000007e98     EfiShellLib:DPath.obj
 0004:000001b8       $unwind$_DevPathIPv4       0000000000007e98     EfiShellLib:DPath.obj
 0004:000001c0       $unwind$_DevPathIPv6       0000000000007ea0     EfiShellLib:DPath.obj
 0004:000001dc       $unwind$_PoolCatPrint      0000000000007ebc     EfiShellLib:IO.obj
 0004:000001e4       $unwind$SPrint             0000000000007ec4     EfiShellLib:IO.obj
 0004:000001f0       $unwind$Print              0000000000007ed0     EfiShellLib:IO.obj
 0004:000001f8       $unwind$PrintToken         0000000000007ed8     EfiShellLib:IO.obj
 0004:00000204       $unwind$CatPrint           0000000000007ee4     EfiShellLib:IO.obj
 0004:0000020c       $unwind$_IPrint            0000000000007eec     EfiShellLib:IO.obj
 0004:00000218       $unwind$PFLUSH             0000000000007ef8     EfiShellLib:IO.obj
 0004:00000224       $unwind$_Print             0000000000007f04     EfiShellLib:IO.obj
 0004:00000244       $unwind$SetPageBreak       0000000000007f24     EfiShellLib:IO.obj
 0004:00000254       $unwind$IFlushWithPageBreak 0000000000007f34     EfiShellLib:IO.obj
 0004:0000026c       $unwind$PreparePackageList 0000000000007f4c     EfiShellLib:HiiSupport.obj
 0004:00000280       $unwind$LibGetString       0000000000007f60     EfiShellLib:HiiSupport.obj
