 Stall

 Timestamp is 5bc88614 (Thu Oct 18 21:09:40 2018)

 Preferred load address is 0000000000000000

 Start         Length     Name                   Class
 0001:00000000 00002cbcH .text$mn                CODE
 0002:00000000 00000778H .data                   DATA
 0002:00000780 00000632H .rdata                  DATA
 0002:00000dc0 000000c8H .bss                    DATA
 0003:00000000 0000018cH .pdata                  DATA
 0004:00000000 00000204H .xdata                  DATA

  Address         Publics by Value              Rva+Base               Lib:Object

 0000:00000000       __guard_fids_count         0000000000000000     <absolute>
 0000:00000000       __guard_fids_table         0000000000000000     <absolute>
 0000:00000000       __guard_flags              0000000000000000     <absolute>
 0001:00000000       InitializeStall            0000000000000280 f   Stall:stall.obj
 0001:0000049c       LibCheckVarGetFlag         000000000000071c f   EfiShellLib:VarCheck.obj
 0001:000004e0       iCompareSetFlag            0000000000000760 f   EfiShellLib:VarCheck.obj
 0001:0000053c       LibCheckVariables          00000000000007bc f   EfiShellLib:VarCheck.obj
 0001:00000888       LibStubMetaiMatch          0000000000000b08 f   EfiShellLib:Str.obj
 0001:00000894       MetaMatch                  0000000000000b14 f   EfiShellLib:Str.obj
 0001:00000aac       LibStubStriCmp             0000000000000d2c f   EfiShellLib:Str.obj
 0001:00000b30       LibStubStrUpr              0000000000000db0 f   EfiShellLib:Str.obj
 0001:00000b50       LibStubStrLwr              0000000000000dd0 f   EfiShellLib:Str.obj
 0001:00000b70       StrDuplicate               0000000000000df0 f   EfiShellLib:Str.obj
 0001:00000bd8       InitializeUnicodeCollationSupportWorker 0000000000000e58 f   EfiShellLib:Init.obj
 0001:00000cd4       LibInitializeStrings       0000000000000f54 f   EfiShellLib:Init.obj
 0001:00000dc4       LibInitializeShellApplication 0000000000001044 f   EfiShellLib:Init.obj
 0001:0000102c       CopyMem                    00000000000012ac f   EfiShellLib:Mem.obj
 0001:00001070       AllocatePool               00000000000012f0 f   EfiShellLib:Mem.obj
 0001:000010a4       AllocateZeroPool           0000000000001324 f   EfiShellLib:Mem.obj
 0001:000010d0       LibGetVariableAndSize      0000000000001350 f   EfiShellLib:Misc.obj
 0001:0000115c       GrowBuffer                 00000000000013dc f   EfiShellLib:Misc.obj
 0001:000011fc       GuidToString               000000000000147c f   EfiShellLib:Misc.obj
 0001:0000130c       StatusToString             000000000000158c f   EfiShellLib:Misc.obj
 0001:000016ac       LibFilterNullArgs          000000000000192c f   EfiShellLib:Misc.obj
 0001:00001840       ValueToString              0000000000001ac0 f   EfiShellLib:Misc.obj
 0001:00001928       GetBestLanguage            0000000000001ba8 f   EfiShellLib:Misc.obj
 0001:00001a84       LibSelectBestLanguage      0000000000001d04 f   EfiShellLib:Misc.obj
 0001:00001b18       _SPrint                    0000000000001d98 f   EfiShellLib:IO.obj
 0001:00001b90       SPrint                     0000000000001e10 f   EfiShellLib:IO.obj
 0001:00001c04       PrintToken                 0000000000001e84 f   EfiShellLib:IO.obj
 0001:00001cd0       _IPrint                    0000000000001f50 f   EfiShellLib:IO.obj
 0001:00001d84       PFLUSH                     0000000000002004 f   EfiShellLib:IO.obj
 0001:00001e44       PSETATTR                   00000000000020c4 f   EfiShellLib:IO.obj
 0001:00001e88       PPUTC                      0000000000002108 f   EfiShellLib:IO.obj
 0001:00001f04       PITEM                      0000000000002184 f   EfiShellLib:IO.obj
 0001:00002034       _Print                     00000000000022b4 f   EfiShellLib:IO.obj
 0001:0000264c       SetPageBreak               00000000000028cc f   EfiShellLib:IO.obj
 0001:00002760       IFlushWithPageBreak        00000000000029e0 f   EfiShellLib:IO.obj
 0001:000028a4       LocateHiiProtocols         0000000000002b24 f   EfiShellLib:HiiSupport.obj
 0001:000028f0       PreparePackageList         0000000000002b70 f   EfiShellLib:HiiSupport.obj
 0001:000029e4       LibGetString               0000000000002c64 f   EfiShellLib:HiiSupport.obj
 0001:00002b74       LibLocateHandle            0000000000002df4 f   EfiShellLib:Handle.obj
 0001:00002c18       LibLocateProtocol          0000000000002e98 f   EfiShellLib:Handle.obj
 0002:00000000       EfiStallGuid               0000000000002f40     Stall:stall.obj
 0002:00000010       StallCheckList             0000000000002f50     Stall:stall.obj
 0002:00000060       StallStrings               0000000000002fa0     Stall:AutoGen.obj
 0002:000006a0       SESGuid                    00000000000035e0     EfiShellLib:Init.obj
 0002:000006b0       UnicodeInterface           00000000000035f0     EfiShellLib:Data.obj
 0002:000006b8       PoolAllocationType         00000000000035f8     EfiShellLib:Data.obj
 0002:000006c0       ShellEnvProtocol           0000000000003600     EfiShellLib:Data.obj
 0002:000006d0       LibStubUnicodeInterface    0000000000003610     EfiShellLib:Data.obj
 0002:00000708       ShellInterfaceProtocol     0000000000003648     EfiShellLib:Misc.obj
 0002:00000718       gEfiLoadedImageProtocolGuid 0000000000003658     EfiProtocolLib:LoadedImage.obj
 0002:00000728       gEfiUnicodeCollation2ProtocolGuid 0000000000003668     EfiProtocolLib:UnicodeCollation2.obj
 0002:00000738       gEfiUnicodeCollationProtocolGuid 0000000000003678     EfiProtocolLib:UnicodeCollation.obj
 0002:00000748       gEfiHiiStringProtocolGuid  0000000000003688     EfiProtocolLib:HiiString.obj
 0002:00000758       gEfiHiiDatabaseProtocolGuid 0000000000003698     EfiProtocolLib:HiiDatabase.obj
 0002:00000768       gEfiGlobalVariableGuid     00000000000036a8     EfiGuidLib:GlobalVariable.obj
 0002:00000780       ??_C@_15GECAHHDM@?$AA?9?$AAb?$AA?$AA@ 00000000000036c0     Stall:stall.obj
 0002:00000788       ??_C@_15FNEHKAED@?$AA?9?$AA?$DP?$AA?$AA@ 00000000000036c8     Stall:stall.obj
 0002:00000790       ??_C@_19DGCMIEJL@?$AA0?$AA?4?$AA9?$AA9?$AA?$AA@ 00000000000036d0     Stall:stall.obj
 0002:000007a0       ??_C@_1M@DKNLGIMJ@?$AAs?$AAt?$AAa?$AAl?$AAl?$AA?$AA@ 00000000000036e0     Stall:stall.obj
 0002:000007b0       ??_C@_19BALNHBBC@?$AAL?$AAa?$AAn?$AAg?$AA?$AA@ 00000000000036f0     EfiShellLib:Misc.obj
 0002:000007c0       ??_C@_1BK@GGGENMOA@?$AAP?$AAl?$AAa?$AAt?$AAf?$AAo?$AAr?$AAm?$AAL?$AAa?$AAn?$AAg?$AA?$AA@ 0000000000003700     EfiShellLib:Misc.obj
 0002:000007dc       ??_C@_15GANGMFKL@?$AA?$CF?$AAs?$AA?$AA@ 000000000000371c     EfiShellLib:Misc.obj
 0002:000007f0       ??_C@_1GC@MIJCAPDC@?$AA?$CF?$AA0?$AA8?$AAx?$AA?9?$AA?$CF?$AA0?$AA4?$AAx?$AA?9?$AA?$CF?$AA0?$AA4?$AAx?$AA?9?$AA?$CF?$AA0?$AA2?$AAx?$AA?$CF?$AA0?$AA2?$AAx?$AA?9?$AA?$CF?$AA0?$AA2?$AAx?$AA?$CF?$AA0?$AA2?$AAx@ 0000000000003730     EfiShellLib:Misc.obj
 0002:00000858       ??_C@_1BA@JFDCMKFN@?$AAS?$AAu?$AAc?$AAc?$AAe?$AAs?$AAs?$AA?$AA@ 0000000000003798     EfiShellLib:Misc.obj
 0002:00000868       ??_C@_1BG@IPPBEJLN@?$AAL?$AAo?$AAa?$AAd?$AA?5?$AAE?$AAr?$AAr?$AAo?$AAr?$AA?$AA@ 00000000000037a8     EfiShellLib:Misc.obj
 0002:00000880       ??_C@_1CE@FAJJAJHO@?$AAI?$AAn?$AAv?$AAa?$AAl?$AAi?$AAd?$AA?5?$AAP?$AAa?$AAr?$AAa?$AAm?$AAe?$AAt?$AAe?$AAr?$AA?$AA@ 00000000000037c0     EfiShellLib:Misc.obj
 0002:000008a8       ??_C@_1BI@HACEKCKB@?$AAU?$AAn?$AAs?$AAu?$AAp?$AAp?$AAo?$AAr?$AAt?$AAe?$AAd?$AA?$AA@ 00000000000037e8     EfiShellLib:Misc.obj
 0002:000008c0       ??_C@_1CA@MKNIKBGN@?$AAB?$AAa?$AAd?$AA?5?$AAB?$AAu?$AAf?$AAf?$AAe?$AAr?$AA?5?$AAS?$AAi?$AAz?$AAe?$AA?$AA@ 0000000000003800     EfiShellLib:Misc.obj
 0002:000008e0       ??_C@_1CC@GADLJCKI@?$AAB?$AAu?$AAf?$AAf?$AAe?$AAr?$AA?5?$AAT?$AAo?$AAo?$AA?5?$AAS?$AAm?$AAa?$AAl?$AAl?$AA?$AA@ 0000000000003820     EfiShellLib:Misc.obj
 0002:00000908       ??_C@_1BE@HFDAGNKF@?$AAN?$AAo?$AAt?$AA?5?$AAR?$AAe?$AAa?$AAd?$AAy?$AA?$AA@ 0000000000003848     EfiShellLib:Misc.obj
 0002:00000920       ??_C@_1BK@MPLHBIOA@?$AAD?$AAe?$AAv?$AAi?$AAc?$AAe?$AA?5?$AAE?$AAr?$AAr?$AAo?$AAr?$AA?$AA@ 0000000000003860     EfiShellLib:Misc.obj
 0002:00000940       ??_C@_1CA@PAGBHICH@?$AAW?$AAr?$AAi?$AAt?$AAe?$AA?5?$AAP?$AAr?$AAo?$AAt?$AAe?$AAc?$AAt?$AAe?$AAd?$AA?$AA@ 0000000000003880     EfiShellLib:Misc.obj
 0002:00000960       ??_C@_1CC@JDEEHPBA@?$AAO?$AAu?$AAt?$AA?5?$AAo?$AAf?$AA?5?$AAR?$AAe?$AAs?$AAo?$AAu?$AAr?$AAc?$AAe?$AAs?$AA?$AA@ 00000000000038a0     EfiShellLib:Misc.obj
 0002:00000988       ??_C@_1CC@IIFGLPAC@?$AAV?$AAo?$AAl?$AAu?$AAm?$AAe?$AA?5?$AAC?$AAo?$AAr?$AAr?$AAu?$AAp?$AAt?$AAe?$AAd?$AA?$AA@ 00000000000038c8     EfiShellLib:Misc.obj
 0002:000009b0       ??_C@_1BI@KDMJOJPB@?$AAV?$AAo?$AAl?$AAu?$AAm?$AAe?$AA?5?$AAF?$AAu?$AAl?$AAl?$AA?$AA@ 00000000000038f0     EfiShellLib:Misc.obj
 0002:000009c8       ??_C@_1BC@CAEJNJKB@?$AAN?$AAo?$AA?5?$AAM?$AAe?$AAd?$AAi?$AAa?$AA?$AA@ 0000000000003908     EfiShellLib:Misc.obj
 0002:000009e0       ??_C@_1BM@CGJAEDJP@?$AAM?$AAe?$AAd?$AAi?$AAa?$AA?5?$AAC?$AAh?$AAa?$AAn?$AAg?$AAe?$AAd?$AA?$AA@ 0000000000003920     EfiShellLib:Misc.obj
 0002:00000a00       ??_C@_1BE@JGBFLIBK@?$AAN?$AAo?$AAt?$AA?5?$AAF?$AAo?$AAu?$AAn?$AAd?$AA?$AA@ 0000000000003940     EfiShellLib:Misc.obj
 0002:00000a18       ??_C@_1BM@HDPINFLL@?$AAA?$AAc?$AAc?$AAe?$AAs?$AAs?$AA?5?$AAD?$AAe?$AAn?$AAi?$AAe?$AAd?$AA?$AA@ 0000000000003958     EfiShellLib:Misc.obj
 0002:00000a38       ??_C@_1BI@JIAAMNOB@?$AAN?$AAo?$AA?5?$AAR?$AAe?$AAs?$AAp?$AAo?$AAn?$AAs?$AAe?$AA?$AA@ 0000000000003978     EfiShellLib:Misc.obj
 0002:00000a50       ??_C@_1BG@OHLJONME@?$AAN?$AAo?$AA?5?$AAM?$AAa?$AAp?$AAp?$AAi?$AAn?$AAg?$AA?$AA@ 0000000000003990     EfiShellLib:Misc.obj
 0002:00000a68       ??_C@_1BC@GINMNENH@?$AAT?$AAi?$AAm?$AAe?$AA?5?$AAO?$AAu?$AAt?$AA?$AA@ 00000000000039a8     EfiShellLib:Misc.obj
 0002:00000a80       ??_C@_1BI@MNIOFEEM@?$AAN?$AAo?$AAt?$AA?5?$AAS?$AAt?$AAa?$AAr?$AAt?$AAe?$AAd?$AA?$AA@ 00000000000039c0     EfiShellLib:Misc.obj
 0002:00000a98       ??_C@_1CA@CNMNDJCM@?$AAA?$AAl?$AAr?$AAe?$AAa?$AAd?$AAy?$AA?5?$AAS?$AAt?$AAa?$AAr?$AAt?$AAe?$AAd?$AA?$AA@ 00000000000039d8     EfiShellLib:Misc.obj
 0002:00000ab8       ??_C@_1BA@JCPMFPEO@?$AAA?$AAb?$AAo?$AAr?$AAt?$AAe?$AAd?$AA?$AA@ 00000000000039f8     EfiShellLib:Misc.obj
 0002:00000ac8       ??_C@_1BG@GJCEBLMD@?$AAI?$AAC?$AAM?$AAP?$AA?5?$AAE?$AAr?$AAr?$AAo?$AAr?$AA?$AA@ 0000000000003a08     EfiShellLib:Misc.obj
 0002:00000ae0       ??_C@_1BG@MPDDBEKI@?$AAT?$AAF?$AAT?$AAP?$AA?5?$AAE?$AAr?$AAr?$AAo?$AAr?$AA?$AA@ 0000000000003a20     EfiShellLib:Misc.obj
 0002:00000af8       ??_C@_1BO@MGICIKC@?$AAP?$AAr?$AAo?$AAt?$AAo?$AAc?$AAo?$AAl?$AA?5?$AAE?$AAr?$AAr?$AAo?$AAr?$AA?$AA@ 0000000000003a38     EfiShellLib:Misc.obj
 0002:00000b18       ??_C@_1CM@OIKNIHHI@?$AAW?$AAa?$AAr?$AAn?$AAi?$AAn?$AAg?$AA?5?$AAU?$AAn?$AAk?$AAn?$AAo?$AAw?$AAn?$AA?5?$AAG?$AAl?$AAy?$AAp?$AAh?$AA?$AA@ 0000000000003a58     EfiShellLib:Misc.obj
 0002:00000b48       ??_C@_1CO@MFHEGPPN@?$AAW?$AAa?$AAr?$AAn?$AAi?$AAn?$AAg?$AA?5?$AAD?$AAe?$AAl?$AAe?$AAt?$AAe?$AA?5?$AAF?$AAa?$AAi?$AAl?$AAu?$AAr?$AAe?$AA?$AA@ 0000000000003a88     EfiShellLib:Misc.obj
 0002:00000b78       ??_C@_1CM@FKHEOEHO@?$AAW?$AAa?$AAr?$AAn?$AAi?$AAn?$AAg?$AA?5?$AAW?$AAr?$AAi?$AAt?$AAe?$AA?5?$AAF?$AAa?$AAi?$AAl?$AAu?$AAr?$AAe?$AA?$AA@ 0000000000003ab8     EfiShellLib:Misc.obj
 0002:00000ba8       ??_C@_1DC@LAAGMHGB@?$AAW?$AAa?$AAr?$AAn?$AAi?$AAn?$AAg?$AA?5?$AAB?$AAu?$AAf?$AAf?$AAe?$AAr?$AA?5?$AAT?$AAo?$AAo?$AA?5?$AAS?$AAm?$AAa?$AAl?$AAl?$AA?$AA@ 0000000000003ae8     EfiShellLib:Misc.obj
 0002:00000be0       ??_C@_1CK@CPNEFGBF@?$AAI?$AAn?$AAc?$AAo?$AAm?$AAp?$AAa?$AAt?$AAi?$AAb?$AAl?$AAe?$AA?5?$AAV?$AAe?$AAr?$AAs?$AAi?$AAo?$AAn?$AA?$AA@ 0000000000003b20     EfiShellLib:Misc.obj
 0002:00000c10       ??_C@_1CG@CONBDECJ@?$AAS?$AAe?$AAc?$AAu?$AAr?$AAi?$AAt?$AAy?$AA?5?$AAV?$AAi?$AAo?$AAl?$AAa?$AAt?$AAi?$AAo?$AAn?$AA?$AA@ 0000000000003b50     EfiShellLib:Misc.obj
 0002:00000c38       ??_C@_1BE@LNMOCCLF@?$AAC?$AAR?$AAC?$AA?5?$AAE?$AAr?$AAr?$AAo?$AAr?$AA?$AA@ 0000000000003b78     EfiShellLib:Misc.obj
 0002:00000c50       ??_C@_1CE@OCFFKMII@?$AAN?$AAo?$AAt?$AA?5?$AAA?$AAv?$AAa?$AAi?$AAl?$AAa?$AAb?$AAl?$AAe?$AA?5?$AAY?$AAe?$AAt?$AA?$AA@ 0000000000003b90     EfiShellLib:Misc.obj
 0002:00000c78       ??_C@_1BK@BJJGPOPI@?$AAU?$AAn?$AAl?$AAo?$AAa?$AAd?$AA?5?$AAI?$AAm?$AAa?$AAg?$AAe?$AA?$AA@ 0000000000003bb8     EfiShellLib:Misc.obj
 0002:00000c98       ??_C@_1DM@HHKGEKOD@?$AAW?$AAa?$AAr?$AAn?$AAi?$AAn?$AAg?$AA?5?$AAR?$AAe?$AAt?$AAu?$AAr?$AAn?$AA?5?$AAF?$AAr?$AAo?$AAm?$AA?5?$AAL?$AAo?$AAn?$AAg?$AA?5?$AAJ?$AAu?$AAm?$AAp?$AA?$AA@ 0000000000003bd8     EfiShellLib:Misc.obj
 0002:00000cd4       ??_C@_15BHOFONJE@?$AA?$CF?$AAX?$AA?$AA@ 0000000000003c14     EfiShellLib:Misc.obj
 0002:00000ce0       ??_C@_1DI@JHANLOAN@?$AA?$CF?$AA0?$AA2?$AAd?$AA?1?$AA?$CF?$AA0?$AA2?$AAd?$AA?1?$AA?$CF?$AA0?$AA2?$AAd?$AA?5?$AA?5?$AA?$CF?$AA0?$AA2?$AAd?$AA?3?$AA?$CF?$AA0?$AA2?$AAd?$AA?$CF?$AAc?$AA?$AA@ 0000000000003c20     EfiShellLib:Misc.obj
 0002:00000d18       ??_C@_00CNPNBAHC@?$AA@     0000000000003c58     EfiShellLib:Misc.obj
 0002:00000d1c       ??_C@_03LKLGDMJI@eng?$AA@  0000000000003c5c     EfiShellLib:Misc.obj
 0002:00000d20       ??_C@_05JJLPJMLG@en?9US?$AA@ 0000000000003c60     EfiShellLib:Misc.obj
 0002:00000d28       ca                         0000000000003c68     EfiShellLib:Misc.obj
 0002:00000d40       ??_C@_06OJHGLDPL@?$CInull?$CJ?$AA@ 0000000000003c80     EfiShellLib:IO.obj
 0002:00000d48       ??_C@_1O@CEDCILHN@?$AA?$CI?$AAn?$AAu?$AAl?$AAl?$AA?$CJ?$AA?$AA@ 0000000000003c88     EfiShellLib:IO.obj
 0002:00000d60       ??_C@_1EM@PFLICCFE@?$AAP?$AAr?$AAe?$AAs?$AAs?$AA?5?$AAE?$AAN?$AAT?$AAE?$AAR?$AA?5?$AAt?$AAo?$AA?5?$AAc?$AAo?$AAn?$AAt?$AAi?$AAn?$AAu?$AAe?$AA?0?$AA?5?$AA?8?$AAq?$AA?8?$AA?5?$AAt?$AAo?$AA?5@ 0000000000003ca0     EfiShellLib:IO.obj
 0002:00000dac       ??_C@_15JNBOKNOG@?$AA?$AN?$AA?6?$AA?$AA@ 0000000000003cec     EfiShellLib:IO.obj
 0002:00000dc0       HiiInitialized             0000000000003d00     EfiShellLib:Init.obj
 0002:00000dc8       HiiLibHandle               0000000000003d08     EfiShellLib:Init.obj
 0002:00000dd0       NumStrings                 0000000000003d10     EfiShellLib:Init.obj
 0002:00000dd8       ShellLibInitialized        0000000000003d18     EfiShellLib:Data.obj
 0002:00000de8       gLibHiiDatabase            0000000000003d28     EfiShellLib:HiiSupport.obj
 0002:00000df0       gLibHiiString              0000000000003d30     EfiShellLib:HiiSupport.obj
 0002:00000df8       mHiiProtocolsInitialized   0000000000003d38     EfiShellLib:HiiSupport.obj
 0002:00000e00       RT                         0000000000003d40     <common>
 0002:00000e20       mPrintMode                 0000000000003d60     <common>
 0002:00000e58       ST                         0000000000003d98     <common>
 0002:00000e60       SE2                        0000000000003da0     <common>
 0002:00000e68       SE                         0000000000003da8     <common>
 0002:00000e70       BS                         0000000000003db0     <common>
 0002:00000e78       SI                         0000000000003db8     <common>
 0002:00000e80       HiiStallHandle             0000000000003dc0     <common>

 entry point at        0001:00000000

 Static symbols

 0002:00000d30       Hex                        0000000000003c70     EfiShellLib:Misc.obj
 0002:00000de0       mShellEnv                  0000000000003d20     EfiShellLib:Misc.obj
 0003:00000000       $pdata$InitializeStall     0000000000003de0     Stall:stall.obj
 0003:0000000c       $pdata$LibCheckVarGetFlag  0000000000003dec     EfiShellLib:VarCheck.obj
 0003:00000018       $pdata$LibCheckVariables   0000000000003df8     EfiShellLib:VarCheck.obj
 0003:00000024       $pdata$MetaMatch           0000000000003e04     EfiShellLib:Str.obj
 0003:00000030       $pdata$StrDuplicate        0000000000003e10     EfiShellLib:Str.obj
 0003:0000003c       $pdata$InitializeUnicodeCollationSupportWorker 0000000000003e1c     EfiShellLib:Init.obj
 0003:00000048       $pdata$LibInitializeStrings 0000000000003e28     EfiShellLib:Init.obj
 0003:00000054       $pdata$LibInitializeShellApplication 0000000000003e34     EfiShellLib:Init.obj
 0003:00000060       $pdata$AllocatePool        0000000000003e40     EfiShellLib:Mem.obj
 0003:0000006c       $pdata$AllocateZeroPool    0000000000003e4c     EfiShellLib:Mem.obj
 0003:00000078       $pdata$LibGetVariableAndSize 0000000000003e58     EfiShellLib:Misc.obj
 0003:00000084       $pdata$GrowBuffer          0000000000003e64     EfiShellLib:Misc.obj
 0003:00000090       $pdata$GuidToString        0000000000003e70     EfiShellLib:Misc.obj
 0003:0000009c       $pdata$LibFilterNullArgs   0000000000003e7c     EfiShellLib:Misc.obj
 0003:000000a8       $pdata$ValueToString       0000000000003e88     EfiShellLib:Misc.obj
 0003:000000b4       $pdata$GetBestLanguage     0000000000003e94     EfiShellLib:Misc.obj
 0003:000000c0       $pdata$LibSelectBestLanguage 0000000000003ea0     EfiShellLib:Misc.obj
 0003:000000cc       $pdata$_SPrint             0000000000003eac     EfiShellLib:IO.obj
 0003:000000d8       $pdata$SPrint              0000000000003eb8     EfiShellLib:IO.obj
 0003:000000e4       $pdata$PrintToken          0000000000003ec4     EfiShellLib:IO.obj
 0003:000000f0       $pdata$_IPrint             0000000000003ed0     EfiShellLib:IO.obj
 0003:000000fc       $pdata$PFLUSH              0000000000003edc     EfiShellLib:IO.obj
 0003:00000108       $pdata$PSETATTR            0000000000003ee8     EfiShellLib:IO.obj
 0003:00000114       $pdata$PPUTC               0000000000003ef4     EfiShellLib:IO.obj
 0003:00000120       $pdata$PITEM               0000000000003f00     EfiShellLib:IO.obj
 0003:0000012c       $pdata$_Print              0000000000003f0c     EfiShellLib:IO.obj
 0003:00000138       $pdata$SetPageBreak        0000000000003f18     EfiShellLib:IO.obj
 0003:00000144       $pdata$IFlushWithPageBreak 0000000000003f24     EfiShellLib:IO.obj
 0003:00000150       $pdata$LocateHiiProtocols  0000000000003f30     EfiShellLib:HiiSupport.obj
 0003:0000015c       $pdata$PreparePackageList  0000000000003f3c     EfiShellLib:HiiSupport.obj
 0003:00000168       $pdata$LibGetString        0000000000003f48     EfiShellLib:HiiSupport.obj
 0003:00000174       $pdata$LibLocateHandle     0000000000003f54     EfiShellLib:Handle.obj
 0003:00000180       $pdata$LibLocateProtocol   0000000000003f60     EfiShellLib:Handle.obj
 0004:00000000       $unwind$InitializeStall    0000000000003f80     Stall:stall.obj
 0004:00000018       $unwind$PSETATTR           0000000000003f98     EfiShellLib:IO.obj
 0004:00000018       $unwind$LibCheckVarGetFlag 0000000000003f98     EfiShellLib:VarCheck.obj
 0004:00000018       $unwind$PPUTC              0000000000003f98     EfiShellLib:IO.obj
 0004:00000024       $unwind$LibCheckVariables  0000000000003fa4     EfiShellLib:VarCheck.obj
 0004:0000003c       $unwind$MetaMatch          0000000000003fbc     EfiShellLib:Str.obj
 0004:0000004c       $unwind$StrDuplicate       0000000000003fcc     EfiShellLib:Str.obj
 0004:0000005c       $unwind$InitializeUnicodeCollationSupportWorker 0000000000003fdc     EfiShellLib:Init.obj
 0004:00000070       $unwind$LibInitializeStrings 0000000000003ff0     EfiShellLib:Init.obj
 0004:0000007c       $unwind$LibInitializeShellApplication 0000000000003ffc     EfiShellLib:Init.obj
 0004:0000008c       $unwind$LocateHiiProtocols 000000000000400c     EfiShellLib:HiiSupport.obj
 0004:0000008c       $unwind$AllocatePool       000000000000400c     EfiShellLib:Mem.obj
 0004:00000094       $unwind$_SPrint            0000000000004014     EfiShellLib:IO.obj
 0004:00000094       $unwind$AllocateZeroPool   0000000000004014     EfiShellLib:Mem.obj
 0004:0000009c       $unwind$LibGetVariableAndSize 000000000000401c     EfiShellLib:Misc.obj
 0004:000000ac       $unwind$GrowBuffer         000000000000402c     EfiShellLib:Misc.obj
 0004:000000c0       $unwind$GuidToString       0000000000004040     EfiShellLib:Misc.obj
 0004:000000d8       $unwind$LibFilterNullArgs  0000000000004058     EfiShellLib:Misc.obj
 0004:000000f4       $unwind$ValueToString      0000000000004074     EfiShellLib:Misc.obj
 0004:000000fc       $unwind$GetBestLanguage    000000000000407c     EfiShellLib:Misc.obj
 0004:0000010c       $unwind$LibSelectBestLanguage 000000000000408c     EfiShellLib:Misc.obj
 0004:0000011c       $unwind$SPrint             000000000000409c     EfiShellLib:IO.obj
 0004:00000128       $unwind$PrintToken         00000000000040a8     EfiShellLib:IO.obj
 0004:00000134       $unwind$_IPrint            00000000000040b4     EfiShellLib:IO.obj
 0004:00000140       $unwind$PFLUSH             00000000000040c0     EfiShellLib:IO.obj
 0004:0000014c       $unwind$PITEM              00000000000040cc     EfiShellLib:IO.obj
 0004:00000164       $unwind$_Print             00000000000040e4     EfiShellLib:IO.obj
 0004:00000184       $unwind$SetPageBreak       0000000000004104     EfiShellLib:IO.obj
 0004:00000194       $unwind$IFlushWithPageBreak 0000000000004114     EfiShellLib:IO.obj
 0004:000001ac       $unwind$PreparePackageList 000000000000412c     EfiShellLib:HiiSupport.obj
 0004:000001c0       $unwind$LibGetString       0000000000004140     EfiShellLib:HiiSupport.obj
 0004:000001dc       $unwind$LibLocateHandle    000000000000415c     EfiShellLib:Handle.obj
 0004:000001f0       $unwind$LibLocateProtocol  0000000000004170     EfiShellLib:Handle.obj
