 Mount

 Timestamp is 5bc8861d (Thu Oct 18 21:09:49 2018)

 Preferred load address is 0000000000000000

 Start         Length     Name                   Class
 0001:00000000 00002ba4H .text$mn                CODE
 0002:00000000 00000c80H .data                   DATA
 0002:00000c80 00000660H .rdata                  DATA
 0002:000012e0 000000c8H .bss                    DATA
 0003:00000000 00000180H .pdata                  DATA
 0004:00000000 000001ecH .xdata                  DATA

  Address         Publics by Value              Rva+Base               Lib:Object

 0000:00000000       __guard_fids_count         0000000000000000     <absolute>
 0000:00000000       __guard_fids_table         0000000000000000     <absolute>
 0000:00000000       __guard_flags              0000000000000000     <absolute>
 0001:00000000       MountMain                  0000000000000280 f   Mount:mount.obj
 0001:00000518       LibCheckVarGetFlag         0000000000000798 f   EfiShellLib:VarCheck.obj
 0001:0000055c       iCompareSetFlag            00000000000007dc f   EfiShellLib:VarCheck.obj
 0001:000005b8       LibCheckVariables          0000000000000838 f   EfiShellLib:VarCheck.obj
 0001:00000904       InitializeUnicodeCollationSupportWorker 0000000000000b84 f   EfiShellLib:Init.obj
 0001:00000a00       LibInitializeStrings       0000000000000c80 f   EfiShellLib:Init.obj
 0001:00000af0       LibInitializeShellApplication 0000000000000d70 f   EfiShellLib:Init.obj
 0001:00000d58       _SPrint                    0000000000000fd8 f   EfiShellLib:IO.obj
 0001:00000dd0       SPrint                     0000000000001050 f   EfiShellLib:IO.obj
 0001:00000e44       PrintToken                 00000000000010c4 f   EfiShellLib:IO.obj
 0001:00000f10       _IPrint                    0000000000001190 f   EfiShellLib:IO.obj
 0001:00000fc4       PFLUSH                     0000000000001244 f   EfiShellLib:IO.obj
 0001:00001084       PSETATTR                   0000000000001304 f   EfiShellLib:IO.obj
 0001:000010c8       PPUTC                      0000000000001348 f   EfiShellLib:IO.obj
 0001:00001144       PITEM                      00000000000013c4 f   EfiShellLib:IO.obj
 0001:00001274       _Print                     00000000000014f4 f   EfiShellLib:IO.obj
 0001:0000188c       SetPageBreak               0000000000001b0c f   EfiShellLib:IO.obj
 0001:000019a0       IFlushWithPageBreak        0000000000001c20 f   EfiShellLib:IO.obj
 0001:00001ae4       CopyMem                    0000000000001d64 f   EfiShellLib:Mem.obj
 0001:00001b28       AllocatePool               0000000000001da8 f   EfiShellLib:Mem.obj
 0001:00001b5c       AllocateZeroPool           0000000000001ddc f   EfiShellLib:Mem.obj
 0001:00001b88       LibGetVariableAndSize      0000000000001e08 f   EfiShellLib:Misc.obj
 0001:00001c14       GrowBuffer                 0000000000001e94 f   EfiShellLib:Misc.obj
 0001:00001cb4       GuidToString               0000000000001f34 f   EfiShellLib:Misc.obj
 0001:00001dc4       StatusToString             0000000000002044 f   EfiShellLib:Misc.obj
 0001:00002164       ValueToString              00000000000023e4 f   EfiShellLib:Misc.obj
 0001:0000224c       GetBestLanguage            00000000000024cc f   EfiShellLib:Misc.obj
 0001:000023a8       LibSelectBestLanguage      0000000000002628 f   EfiShellLib:Misc.obj
 0001:0000243c       LibStubMetaiMatch          00000000000026bc f   EfiShellLib:Str.obj
 0001:00002448       MetaMatch                  00000000000026c8 f   EfiShellLib:Str.obj
 0001:00002660       LibStubStriCmp             00000000000028e0 f   EfiShellLib:Str.obj
 0001:000026e4       LibStubStrUpr              0000000000002964 f   EfiShellLib:Str.obj
 0001:00002704       LibStubStrLwr              0000000000002984 f   EfiShellLib:Str.obj
 0001:00002724       StrDuplicate               00000000000029a4 f   EfiShellLib:Str.obj
 0001:0000278c       LocateHiiProtocols         0000000000002a0c f   EfiShellLib:HiiSupport.obj
 0001:000027d8       PreparePackageList         0000000000002a58 f   EfiShellLib:HiiSupport.obj
 0001:000028cc       LibGetString               0000000000002b4c f   EfiShellLib:HiiSupport.obj
 0001:00002a5c       LibLocateHandle            0000000000002cdc f   EfiShellLib:Handle.obj
 0001:00002b00       LibLocateProtocol          0000000000002d80 f   EfiShellLib:Handle.obj
 0002:00000000       EfiMountGuid               0000000000002e40     Mount:mount.obj
 0002:00000010       MountCheckList             0000000000002e50     Mount:mount.obj
 0002:00000060       MountStrings               0000000000002ea0     Mount:AutoGen.obj
 0002:00000b98       SESGuid                    00000000000039d8     EfiShellLib:Init.obj
 0002:00000ba8       PoolAllocationType         00000000000039e8     EfiShellLib:Data.obj
 0002:00000bb0       ShellEnvProtocol           00000000000039f0     EfiShellLib:Data.obj
 0002:00000bc0       LibStubUnicodeInterface    0000000000003a00     EfiShellLib:Data.obj
 0002:00000bf8       UnicodeInterface           0000000000003a38     EfiShellLib:Data.obj
 0002:00000c00       ShellInterfaceProtocol     0000000000003a40     EfiShellLib:Misc.obj
 0002:00000c10       gEfiBlockIoProtocolGuid    0000000000003a50     EfiProtocolLib:BlockIo.obj
 0002:00000c20       gEfiLoadedImageProtocolGuid 0000000000003a60     EfiProtocolLib:LoadedImage.obj
 0002:00000c30       gEfiUnicodeCollation2ProtocolGuid 0000000000003a70     EfiProtocolLib:UnicodeCollation2.obj
 0002:00000c40       gEfiUnicodeCollationProtocolGuid 0000000000003a80     EfiProtocolLib:UnicodeCollation.obj
 0002:00000c50       gEfiHiiStringProtocolGuid  0000000000003a90     EfiProtocolLib:HiiString.obj
 0002:00000c60       gEfiHiiDatabaseProtocolGuid 0000000000003aa0     EfiProtocolLib:HiiDatabase.obj
 0002:00000c70       gEfiGlobalVariableGuid     0000000000003ab0     EfiGuidLib:GlobalVariable.obj
 0002:00000c80       ??_C@_15GECAHHDM@?$AA?9?$AAb?$AA?$AA@ 0000000000003ac0     Mount:mount.obj
 0002:00000c88       ??_C@_15FNEHKAED@?$AA?9?$AA?$DP?$AA?$AA@ 0000000000003ac8     Mount:mount.obj
 0002:00000c90       ??_C@_19DGCMIEJL@?$AA0?$AA?4?$AA9?$AA9?$AA?$AA@ 0000000000003ad0     Mount:mount.obj
 0002:00000ca0       ??_C@_1M@CACIMNJO@?$AAm?$AAo?$AAu?$AAn?$AAt?$AA?$AA@ 0000000000003ae0     Mount:mount.obj
 0002:00000cb0       ??_C@_1BM@OINJJOJO@?$AAm?$AAa?$AAp?$AA?5?$AA?$CC?$AA?$CF?$AAs?$AA?$CC?$AA?5?$AA0?$AAx?$AA?$CF?$AAx?$AA?$AA@ 0000000000003af0     Mount:mount.obj
 0002:00000cd0       ??_C@_1BI@HEJCDPPM@?$AAm?$AAa?$AAp?$AA?5?$AA?$CF?$AAs?$AA?5?$AA0?$AAx?$AA?$CF?$AAx?$AA?$AA@ 0000000000003b10     Mount:mount.obj
 0002:00000ce8       ??_C@_06OJHGLDPL@?$CInull?$CJ?$AA@ 0000000000003b28     EfiShellLib:IO.obj
 0002:00000cf0       ??_C@_1O@CEDCILHN@?$AA?$CI?$AAn?$AAu?$AAl?$AAl?$AA?$CJ?$AA?$AA@ 0000000000003b30     EfiShellLib:IO.obj
 0002:00000d00       ??_C@_1EM@PFLICCFE@?$AAP?$AAr?$AAe?$AAs?$AAs?$AA?5?$AAE?$AAN?$AAT?$AAE?$AAR?$AA?5?$AAt?$AAo?$AA?5?$AAc?$AAo?$AAn?$AAt?$AAi?$AAn?$AAu?$AAe?$AA?0?$AA?5?$AA?8?$AAq?$AA?8?$AA?5?$AAt?$AAo?$AA?5@ 0000000000003b40     EfiShellLib:IO.obj
 0002:00000d4c       ??_C@_15JNBOKNOG@?$AA?$AN?$AA?6?$AA?$AA@ 0000000000003b8c     EfiShellLib:IO.obj
 0002:00000d54       ??_C@_15GANGMFKL@?$AA?$CF?$AAs?$AA?$AA@ 0000000000003b94     EfiShellLib:IO.obj
 0002:00000d60       ??_C@_19BALNHBBC@?$AAL?$AAa?$AAn?$AAg?$AA?$AA@ 0000000000003ba0     EfiShellLib:Misc.obj
 0002:00000d70       ??_C@_1BK@GGGENMOA@?$AAP?$AAl?$AAa?$AAt?$AAf?$AAo?$AAr?$AAm?$AAL?$AAa?$AAn?$AAg?$AA?$AA@ 0000000000003bb0     EfiShellLib:Misc.obj
 0002:00000d90       ??_C@_1GC@MIJCAPDC@?$AA?$CF?$AA0?$AA8?$AAx?$AA?9?$AA?$CF?$AA0?$AA4?$AAx?$AA?9?$AA?$CF?$AA0?$AA4?$AAx?$AA?9?$AA?$CF?$AA0?$AA2?$AAx?$AA?$CF?$AA0?$AA2?$AAx?$AA?9?$AA?$CF?$AA0?$AA2?$AAx?$AA?$CF?$AA0?$AA2?$AAx@ 0000000000003bd0     EfiShellLib:Misc.obj
 0002:00000df8       ??_C@_1BA@JFDCMKFN@?$AAS?$AAu?$AAc?$AAc?$AAe?$AAs?$AAs?$AA?$AA@ 0000000000003c38     EfiShellLib:Misc.obj
 0002:00000e08       ??_C@_1BG@IPPBEJLN@?$AAL?$AAo?$AAa?$AAd?$AA?5?$AAE?$AAr?$AAr?$AAo?$AAr?$AA?$AA@ 0000000000003c48     EfiShellLib:Misc.obj
 0002:00000e20       ??_C@_1CE@FAJJAJHO@?$AAI?$AAn?$AAv?$AAa?$AAl?$AAi?$AAd?$AA?5?$AAP?$AAa?$AAr?$AAa?$AAm?$AAe?$AAt?$AAe?$AAr?$AA?$AA@ 0000000000003c60     EfiShellLib:Misc.obj
 0002:00000e48       ??_C@_1BI@HACEKCKB@?$AAU?$AAn?$AAs?$AAu?$AAp?$AAp?$AAo?$AAr?$AAt?$AAe?$AAd?$AA?$AA@ 0000000000003c88     EfiShellLib:Misc.obj
 0002:00000e60       ??_C@_1CA@MKNIKBGN@?$AAB?$AAa?$AAd?$AA?5?$AAB?$AAu?$AAf?$AAf?$AAe?$AAr?$AA?5?$AAS?$AAi?$AAz?$AAe?$AA?$AA@ 0000000000003ca0     EfiShellLib:Misc.obj
 0002:00000e80       ??_C@_1CC@GADLJCKI@?$AAB?$AAu?$AAf?$AAf?$AAe?$AAr?$AA?5?$AAT?$AAo?$AAo?$AA?5?$AAS?$AAm?$AAa?$AAl?$AAl?$AA?$AA@ 0000000000003cc0     EfiShellLib:Misc.obj
 0002:00000ea8       ??_C@_1BE@HFDAGNKF@?$AAN?$AAo?$AAt?$AA?5?$AAR?$AAe?$AAa?$AAd?$AAy?$AA?$AA@ 0000000000003ce8     EfiShellLib:Misc.obj
 0002:00000ec0       ??_C@_1BK@MPLHBIOA@?$AAD?$AAe?$AAv?$AAi?$AAc?$AAe?$AA?5?$AAE?$AAr?$AAr?$AAo?$AAr?$AA?$AA@ 0000000000003d00     EfiShellLib:Misc.obj
 0002:00000ee0       ??_C@_1CA@PAGBHICH@?$AAW?$AAr?$AAi?$AAt?$AAe?$AA?5?$AAP?$AAr?$AAo?$AAt?$AAe?$AAc?$AAt?$AAe?$AAd?$AA?$AA@ 0000000000003d20     EfiShellLib:Misc.obj
 0002:00000f00       ??_C@_1CC@JDEEHPBA@?$AAO?$AAu?$AAt?$AA?5?$AAo?$AAf?$AA?5?$AAR?$AAe?$AAs?$AAo?$AAu?$AAr?$AAc?$AAe?$AAs?$AA?$AA@ 0000000000003d40     EfiShellLib:Misc.obj
 0002:00000f28       ??_C@_1CC@IIFGLPAC@?$AAV?$AAo?$AAl?$AAu?$AAm?$AAe?$AA?5?$AAC?$AAo?$AAr?$AAr?$AAu?$AAp?$AAt?$AAe?$AAd?$AA?$AA@ 0000000000003d68     EfiShellLib:Misc.obj
 0002:00000f50       ??_C@_1BI@KDMJOJPB@?$AAV?$AAo?$AAl?$AAu?$AAm?$AAe?$AA?5?$AAF?$AAu?$AAl?$AAl?$AA?$AA@ 0000000000003d90     EfiShellLib:Misc.obj
 0002:00000f68       ??_C@_1BC@CAEJNJKB@?$AAN?$AAo?$AA?5?$AAM?$AAe?$AAd?$AAi?$AAa?$AA?$AA@ 0000000000003da8     EfiShellLib:Misc.obj
 0002:00000f80       ??_C@_1BM@CGJAEDJP@?$AAM?$AAe?$AAd?$AAi?$AAa?$AA?5?$AAC?$AAh?$AAa?$AAn?$AAg?$AAe?$AAd?$AA?$AA@ 0000000000003dc0     EfiShellLib:Misc.obj
 0002:00000fa0       ??_C@_1BE@JGBFLIBK@?$AAN?$AAo?$AAt?$AA?5?$AAF?$AAo?$AAu?$AAn?$AAd?$AA?$AA@ 0000000000003de0     EfiShellLib:Misc.obj
 0002:00000fb8       ??_C@_1BM@HDPINFLL@?$AAA?$AAc?$AAc?$AAe?$AAs?$AAs?$AA?5?$AAD?$AAe?$AAn?$AAi?$AAe?$AAd?$AA?$AA@ 0000000000003df8     EfiShellLib:Misc.obj
 0002:00000fd8       ??_C@_1BI@JIAAMNOB@?$AAN?$AAo?$AA?5?$AAR?$AAe?$AAs?$AAp?$AAo?$AAn?$AAs?$AAe?$AA?$AA@ 0000000000003e18     EfiShellLib:Misc.obj
 0002:00000ff0       ??_C@_1BG@OHLJONME@?$AAN?$AAo?$AA?5?$AAM?$AAa?$AAp?$AAp?$AAi?$AAn?$AAg?$AA?$AA@ 0000000000003e30     EfiShellLib:Misc.obj
 0002:00001008       ??_C@_1BC@GINMNENH@?$AAT?$AAi?$AAm?$AAe?$AA?5?$AAO?$AAu?$AAt?$AA?$AA@ 0000000000003e48     EfiShellLib:Misc.obj
 0002:00001020       ??_C@_1BI@MNIOFEEM@?$AAN?$AAo?$AAt?$AA?5?$AAS?$AAt?$AAa?$AAr?$AAt?$AAe?$AAd?$AA?$AA@ 0000000000003e60     EfiShellLib:Misc.obj
 0002:00001038       ??_C@_1CA@CNMNDJCM@?$AAA?$AAl?$AAr?$AAe?$AAa?$AAd?$AAy?$AA?5?$AAS?$AAt?$AAa?$AAr?$AAt?$AAe?$AAd?$AA?$AA@ 0000000000003e78     EfiShellLib:Misc.obj
 0002:00001058       ??_C@_1BA@JCPMFPEO@?$AAA?$AAb?$AAo?$AAr?$AAt?$AAe?$AAd?$AA?$AA@ 0000000000003e98     EfiShellLib:Misc.obj
 0002:00001068       ??_C@_1BG@GJCEBLMD@?$AAI?$AAC?$AAM?$AAP?$AA?5?$AAE?$AAr?$AAr?$AAo?$AAr?$AA?$AA@ 0000000000003ea8     EfiShellLib:Misc.obj
 0002:00001080       ??_C@_1BG@MPDDBEKI@?$AAT?$AAF?$AAT?$AAP?$AA?5?$AAE?$AAr?$AAr?$AAo?$AAr?$AA?$AA@ 0000000000003ec0     EfiShellLib:Misc.obj
 0002:00001098       ??_C@_1BO@MGICIKC@?$AAP?$AAr?$AAo?$AAt?$AAo?$AAc?$AAo?$AAl?$AA?5?$AAE?$AAr?$AAr?$AAo?$AAr?$AA?$AA@ 0000000000003ed8     EfiShellLib:Misc.obj
 0002:000010b8       ??_C@_1CM@OIKNIHHI@?$AAW?$AAa?$AAr?$AAn?$AAi?$AAn?$AAg?$AA?5?$AAU?$AAn?$AAk?$AAn?$AAo?$AAw?$AAn?$AA?5?$AAG?$AAl?$AAy?$AAp?$AAh?$AA?$AA@ 0000000000003ef8     EfiShellLib:Misc.obj
 0002:000010e8       ??_C@_1CO@MFHEGPPN@?$AAW?$AAa?$AAr?$AAn?$AAi?$AAn?$AAg?$AA?5?$AAD?$AAe?$AAl?$AAe?$AAt?$AAe?$AA?5?$AAF?$AAa?$AAi?$AAl?$AAu?$AAr?$AAe?$AA?$AA@ 0000000000003f28     EfiShellLib:Misc.obj
 0002:00001118       ??_C@_1CM@FKHEOEHO@?$AAW?$AAa?$AAr?$AAn?$AAi?$AAn?$AAg?$AA?5?$AAW?$AAr?$AAi?$AAt?$AAe?$AA?5?$AAF?$AAa?$AAi?$AAl?$AAu?$AAr?$AAe?$AA?$AA@ 0000000000003f58     EfiShellLib:Misc.obj
 0002:00001148       ??_C@_1DC@LAAGMHGB@?$AAW?$AAa?$AAr?$AAn?$AAi?$AAn?$AAg?$AA?5?$AAB?$AAu?$AAf?$AAf?$AAe?$AAr?$AA?5?$AAT?$AAo?$AAo?$AA?5?$AAS?$AAm?$AAa?$AAl?$AAl?$AA?$AA@ 0000000000003f88     EfiShellLib:Misc.obj
 0002:00001180       ??_C@_1CK@CPNEFGBF@?$AAI?$AAn?$AAc?$AAo?$AAm?$AAp?$AAa?$AAt?$AAi?$AAb?$AAl?$AAe?$AA?5?$AAV?$AAe?$AAr?$AAs?$AAi?$AAo?$AAn?$AA?$AA@ 0000000000003fc0     EfiShellLib:Misc.obj
 0002:000011b0       ??_C@_1CG@CONBDECJ@?$AAS?$AAe?$AAc?$AAu?$AAr?$AAi?$AAt?$AAy?$AA?5?$AAV?$AAi?$AAo?$AAl?$AAa?$AAt?$AAi?$AAo?$AAn?$AA?$AA@ 0000000000003ff0     EfiShellLib:Misc.obj
 0002:000011d8       ??_C@_1BE@LNMOCCLF@?$AAC?$AAR?$AAC?$AA?5?$AAE?$AAr?$AAr?$AAo?$AAr?$AA?$AA@ 0000000000004018     EfiShellLib:Misc.obj
 0002:000011f0       ??_C@_1CE@OCFFKMII@?$AAN?$AAo?$AAt?$AA?5?$AAA?$AAv?$AAa?$AAi?$AAl?$AAa?$AAb?$AAl?$AAe?$AA?5?$AAY?$AAe?$AAt?$AA?$AA@ 0000000000004030     EfiShellLib:Misc.obj
 0002:00001218       ??_C@_1BK@BJJGPOPI@?$AAU?$AAn?$AAl?$AAo?$AAa?$AAd?$AA?5?$AAI?$AAm?$AAa?$AAg?$AAe?$AA?$AA@ 0000000000004058     EfiShellLib:Misc.obj
 0002:00001238       ??_C@_1DM@HHKGEKOD@?$AAW?$AAa?$AAr?$AAn?$AAi?$AAn?$AAg?$AA?5?$AAR?$AAe?$AAt?$AAu?$AAr?$AAn?$AA?5?$AAF?$AAr?$AAo?$AAm?$AA?5?$AAL?$AAo?$AAn?$AAg?$AA?5?$AAJ?$AAu?$AAm?$AAp?$AA?$AA@ 0000000000004078     EfiShellLib:Misc.obj
 0002:00001274       ??_C@_15BHOFONJE@?$AA?$CF?$AAX?$AA?$AA@ 00000000000040b4     EfiShellLib:Misc.obj
 0002:00001280       ??_C@_1DI@JHANLOAN@?$AA?$CF?$AA0?$AA2?$AAd?$AA?1?$AA?$CF?$AA0?$AA2?$AAd?$AA?1?$AA?$CF?$AA0?$AA2?$AAd?$AA?5?$AA?5?$AA?$CF?$AA0?$AA2?$AAd?$AA?3?$AA?$CF?$AA0?$AA2?$AAd?$AA?$CF?$AAc?$AA?$AA@ 00000000000040c0     EfiShellLib:Misc.obj
 0002:000012b8       ??_C@_00CNPNBAHC@?$AA@     00000000000040f8     EfiShellLib:Misc.obj
 0002:000012bc       ??_C@_03LKLGDMJI@eng?$AA@  00000000000040fc     EfiShellLib:Misc.obj
 0002:000012c0       ??_C@_05JJLPJMLG@en?9US?$AA@ 0000000000004100     EfiShellLib:Misc.obj
 0002:000012c8       ca                         0000000000004108     EfiShellLib:Misc.obj
 0002:000012e0       HiiInitialized             0000000000004120     EfiShellLib:Init.obj
 0002:000012e8       HiiLibHandle               0000000000004128     EfiShellLib:Init.obj
 0002:000012f0       NumStrings                 0000000000004130     EfiShellLib:Init.obj
 0002:000012f8       ShellLibInitialized        0000000000004138     EfiShellLib:Data.obj
 0002:00001308       gLibHiiDatabase            0000000000004148     EfiShellLib:HiiSupport.obj
 0002:00001310       gLibHiiString              0000000000004150     EfiShellLib:HiiSupport.obj
 0002:00001318       mHiiProtocolsInitialized   0000000000004158     EfiShellLib:HiiSupport.obj
 0002:00001320       RT                         0000000000004160     <common>
 0002:00001340       mPrintMode                 0000000000004180     <common>
 0002:00001378       ST                         00000000000041b8     <common>
 0002:00001380       SE2                        00000000000041c0     <common>
 0002:00001388       SE                         00000000000041c8     <common>
 0002:00001390       BS                         00000000000041d0     <common>
 0002:00001398       SI                         00000000000041d8     <common>
 0002:000013a0       HiiHandle                  00000000000041e0     <common>

 entry point at        0001:00000000

 Static symbols

 0002:000012d0       Hex                        0000000000004110     EfiShellLib:Misc.obj
 0002:00001300       mShellEnv                  0000000000004140     EfiShellLib:Misc.obj
 0003:00000000       $pdata$MountMain           0000000000004200     Mount:mount.obj
 0003:0000000c       $pdata$LibCheckVarGetFlag  000000000000420c     EfiShellLib:VarCheck.obj
 0003:00000018       $pdata$LibCheckVariables   0000000000004218     EfiShellLib:VarCheck.obj
 0003:00000024       $pdata$InitializeUnicodeCollationSupportWorker 0000000000004224     EfiShellLib:Init.obj
 0003:00000030       $pdata$LibInitializeStrings 0000000000004230     EfiShellLib:Init.obj
 0003:0000003c       $pdata$LibInitializeShellApplication 000000000000423c     EfiShellLib:Init.obj
 0003:00000048       $pdata$_SPrint             0000000000004248     EfiShellLib:IO.obj
 0003:00000054       $pdata$SPrint              0000000000004254     EfiShellLib:IO.obj
 0003:00000060       $pdata$PrintToken          0000000000004260     EfiShellLib:IO.obj
 0003:0000006c       $pdata$_IPrint             000000000000426c     EfiShellLib:IO.obj
 0003:00000078       $pdata$PFLUSH              0000000000004278     EfiShellLib:IO.obj
 0003:00000084       $pdata$PSETATTR            0000000000004284     EfiShellLib:IO.obj
 0003:00000090       $pdata$PPUTC               0000000000004290     EfiShellLib:IO.obj
 0003:0000009c       $pdata$PITEM               000000000000429c     EfiShellLib:IO.obj
 0003:000000a8       $pdata$_Print              00000000000042a8     EfiShellLib:IO.obj
 0003:000000b4       $pdata$SetPageBreak        00000000000042b4     EfiShellLib:IO.obj
 0003:000000c0       $pdata$IFlushWithPageBreak 00000000000042c0     EfiShellLib:IO.obj
 0003:000000cc       $pdata$AllocatePool        00000000000042cc     EfiShellLib:Mem.obj
 0003:000000d8       $pdata$AllocateZeroPool    00000000000042d8     EfiShellLib:Mem.obj
 0003:000000e4       $pdata$LibGetVariableAndSize 00000000000042e4     EfiShellLib:Misc.obj
 0003:000000f0       $pdata$GrowBuffer          00000000000042f0     EfiShellLib:Misc.obj
 0003:000000fc       $pdata$GuidToString        00000000000042fc     EfiShellLib:Misc.obj
 0003:00000108       $pdata$ValueToString       0000000000004308     EfiShellLib:Misc.obj
 0003:00000114       $pdata$GetBestLanguage     0000000000004314     EfiShellLib:Misc.obj
 0003:00000120       $pdata$LibSelectBestLanguage 0000000000004320     EfiShellLib:Misc.obj
 0003:0000012c       $pdata$MetaMatch           000000000000432c     EfiShellLib:Str.obj
 0003:00000138       $pdata$StrDuplicate        0000000000004338     EfiShellLib:Str.obj
 0003:00000144       $pdata$LocateHiiProtocols  0000000000004344     EfiShellLib:HiiSupport.obj
 0003:00000150       $pdata$PreparePackageList  0000000000004350     EfiShellLib:HiiSupport.obj
 0003:0000015c       $pdata$LibGetString        000000000000435c     EfiShellLib:HiiSupport.obj
 0003:00000168       $pdata$LibLocateHandle     0000000000004368     EfiShellLib:Handle.obj
 0003:00000174       $pdata$LibLocateProtocol   0000000000004374     EfiShellLib:Handle.obj
 0004:00000000       $unwind$MountMain          0000000000004380     Mount:mount.obj
 0004:0000001c       $unwind$PPUTC              000000000000439c     EfiShellLib:IO.obj
 0004:0000001c       $unwind$LibCheckVarGetFlag 000000000000439c     EfiShellLib:VarCheck.obj
 0004:0000001c       $unwind$PSETATTR           000000000000439c     EfiShellLib:IO.obj
 0004:00000028       $unwind$LibCheckVariables  00000000000043a8     EfiShellLib:VarCheck.obj
 0004:00000040       $unwind$InitializeUnicodeCollationSupportWorker 00000000000043c0     EfiShellLib:Init.obj
 0004:00000054       $unwind$LibInitializeStrings 00000000000043d4     EfiShellLib:Init.obj
 0004:00000060       $unwind$LibInitializeShellApplication 00000000000043e0     EfiShellLib:Init.obj
 0004:00000070       $unwind$AllocateZeroPool   00000000000043f0     EfiShellLib:Mem.obj
 0004:00000070       $unwind$_SPrint            00000000000043f0     EfiShellLib:IO.obj
 0004:00000078       $unwind$SPrint             00000000000043f8     EfiShellLib:IO.obj
 0004:00000084       $unwind$PrintToken         0000000000004404     EfiShellLib:IO.obj
 0004:00000090       $unwind$_IPrint            0000000000004410     EfiShellLib:IO.obj
 0004:0000009c       $unwind$PFLUSH             000000000000441c     EfiShellLib:IO.obj
 0004:000000a8       $unwind$PITEM              0000000000004428     EfiShellLib:IO.obj
 0004:000000c0       $unwind$_Print             0000000000004440     EfiShellLib:IO.obj
 0004:000000e0       $unwind$SetPageBreak       0000000000004460     EfiShellLib:IO.obj
 0004:000000f0       $unwind$IFlushWithPageBreak 0000000000004470     EfiShellLib:IO.obj
 0004:00000108       $unwind$AllocatePool       0000000000004488     EfiShellLib:Mem.obj
 0004:00000108       $unwind$LocateHiiProtocols 0000000000004488     EfiShellLib:HiiSupport.obj
 0004:00000110       $unwind$LibGetVariableAndSize 0000000000004490     EfiShellLib:Misc.obj
 0004:00000120       $unwind$GrowBuffer         00000000000044a0     EfiShellLib:Misc.obj
 0004:00000134       $unwind$GuidToString       00000000000044b4     EfiShellLib:Misc.obj
 0004:0000014c       $unwind$ValueToString      00000000000044cc     EfiShellLib:Misc.obj
 0004:00000154       $unwind$GetBestLanguage    00000000000044d4     EfiShellLib:Misc.obj
 0004:00000164       $unwind$LibSelectBestLanguage 00000000000044e4     EfiShellLib:Misc.obj
 0004:00000174       $unwind$MetaMatch          00000000000044f4     EfiShellLib:Str.obj
 0004:00000184       $unwind$StrDuplicate       0000000000004504     EfiShellLib:Str.obj
 0004:00000194       $unwind$PreparePackageList 0000000000004514     EfiShellLib:HiiSupport.obj
 0004:000001a8       $unwind$LibGetString       0000000000004528     EfiShellLib:HiiSupport.obj
 0004:000001c4       $unwind$LibLocateHandle    0000000000004544     EfiShellLib:Handle.obj
 0004:000001d8       $unwind$LibLocateProtocol  0000000000004558     EfiShellLib:Handle.obj
