 Mem

 Timestamp is 5bc88622 (Thu Oct 18 21:09:54 2018)

 Preferred load address is 0000000000000000

 Start         Length     Name                   Class
 0001:00000000 000046ccH .text$mn                CODE
 0002:00000000 00003110H .data                   DATA
 0002:00003110 0000103cH .rdata                  DATA
 0002:00004160 000000c8H .bss                    DATA
 0003:00000000 000002e8H .pdata                  DATA
 0004:00000000 000002d0H .xdata                  DATA

  Address         Publics by Value              Rva+Base               Lib:Object

 0000:00000000       __guard_fids_table         0000000000000000     <absolute>
 0000:00000000       __guard_flags              0000000000000000     <absolute>
 0000:00000000       __guard_fids_count         0000000000000000     <absolute>
 0001:00000000       DumpMm                     00000000000002a0 f   Mem:mm.obj
 0001:0000012c       MemMainProcOld             00000000000003cc f   Mem:MemCommonPart.obj
 0001:0000045c       MemMainProc                00000000000006fc f   Mem:MemCommonPart.obj
 0001:00000790       EFIMemTableHeaderPrint     0000000000000a30 f   Mem:efidump.obj
 0001:0000087c       DumpMemGenericHeader       0000000000000b1c f   Mem:efidump.obj
 0001:000008b0       DumpMemPartition           0000000000000b50 f   Mem:efidump.obj
 0001:00000928       DumpMemSystemTable         0000000000000bc8 f   Mem:efidump.obj
 0001:00000b40       InitializeUnicodeCollationSupportWorker 0000000000000de0 f   EfiShellLib:Init.obj
 0001:00000c3c       LibInitializeStrings       0000000000000edc f   EfiShellLib:Init.obj
 0001:00000d2c       LibInitializeShellApplication 0000000000000fcc f   EfiShellLib:Init.obj
 0001:00000f94       LibGetVariableAndSize      0000000000001234 f   EfiShellLib:Misc.obj
 0001:00001020       GrowBuffer                 00000000000012c0 f   EfiShellLib:Misc.obj
 0001:000010c0       GuidToString               0000000000001360 f   EfiShellLib:Misc.obj
 0001:000011d0       StatusToString             0000000000001470 f   EfiShellLib:Misc.obj
 0001:00001570       LibGetSystemConfigurationTable 0000000000001810 f   EfiShellLib:Misc.obj
 0001:00001604       ValueToString              00000000000018a4 f   EfiShellLib:Misc.obj
 0001:000016ec       DumpHex                    000000000000198c f   EfiShellLib:Misc.obj
 0001:0000180c       GetBestLanguage            0000000000001aac f   EfiShellLib:Misc.obj
 0001:00001968       LibSelectBestLanguage      0000000000001c08 f   EfiShellLib:Misc.obj
 0001:000019fc       StrTrim                    0000000000001c9c f   EfiShellLib:Str.obj
 0001:00001aac       Xtoi                       0000000000001d4c f   EfiShellLib:Str.obj
 0001:00001b60       LibStubMetaiMatch          0000000000001e00 f   EfiShellLib:Str.obj
 0001:00001b6c       MetaMatch                  0000000000001e0c f   EfiShellLib:Str.obj
 0001:00001d84       LibStubStriCmp             0000000000002024 f   EfiShellLib:Str.obj
 0001:00001e08       LibStubStrUpr              00000000000020a8 f   EfiShellLib:Str.obj
 0001:00001e28       LibStubStrLwr              00000000000020c8 f   EfiShellLib:Str.obj
 0001:00001e48       StrToUIntegerBase          00000000000020e8 f   EfiShellLib:Str.obj
 0001:00001fb4       _SPrint                    0000000000002254 f   EfiShellLib:IO.obj
 0001:0000202c       _PoolCatPrint              00000000000022cc f   EfiShellLib:IO.obj
 0001:00002078       SPrint                     0000000000002318 f   EfiShellLib:IO.obj
 0001:000020ec       Print                      000000000000238c f   EfiShellLib:IO.obj
 0001:00002124       PrintToken                 00000000000023c4 f   EfiShellLib:IO.obj
 0001:000021f0       CatPrint                   0000000000002490 f   EfiShellLib:IO.obj
 0001:0000222c       _IPrint                    00000000000024cc f   EfiShellLib:IO.obj
 0001:000022e0       PFLUSH                     0000000000002580 f   EfiShellLib:IO.obj
 0001:000023a0       PSETATTR                   0000000000002640 f   EfiShellLib:IO.obj
 0001:000023e4       PPUTC                      0000000000002684 f   EfiShellLib:IO.obj
 0001:00002460       PITEM                      0000000000002700 f   EfiShellLib:IO.obj
 0001:00002590       _Print                     0000000000002830 f   EfiShellLib:IO.obj
 0001:00002ba8       SetPageBreak               0000000000002e48 f   EfiShellLib:IO.obj
 0001:00002cbc       IFlushWithPageBreak        0000000000002f5c f   EfiShellLib:IO.obj
 0001:00002e00       _PoolPrint                 00000000000030a0 f   EfiShellLib:IO.obj
 0001:00002e84       LibCheckVarGetFlag         0000000000003124 f   EfiShellLib:VarCheck.obj
 0001:00002ec8       iCompareSetFlag            0000000000003168 f   EfiShellLib:VarCheck.obj
 0001:00002f24       LibCheckVariables          00000000000031c4 f   EfiShellLib:VarCheck.obj
 0001:00003270       CopyMem                    0000000000003510 f   EfiShellLib:Mem.obj
 0001:000032b4       AllocatePool               0000000000003554 f   EfiShellLib:Mem.obj
 0001:000032e8       ReallocatePool             0000000000003588 f   EfiShellLib:Mem.obj
 0001:0000335c       AllocateZeroPool           00000000000035fc f   EfiShellLib:Mem.obj
 0001:00003388       UnpackDevicePath           0000000000003628 f   EfiShellLib:DPath.obj
 0001:00003474       _DevPathPci                0000000000003714 f   EfiShellLib:DPath.obj
 0001:0000348c       _DevPathPccard             000000000000372c f   EfiShellLib:DPath.obj
 0001:000034a0       _DevPathMemMap             0000000000003740 f   EfiShellLib:DPath.obj
 0001:000034c8       _DevPathController         0000000000003768 f   EfiShellLib:DPath.obj
 0001:000034d8       _DevPathVendor             0000000000003778 f   EfiShellLib:DPath.obj
 0001:00003854       _DevPathAcpi               0000000000003af4 f   EfiShellLib:DPath.obj
 0001:00003880       _DevPathExtendedAcpi       0000000000003b20 f   EfiShellLib:DPath.obj
 0001:000039c8       _DevPathAdrAcpi            0000000000003c68 f   EfiShellLib:DPath.obj
 0001:00003a54       _DevPathAtapi              0000000000003cf4 f   EfiShellLib:DPath.obj
 0001:00003a8c       _DevPathScsi               0000000000003d2c f   EfiShellLib:DPath.obj
 0001:00003aa4       _DevPathFibre              0000000000003d44 f   EfiShellLib:DPath.obj
 0001:00003ab8       _DevPath1394               0000000000003d58 f   EfiShellLib:DPath.obj
 0001:00003ac8       _DevPathUsb                0000000000003d68 f   EfiShellLib:DPath.obj
 0001:00003ae0       _DevPathUsbWWID            0000000000003d80 f   EfiShellLib:DPath.obj
 0001:00003b08       _DevPathLogicalUnit        0000000000003da8 f   EfiShellLib:DPath.obj
 0001:00003b1c       _DevPathUsbClass           0000000000003dbc f   EfiShellLib:DPath.obj
 0001:00003b58       _DevPathSata               0000000000003df8 f   EfiShellLib:DPath.obj
 0001:00003ba0       _DevPathI2O                0000000000003e40 f   EfiShellLib:DPath.obj
 0001:00003bb0       _DevPathMacAddr            0000000000003e50 f   EfiShellLib:DPath.obj
 0001:00003c2c       _DevPathIPv4               0000000000003ecc f   EfiShellLib:DPath.obj
 0001:00003c68       _DevPathIPv6               0000000000003f08 f   EfiShellLib:DPath.obj
 0001:00003d5c       _DevPathInfiniBand         0000000000003ffc f   EfiShellLib:DPath.obj
 0001:00003d94       _DevPathUart               0000000000004034 f   EfiShellLib:DPath.obj
 0001:00003e88       _DevPathiSCSI              0000000000004128 f   EfiShellLib:DPath.obj
 0001:00003f80       _DevPathHardDrive          0000000000004220 f   EfiShellLib:DPath.obj
 0001:00003fe0       _DevPathCDROM              0000000000004280 f   EfiShellLib:DPath.obj
 0001:00003ff0       _DevPathFilePath           0000000000004290 f   EfiShellLib:DPath.obj
 0001:00004078       _DevPathMediaProtocol      0000000000004318 f   EfiShellLib:DPath.obj
 0001:00004088       _DevPathFvFilePath         0000000000004328 f   EfiShellLib:DPath.obj
 0001:00004098       _DevPathRelativeOffsetRange 0000000000004338 f   EfiShellLib:DPath.obj
 0001:000040ac       _DevPathBssBss             000000000000434c f   EfiShellLib:DPath.obj
 0001:0000412c       _DevPathEndInstance        00000000000043cc f   EfiShellLib:DPath.obj
 0001:00004138       _DevPathNodeUnknown        00000000000043d8 f   EfiShellLib:DPath.obj
 0001:00004144       _DevPathFvPath             00000000000043e4 f   EfiShellLib:DPath.obj
 0001:00004154       LibDevicePathToStr         00000000000043f4 f   EfiShellLib:DPath.obj
 0001:000042b4       LocateHiiProtocols         0000000000004554 f   EfiShellLib:HiiSupport.obj
 0001:00004300       PreparePackageList         00000000000045a0 f   EfiShellLib:HiiSupport.obj
 0001:000043f4       LibGetString               0000000000004694 f   EfiShellLib:HiiSupport.obj
 0001:00004584       LibLocateHandle            0000000000004824 f   EfiShellLib:Handle.obj
 0001:00004628       LibLocateProtocol          00000000000048c8 f   EfiShellLib:Handle.obj
 0002:00000000       EfiMemGuid                 0000000000004980     Mem:MemCommonPart.obj
 0002:00000010       MemCheckList               0000000000004990     Mem:MemCommonPart.obj
 0002:00000070       MemStrings                 00000000000049f0     Mem:AutoGen.obj
 0002:00002ca0       TableHeader                0000000000007620     Mem:efidump.obj
 0002:00002d18       SESGuid                    0000000000007698     EfiShellLib:Init.obj
 0002:00002d28       PoolAllocationType         00000000000076a8     EfiShellLib:Data.obj
 0002:00002d30       ShellEnvProtocol           00000000000076b0     EfiShellLib:Data.obj
 0002:00002d40       LibStubUnicodeInterface    00000000000076c0     EfiShellLib:Data.obj
 0002:00002d78       UnicodeInterface           00000000000076f8     EfiShellLib:Data.obj
 0002:00002d80       ShellInterfaceProtocol     0000000000007700     EfiShellLib:Misc.obj
 0002:00002d90       mEfiDevicePathMessagingUartFlowControlGuid 0000000000007710     EfiShellLib:DPath.obj
 0002:00002da0       DevPathTable               0000000000007720     EfiShellLib:DPath.obj
 0002:00002fe0       mEfiDevicePathMessagingSASGuid 0000000000007960     EfiShellLib:DPath.obj
 0002:00002ff0       gEfiPciRootBridgeIoProtocolGuid 0000000000007970     EfiProtocolLib:PciRootBridgeIo.obj
 0002:00003000       gEfiDevicePathProtocolGuid 0000000000007980     EfiProtocolLib:DevicePath.obj
 0002:00003010       gEfiLoadedImageProtocolGuid 0000000000007990     EfiProtocolLib:LoadedImage.obj
 0002:00003020       gEfiUnicodeCollation2ProtocolGuid 00000000000079a0     EfiProtocolLib:UnicodeCollation2.obj
 0002:00003030       gEfiUnicodeCollationProtocolGuid 00000000000079b0     EfiProtocolLib:UnicodeCollation.obj
 0002:00003040       gEfiDevicePathToTextProtocolGuid 00000000000079c0     EfiProtocolLib:DevicePathToText.obj
 0002:00003050       gEfiDebugPortProtocolGuid  00000000000079d0     EfiProtocolLib:DebugPort.obj
 0002:00003060       gEfiHiiStringProtocolGuid  00000000000079e0     EfiProtocolLib:HiiString.obj
 0002:00003070       gEfiHiiDatabaseProtocolGuid 00000000000079f0     EfiProtocolLib:HiiDatabase.obj
 0002:00003080       gEfiAcpiTableGuid          0000000000007a00     EfiGuidLib:Acpi.obj
 0002:00003090       gEfiAcpi20TableGuid        0000000000007a10     EfiGuidLib:Acpi.obj
 0002:000030a0       gEfiMpsTableGuid           0000000000007a20     EfiGuidLib:Mps.obj
 0002:000030b0       gEfiSmbiosTableGuid        0000000000007a30     EfiGuidLib:SmBios.obj
 0002:000030c0       gEfiGlobalVariableGuid     0000000000007a40     EfiGuidLib:GlobalVariable.obj
 0002:000030d0       gEfiVTUTF8Guid             0000000000007a50     EfiGuidLib:PcAnsi.obj
 0002:000030e0       gEfiVT100Guid              0000000000007a60     EfiGuidLib:PcAnsi.obj
 0002:000030f0       gEfiVT100PlusGuid          0000000000007a70     EfiGuidLib:PcAnsi.obj
 0002:00003100       gEfiPcAnsiGuid             0000000000007a80     EfiGuidLib:PcAnsi.obj
 0002:00003110       ??_C@_19EILFCCEC@?$AA1?$AA?4?$AA1?$AA0?$AA?$AA@ 0000000000007a90     Mem:mm.obj
 0002:00003120       ??_C@_17EAEGCEML@?$AAm?$AAe?$AAm?$AA?$AA@ 0000000000007aa0     Mem:mm.obj
 0002:00003128       ??_C@_1M@GGGENIPJ@?$AA1?$AA?4?$AA1?$AA?4?$AA1?$AA?$AA@ 0000000000007aa8     Mem:mm.obj
 0002:00003138       ??_C@_1M@DAEIKLGF@?$AA?9?$AAM?$AAM?$AAI?$AAO?$AA?$AA@ 0000000000007ab8     Mem:MemCommonPart.obj
 0002:00003144       ??_C@_15MEBCNIAC@?$AA?9?$AAB?$AA?$AA@ 0000000000007ac4     Mem:MemCommonPart.obj
 0002:0000314c       ??_C@_15FNEHKAED@?$AA?9?$AA?$DP?$AA?$AA@ 0000000000007acc     Mem:MemCommonPart.obj
 0002:00003158       ??_C@_1M@NDGNODHJ@?$AA?$DL?$AAM?$AAM?$AAI?$AAO?$AA?$AA@ 0000000000007ad8     Mem:MemCommonPart.obj
 0002:00003164       ??_C@_15GECAHHDM@?$AA?9?$AAb?$AA?$AA@ 0000000000007ae4     Mem:MemCommonPart.obj
 0002:00003170       ??_C@_1CA@DFHAODOI@?$AAP?$AAc?$AAi?$AAR?$AAo?$AAo?$AAt?$AAB?$AAr?$AAi?$AAd?$AAg?$AAe?$AAI?$AAo?$AA?$AA@ 0000000000007af0     Mem:MemCommonPart.obj
 0002:00003190       ??_C@_13LBAGMAIH@?$AA?6?$AA?$AA@ 0000000000007b10     Mem:efidump.obj
 0002:00003198       ??_C@_1BE@CBCOEOIA@?$AAP?$AAa?$AAr?$AAt?$AAi?$AAt?$AAi?$AAo?$AAn?$AA?$AA@ 0000000000007b18     Mem:efidump.obj
 0002:000031b0       ??_C@_1O@GINMMDNN@?$AAS?$AAy?$AAs?$AAt?$AAe?$AAm?$AA?$AA@ 0000000000007b30     Mem:efidump.obj
 0002:000031c0       ??_C@_1BM@OOPJGICC@?$AAB?$AAo?$AAo?$AAt?$AA?5?$AAS?$AAe?$AAr?$AAv?$AAi?$AAc?$AAe?$AAs?$AA?$AA@ 0000000000007b40     Mem:efidump.obj
 0002:000031e0       ??_C@_1CC@DPAHCAMA@?$AAR?$AAu?$AAn?$AAt?$AAi?$AAm?$AAe?$AA?5?$AAS?$AAe?$AAr?$AAv?$AAi?$AAc?$AAe?$AAs?$AA?$AA@ 0000000000007b60     Mem:efidump.obj
 0002:00003204       ??_C@_11LOCGONAA@?$AA?$AA@ 0000000000007b84     Mem:efidump.obj
 0002:00003206       ??_C@_00CNPNBAHC@?$AA@     0000000000007b86     Mem:efidump.obj
 0002:00003208       ??_C@_04ECGLBLOI@?9?9?9?9?$AA@ 0000000000007b88     Mem:efidump.obj
 0002:00003210       ??_C@_03JFAFOAIM@LBA?$AA@  0000000000007b90     Mem:efidump.obj
 0002:00003218       ??_C@_07EODJIPPN@Address?$AA@ 0000000000007b98     Mem:efidump.obj
 0002:00003220       ??_C@_19BALNHBBC@?$AAL?$AAa?$AAn?$AAg?$AA?$AA@ 0000000000007ba0     EfiShellLib:Misc.obj
 0002:00003230       ??_C@_1BK@GGGENMOA@?$AAP?$AAl?$AAa?$AAt?$AAf?$AAo?$AAr?$AAm?$AAL?$AAa?$AAn?$AAg?$AA?$AA@ 0000000000007bb0     EfiShellLib:Misc.obj
 0002:0000324c       ??_C@_15GANGMFKL@?$AA?$CF?$AAs?$AA?$AA@ 0000000000007bcc     EfiShellLib:Misc.obj
 0002:00003260       ??_C@_1GC@MIJCAPDC@?$AA?$CF?$AA0?$AA8?$AAx?$AA?9?$AA?$CF?$AA0?$AA4?$AAx?$AA?9?$AA?$CF?$AA0?$AA4?$AAx?$AA?9?$AA?$CF?$AA0?$AA2?$AAx?$AA?$CF?$AA0?$AA2?$AAx?$AA?9?$AA?$CF?$AA0?$AA2?$AAx?$AA?$CF?$AA0?$AA2?$AAx@ 0000000000007be0     EfiShellLib:Misc.obj
 0002:000032c8       ??_C@_1BA@JFDCMKFN@?$AAS?$AAu?$AAc?$AAc?$AAe?$AAs?$AAs?$AA?$AA@ 0000000000007c48     EfiShellLib:Misc.obj
 0002:000032d8       ??_C@_1BG@IPPBEJLN@?$AAL?$AAo?$AAa?$AAd?$AA?5?$AAE?$AAr?$AAr?$AAo?$AAr?$AA?$AA@ 0000000000007c58     EfiShellLib:Misc.obj
 0002:000032f0       ??_C@_1CE@FAJJAJHO@?$AAI?$AAn?$AAv?$AAa?$AAl?$AAi?$AAd?$AA?5?$AAP?$AAa?$AAr?$AAa?$AAm?$AAe?$AAt?$AAe?$AAr?$AA?$AA@ 0000000000007c70     EfiShellLib:Misc.obj
 0002:00003318       ??_C@_1BI@HACEKCKB@?$AAU?$AAn?$AAs?$AAu?$AAp?$AAp?$AAo?$AAr?$AAt?$AAe?$AAd?$AA?$AA@ 0000000000007c98     EfiShellLib:Misc.obj
 0002:00003330       ??_C@_1CA@MKNIKBGN@?$AAB?$AAa?$AAd?$AA?5?$AAB?$AAu?$AAf?$AAf?$AAe?$AAr?$AA?5?$AAS?$AAi?$AAz?$AAe?$AA?$AA@ 0000000000007cb0     EfiShellLib:Misc.obj
 0002:00003350       ??_C@_1CC@GADLJCKI@?$AAB?$AAu?$AAf?$AAf?$AAe?$AAr?$AA?5?$AAT?$AAo?$AAo?$AA?5?$AAS?$AAm?$AAa?$AAl?$AAl?$AA?$AA@ 0000000000007cd0     EfiShellLib:Misc.obj
 0002:00003378       ??_C@_1BE@HFDAGNKF@?$AAN?$AAo?$AAt?$AA?5?$AAR?$AAe?$AAa?$AAd?$AAy?$AA?$AA@ 0000000000007cf8     EfiShellLib:Misc.obj
 0002:00003390       ??_C@_1BK@MPLHBIOA@?$AAD?$AAe?$AAv?$AAi?$AAc?$AAe?$AA?5?$AAE?$AAr?$AAr?$AAo?$AAr?$AA?$AA@ 0000000000007d10     EfiShellLib:Misc.obj
 0002:000033b0       ??_C@_1CA@PAGBHICH@?$AAW?$AAr?$AAi?$AAt?$AAe?$AA?5?$AAP?$AAr?$AAo?$AAt?$AAe?$AAc?$AAt?$AAe?$AAd?$AA?$AA@ 0000000000007d30     EfiShellLib:Misc.obj
 0002:000033d0       ??_C@_1CC@JDEEHPBA@?$AAO?$AAu?$AAt?$AA?5?$AAo?$AAf?$AA?5?$AAR?$AAe?$AAs?$AAo?$AAu?$AAr?$AAc?$AAe?$AAs?$AA?$AA@ 0000000000007d50     EfiShellLib:Misc.obj
 0002:000033f8       ??_C@_1CC@IIFGLPAC@?$AAV?$AAo?$AAl?$AAu?$AAm?$AAe?$AA?5?$AAC?$AAo?$AAr?$AAr?$AAu?$AAp?$AAt?$AAe?$AAd?$AA?$AA@ 0000000000007d78     EfiShellLib:Misc.obj
 0002:00003420       ??_C@_1BI@KDMJOJPB@?$AAV?$AAo?$AAl?$AAu?$AAm?$AAe?$AA?5?$AAF?$AAu?$AAl?$AAl?$AA?$AA@ 0000000000007da0     EfiShellLib:Misc.obj
 0002:00003438       ??_C@_1BC@CAEJNJKB@?$AAN?$AAo?$AA?5?$AAM?$AAe?$AAd?$AAi?$AAa?$AA?$AA@ 0000000000007db8     EfiShellLib:Misc.obj
 0002:00003450       ??_C@_1BM@CGJAEDJP@?$AAM?$AAe?$AAd?$AAi?$AAa?$AA?5?$AAC?$AAh?$AAa?$AAn?$AAg?$AAe?$AAd?$AA?$AA@ 0000000000007dd0     EfiShellLib:Misc.obj
 0002:00003470       ??_C@_1BE@JGBFLIBK@?$AAN?$AAo?$AAt?$AA?5?$AAF?$AAo?$AAu?$AAn?$AAd?$AA?$AA@ 0000000000007df0     EfiShellLib:Misc.obj
 0002:00003488       ??_C@_1BM@HDPINFLL@?$AAA?$AAc?$AAc?$AAe?$AAs?$AAs?$AA?5?$AAD?$AAe?$AAn?$AAi?$AAe?$AAd?$AA?$AA@ 0000000000007e08     EfiShellLib:Misc.obj
 0002:000034a8       ??_C@_1BI@JIAAMNOB@?$AAN?$AAo?$AA?5?$AAR?$AAe?$AAs?$AAp?$AAo?$AAn?$AAs?$AAe?$AA?$AA@ 0000000000007e28     EfiShellLib:Misc.obj
 0002:000034c0       ??_C@_1BG@OHLJONME@?$AAN?$AAo?$AA?5?$AAM?$AAa?$AAp?$AAp?$AAi?$AAn?$AAg?$AA?$AA@ 0000000000007e40     EfiShellLib:Misc.obj
 0002:000034d8       ??_C@_1BC@GINMNENH@?$AAT?$AAi?$AAm?$AAe?$AA?5?$AAO?$AAu?$AAt?$AA?$AA@ 0000000000007e58     EfiShellLib:Misc.obj
 0002:000034f0       ??_C@_1BI@MNIOFEEM@?$AAN?$AAo?$AAt?$AA?5?$AAS?$AAt?$AAa?$AAr?$AAt?$AAe?$AAd?$AA?$AA@ 0000000000007e70     EfiShellLib:Misc.obj
 0002:00003508       ??_C@_1CA@CNMNDJCM@?$AAA?$AAl?$AAr?$AAe?$AAa?$AAd?$AAy?$AA?5?$AAS?$AAt?$AAa?$AAr?$AAt?$AAe?$AAd?$AA?$AA@ 0000000000007e88     EfiShellLib:Misc.obj
 0002:00003528       ??_C@_1BA@JCPMFPEO@?$AAA?$AAb?$AAo?$AAr?$AAt?$AAe?$AAd?$AA?$AA@ 0000000000007ea8     EfiShellLib:Misc.obj
 0002:00003538       ??_C@_1BG@GJCEBLMD@?$AAI?$AAC?$AAM?$AAP?$AA?5?$AAE?$AAr?$AAr?$AAo?$AAr?$AA?$AA@ 0000000000007eb8     EfiShellLib:Misc.obj
 0002:00003550       ??_C@_1BG@MPDDBEKI@?$AAT?$AAF?$AAT?$AAP?$AA?5?$AAE?$AAr?$AAr?$AAo?$AAr?$AA?$AA@ 0000000000007ed0     EfiShellLib:Misc.obj
 0002:00003568       ??_C@_1BO@MGICIKC@?$AAP?$AAr?$AAo?$AAt?$AAo?$AAc?$AAo?$AAl?$AA?5?$AAE?$AAr?$AAr?$AAo?$AAr?$AA?$AA@ 0000000000007ee8     EfiShellLib:Misc.obj
 0002:00003588       ??_C@_1CM@OIKNIHHI@?$AAW?$AAa?$AAr?$AAn?$AAi?$AAn?$AAg?$AA?5?$AAU?$AAn?$AAk?$AAn?$AAo?$AAw?$AAn?$AA?5?$AAG?$AAl?$AAy?$AAp?$AAh?$AA?$AA@ 0000000000007f08     EfiShellLib:Misc.obj
 0002:000035b8       ??_C@_1CO@MFHEGPPN@?$AAW?$AAa?$AAr?$AAn?$AAi?$AAn?$AAg?$AA?5?$AAD?$AAe?$AAl?$AAe?$AAt?$AAe?$AA?5?$AAF?$AAa?$AAi?$AAl?$AAu?$AAr?$AAe?$AA?$AA@ 0000000000007f38     EfiShellLib:Misc.obj
 0002:000035e8       ??_C@_1CM@FKHEOEHO@?$AAW?$AAa?$AAr?$AAn?$AAi?$AAn?$AAg?$AA?5?$AAW?$AAr?$AAi?$AAt?$AAe?$AA?5?$AAF?$AAa?$AAi?$AAl?$AAu?$AAr?$AAe?$AA?$AA@ 0000000000007f68     EfiShellLib:Misc.obj
 0002:00003618       ??_C@_1DC@LAAGMHGB@?$AAW?$AAa?$AAr?$AAn?$AAi?$AAn?$AAg?$AA?5?$AAB?$AAu?$AAf?$AAf?$AAe?$AAr?$AA?5?$AAT?$AAo?$AAo?$AA?5?$AAS?$AAm?$AAa?$AAl?$AAl?$AA?$AA@ 0000000000007f98     EfiShellLib:Misc.obj
 0002:00003650       ??_C@_1CK@CPNEFGBF@?$AAI?$AAn?$AAc?$AAo?$AAm?$AAp?$AAa?$AAt?$AAi?$AAb?$AAl?$AAe?$AA?5?$AAV?$AAe?$AAr?$AAs?$AAi?$AAo?$AAn?$AA?$AA@ 0000000000007fd0     EfiShellLib:Misc.obj
 0002:00003680       ??_C@_1CG@CONBDECJ@?$AAS?$AAe?$AAc?$AAu?$AAr?$AAi?$AAt?$AAy?$AA?5?$AAV?$AAi?$AAo?$AAl?$AAa?$AAt?$AAi?$AAo?$AAn?$AA?$AA@ 0000000000008000     EfiShellLib:Misc.obj
 0002:000036a8       ??_C@_1BE@LNMOCCLF@?$AAC?$AAR?$AAC?$AA?5?$AAE?$AAr?$AAr?$AAo?$AAr?$AA?$AA@ 0000000000008028     EfiShellLib:Misc.obj
 0002:000036c0       ??_C@_1CE@OCFFKMII@?$AAN?$AAo?$AAt?$AA?5?$AAA?$AAv?$AAa?$AAi?$AAl?$AAa?$AAb?$AAl?$AAe?$AA?5?$AAY?$AAe?$AAt?$AA?$AA@ 0000000000008040     EfiShellLib:Misc.obj
 0002:000036e8       ??_C@_1BK@BJJGPOPI@?$AAU?$AAn?$AAl?$AAo?$AAa?$AAd?$AA?5?$AAI?$AAm?$AAa?$AAg?$AAe?$AA?$AA@ 0000000000008068     EfiShellLib:Misc.obj
 0002:00003708       ??_C@_1DM@HHKGEKOD@?$AAW?$AAa?$AAr?$AAn?$AAi?$AAn?$AAg?$AA?5?$AAR?$AAe?$AAt?$AAu?$AAr?$AAn?$AA?5?$AAF?$AAr?$AAo?$AAm?$AA?5?$AAL?$AAo?$AAn?$AAg?$AA?5?$AAJ?$AAu?$AAm?$AAp?$AA?$AA@ 0000000000008088     EfiShellLib:Misc.obj
 0002:00003744       ??_C@_15BHOFONJE@?$AA?$CF?$AAX?$AA?$AA@ 00000000000080c4     EfiShellLib:Misc.obj
 0002:00003750       ??_C@_1DI@JHANLOAN@?$AA?$CF?$AA0?$AA2?$AAd?$AA?1?$AA?$CF?$AA0?$AA2?$AAd?$AA?1?$AA?$CF?$AA0?$AA2?$AAd?$AA?5?$AA?5?$AA?$CF?$AA0?$AA2?$AAd?$AA?3?$AA?$CF?$AA0?$AA2?$AAd?$AA?$CF?$AAc?$AA?$AA@ 00000000000080d0     EfiShellLib:Misc.obj
 0002:00003788       ??_C@_1CI@HDPFGKPN@?$AA?$CF?$AA?$CK?$AAa?$AA?$CF?$AAX?$AA?3?$AA?5?$AA?$CF?$AA?9?$AA?4?$AA4?$AA8?$AAa?$AA?5?$AA?$CK?$AA?$CF?$AAa?$AA?$CK?$AA?6?$AA?$AA@ 0000000000008108     EfiShellLib:Misc.obj
 0002:000037b0       ??_C@_03LKLGDMJI@eng?$AA@  0000000000008130     EfiShellLib:Misc.obj
 0002:000037b4       ??_C@_05JJLPJMLG@en?9US?$AA@ 0000000000008134     EfiShellLib:Misc.obj
 0002:000037bc       ca                         000000000000813c     EfiShellLib:Misc.obj
 0002:000037d0       ??_C@_06OJHGLDPL@?$CInull?$CJ?$AA@ 0000000000008150     EfiShellLib:IO.obj
 0002:000037d8       ??_C@_1O@CEDCILHN@?$AA?$CI?$AAn?$AAu?$AAl?$AAl?$AA?$CJ?$AA?$AA@ 0000000000008158     EfiShellLib:IO.obj
 0002:000037f0       ??_C@_1EM@PFLICCFE@?$AAP?$AAr?$AAe?$AAs?$AAs?$AA?5?$AAE?$AAN?$AAT?$AAE?$AAR?$AA?5?$AAt?$AAo?$AA?5?$AAc?$AAo?$AAn?$AAt?$AAi?$AAn?$AAu?$AAe?$AA?0?$AA?5?$AA?8?$AAq?$AA?8?$AA?5?$AAt?$AAo?$AA?5@ 0000000000008170     EfiShellLib:IO.obj
 0002:0000383c       ??_C@_15JNBOKNOG@?$AA?$AN?$AA?6?$AA?$AA@ 00000000000081bc     EfiShellLib:IO.obj
 0002:00003848       ??_C@_1BG@MDAPCJEC@?$AAP?$AAc?$AAi?$AA?$CI?$AA?$CF?$AAx?$AA?$HM?$AA?$CF?$AAx?$AA?$CJ?$AA?$AA@ 00000000000081c8     EfiShellLib:DPath.obj
 0002:00003860       ??_C@_1CG@GFOOBBGG@?$AAP?$AAc?$AAc?$AAa?$AAr?$AAd?$AA?$CI?$AAF?$AAu?$AAn?$AAc?$AAt?$AAi?$AAo?$AAn?$AA?$CF?$AAx?$AA?$CJ?$AA?$AA@ 00000000000081e0     EfiShellLib:DPath.obj
 0002:00003888       ??_C@_1CG@COPCJGED@?$AAM?$AAe?$AAm?$AAM?$AAa?$AAp?$AA?$CI?$AA?$CF?$AAd?$AA?3?$AA?$CF?$AAl?$AAx?$AA?9?$AA?$CF?$AAl?$AAx?$AA?$CJ?$AA?$AA@ 0000000000008208     EfiShellLib:DPath.obj
 0002:000038b0       ??_C@_1BC@EGKCLGKB@?$AAC?$AAt?$AAr?$AAl?$AA?$CI?$AA?$CF?$AAd?$AA?$CJ?$AA?$AA@ 0000000000008230     EfiShellLib:DPath.obj
 0002:000038c4       ??_C@_15FLNOEOHI@?$AAH?$AAw?$AA?$AA@ 0000000000008244     EfiShellLib:DPath.obj
 0002:000038d0       ??_C@_17DACEHHP@?$AAM?$AAs?$AAg?$AA?$AA@ 0000000000008250     EfiShellLib:DPath.obj
 0002:000038d8       ??_C@_1BI@PHHNEBMB@?$AAV?$AAe?$AAn?$AAP?$AAc?$AAA?$AAn?$AAs?$AAi?$AA?$CI?$AA?$CJ?$AA?$AA@ 0000000000008258     EfiShellLib:DPath.obj
 0002:000038f0       ??_C@_1BG@IAIKNGNN@?$AAV?$AAe?$AAn?$AAV?$AAt?$AA1?$AA0?$AA0?$AA?$CI?$AA?$CJ?$AA?$AA@ 0000000000008270     EfiShellLib:DPath.obj
 0002:00003908       ??_C@_1BO@COEKAAEN@?$AAV?$AAe?$AAn?$AAV?$AAt?$AA1?$AA0?$AA0?$AAP?$AAl?$AAu?$AAs?$AA?$CI?$AA?$CJ?$AA?$AA@ 0000000000008288     EfiShellLib:DPath.obj
 0002:00003928       ??_C@_1BE@EAENEGNC@?$AAV?$AAe?$AAn?$AAU?$AAf?$AAt?$AA8?$AA?$CI?$AA?$CJ?$AA?$AA@ 00000000000082a8     EfiShellLib:DPath.obj
 0002:00003940       ??_C@_19KLMLHLJG@?$AAN?$AAo?$AAn?$AAe?$AA?$AA@ 00000000000082c0     EfiShellLib:DPath.obj
 0002:00003950       ??_C@_1CC@FKEHNDLA@?$AAU?$AAa?$AAr?$AAt?$AAF?$AAl?$AAo?$AAw?$AAC?$AAt?$AAr?$AAl?$AA?$CI?$AA?$CF?$AAs?$AA?$CJ?$AA?$AA@ 00000000000082d0     EfiShellLib:DPath.obj
 0002:00003978       ??_C@_1BC@MAICEHGI@?$AAH?$AAa?$AAr?$AAd?$AAw?$AAa?$AAr?$AAe?$AA?$AA@ 00000000000082f8     EfiShellLib:DPath.obj
 0002:00003990       ??_C@_1BA@NAMMFHHL@?$AAX?$AAo?$AAn?$AAX?$AAo?$AAf?$AAf?$AA?$AA@ 0000000000008310     EfiShellLib:DPath.obj
 0002:000039a0       ??_C@_1CA@GPHPHMMO@?$AAS?$AAA?$AAS?$AA?$CI?$AA?$CF?$AAl?$AAx?$AA?0?$AA?$CF?$AAl?$AAx?$AA?0?$AA?$CF?$AAx?$AA?0?$AA?$AA@ 0000000000008320     EfiShellLib:DPath.obj
 0002:000039c0       ??_C@_1CE@FDCOMKL@?$AAN?$AAo?$AAT?$AAo?$AAp?$AAo?$AAl?$AAo?$AAg?$AAy?$AA?0?$AA0?$AA?0?$AA0?$AA?0?$AA0?$AA?0?$AA?$AA@ 0000000000008340     EfiShellLib:DPath.obj
 0002:000039e8       ??_C@_1BC@EEIMPKHO@?$AAE?$AAx?$AAp?$AAa?$AAn?$AAd?$AAe?$AAd?$AA?$AA@ 0000000000008368     EfiShellLib:DPath.obj
 0002:00003a00       ??_C@_1O@MDCABJAO@?$AAD?$AAi?$AAr?$AAe?$AAc?$AAt?$AA?$AA@ 0000000000008380     EfiShellLib:DPath.obj
 0002:00003a10       ??_C@_1BC@KMFBFJEN@?$AAE?$AAx?$AAt?$AAe?$AAr?$AAn?$AAa?$AAl?$AA?$AA@ 0000000000008390     EfiShellLib:DPath.obj
 0002:00003a28       ??_C@_1BC@FBOHHDN@?$AAI?$AAn?$AAt?$AAe?$AAr?$AAn?$AAa?$AAl?$AA?$AA@ 00000000000083a8     EfiShellLib:DPath.obj
 0002:00003a40       ??_C@_19BPNGBNAI@?$AAS?$AAA?$AAT?$AAA?$AA?$AA@ 00000000000083c0     EfiShellLib:DPath.obj
 0002:00003a50       ??_C@_17FMMIKNDG@?$AAS?$AAA?$AAS?$AA?$AA@ 00000000000083d0     EfiShellLib:DPath.obj
 0002:00003a58       ??_C@_1BE@MLBJKAMN@?$AA?$CF?$AAs?$AA?0?$AA?$CF?$AAs?$AA?0?$AA?$CF?$AAs?$AA?0?$AA?$AA@ 00000000000083d8     EfiShellLib:DPath.obj
 0002:00003a6c       ??_C@_15KAKDEJHH@?$AA0?$AA?0?$AA?$AA@ 00000000000083ec     EfiShellLib:DPath.obj
 0002:00003a78       ??_C@_17CGNONDIO@?$AA?$CF?$AAx?$AA?0?$AA?$AA@ 00000000000083f8     EfiShellLib:DPath.obj
 0002:00003a80       ??_C@_1BC@MFEFEMOI@?$AA0?$AA?0?$AA0?$AA?0?$AA0?$AA?0?$AA0?$AA?0?$AA?$AA@ 0000000000008400     EfiShellLib:DPath.obj
 0002:00003a98       ??_C@_17BBAACDLM@?$AA?$CF?$AAx?$AA?$CJ?$AA?$AA@ 0000000000008418     EfiShellLib:DPath.obj
 0002:00003aa0       ??_C@_1BI@IHPCIEPJ@?$AAD?$AAe?$AAb?$AAu?$AAg?$AAP?$AAo?$AAr?$AAt?$AA?$CI?$AA?$CJ?$AA?$AA@ 0000000000008420     EfiShellLib:DPath.obj
 0002:00003ab8       ??_C@_1M@OFOICAAP@?$AAM?$AAe?$AAd?$AAi?$AAa?$AA?$AA@ 0000000000008438     EfiShellLib:DPath.obj
 0002:00003ac4       ??_C@_13HGPDMIBE@?$AA?$DP?$AA?$AA@ 0000000000008444     EfiShellLib:DPath.obj
 0002:00003ac8       ??_C@_1BC@EAAHJKNI@?$AAV?$AAe?$AAn?$AA?$CF?$AAs?$AA?$CI?$AA?$CF?$AAg?$AA?$AA@ 0000000000008448     EfiShellLib:DPath.obj
 0002:00003adc       ??_C@_13DEFPDAGF@?$AA?0?$AA?$AA@ 000000000000845c     EfiShellLib:DPath.obj
 0002:00003ae0       ??_C@_19NHPFCCLF@?$AA?$CF?$AA0?$AA2?$AAx?$AA?$AA@ 0000000000008460     EfiShellLib:DPath.obj
 0002:00003aec       ??_C@_13DIBMAFH@?$AA?$CJ?$AA?$AA@ 000000000000846c     EfiShellLib:DPath.obj
 0002:00003af0       ??_C@_1CC@FJOIFOI@?$AAA?$AAc?$AAp?$AAi?$AA?$CI?$AAP?$AAN?$AAP?$AA?$CF?$AA0?$AA4?$AAx?$AA?0?$AA?$CF?$AAx?$AA?$CJ?$AA?$AA@ 0000000000008470     EfiShellLib:DPath.obj
 0002:00003b18       ??_C@_1BM@EKDANHGG@?$AAA?$AAc?$AAp?$AAi?$AA?$CI?$AA?$CF?$AA0?$AA8?$AAx?$AA?0?$AA?$CF?$AAx?$AA?$CJ?$AA?$AA@ 0000000000008498     EfiShellLib:DPath.obj
 0002:00003b38       ??_C@_1BA@IJNMBDIJ@?$AAA?$AAc?$AAp?$AAi?$AAE?$AAx?$AA?$CI?$AA?$AA@ 00000000000084b8     EfiShellLib:DPath.obj
 0002:00003b48       ??_C@_1BC@MBEODLHL@?$AAP?$AAN?$AAP?$AA?$CF?$AA0?$AA4?$AAx?$AA?0?$AA?$AA@ 00000000000084c8     EfiShellLib:DPath.obj
 0002:00003b60       ??_C@_1M@DHPGMAKC@?$AA?$CF?$AA0?$AA8?$AAx?$AA?0?$AA?$AA@ 00000000000084e0     EfiShellLib:DPath.obj
 0002:00003b70       ??_C@_17CAHIANN@?$AA?$CF?$AAa?$AA?0?$AA?$AA@ 00000000000084f0     EfiShellLib:DPath.obj
 0002:00003b78       ??_C@_1M@OOAJBNEB@?$AAN?$AAU?$AAL?$AAL?$AA?0?$AA?$AA@ 00000000000084f8     EfiShellLib:DPath.obj
 0002:00003b88       ??_C@_17DFNJHAOP@?$AA?$CF?$AAa?$AA?$CJ?$AA?$AA@ 0000000000008508     EfiShellLib:DPath.obj
 0002:00003b90       ??_C@_1M@NJNHONHD@?$AAN?$AAU?$AAL?$AAL?$AA?$CJ?$AA?$AA@ 0000000000008510     EfiShellLib:DPath.obj
 0002:00003ba0       ??_C@_1BG@PBGINCJO@?$AAA?$AAc?$AAp?$AAi?$AAA?$AAd?$AAr?$AA?$CI?$AA?$CF?$AAx?$AA?$AA@ 0000000000008520     EfiShellLib:DPath.obj
 0002:00003bb8       ??_C@_17MNOOELHJ@?$AA?0?$AA?$CF?$AAx?$AA?$AA@ 0000000000008538     EfiShellLib:DPath.obj
 0002:00003bc0       ??_C@_1M@MJNGBMFK@?$AAS?$AAl?$AAa?$AAv?$AAe?$AA?$AA@ 0000000000008540     EfiShellLib:DPath.obj
 0002:00003bd0       ??_C@_1O@MHJLHGPK@?$AAM?$AAa?$AAs?$AAt?$AAe?$AAr?$AA?$AA@ 0000000000008550     EfiShellLib:DPath.obj
 0002:00003be0       ??_C@_1BE@BGLPHBHD@?$AAS?$AAe?$AAc?$AAo?$AAn?$AAd?$AAa?$AAr?$AAy?$AA?$AA@ 0000000000008560     EfiShellLib:DPath.obj
 0002:00003bf8       ??_C@_1BA@NGCDBIG@?$AAP?$AAr?$AAi?$AAm?$AAa?$AAr?$AAy?$AA?$AA@ 0000000000008578     EfiShellLib:DPath.obj
 0002:00003c08       ??_C@_1BG@MJECHGPM@?$AAA?$AAt?$AAa?$AA?$CI?$AA?$CF?$AAs?$AA?0?$AA?$CF?$AAs?$AA?$CJ?$AA?$AA@ 0000000000008588     EfiShellLib:DPath.obj
 0002:00003c20       ??_C@_1CE@KKBOILKH@?$AAS?$AAc?$AAs?$AAi?$AA?$CI?$AAP?$AAu?$AAn?$AA?$CF?$AAx?$AA?0?$AAL?$AAu?$AAn?$AA?$CF?$AAx?$AA?$CJ?$AA?$AA@ 00000000000085a0     EfiShellLib:DPath.obj
 0002:00003c48       ??_C@_1CK@MODBBGJP@?$AAF?$AAi?$AAb?$AAr?$AAe?$AA?$CI?$AAW?$AAw?$AAn?$AA?$CF?$AAl?$AAx?$AA?0?$AAL?$AAu?$AAn?$AA?$CF?$AAl?$AAx?$AA?$CJ?$AA?$AA@ 00000000000085c8     EfiShellLib:DPath.obj
 0002:00003c78       ??_C@_1BE@GCELKCLM@?$AA1?$AA3?$AA9?$AA4?$AA?$CI?$AA?$CF?$AAl?$AAx?$AA?$CJ?$AA?$AA@ 00000000000085f8     EfiShellLib:DPath.obj
 0002:00003c90       ??_C@_1BG@CMIDIAIB@?$AAU?$AAs?$AAb?$AA?$CI?$AA?$CF?$AAx?$AA?0?$AA?$CF?$AAx?$AA?$CJ?$AA?$AA@ 0000000000008610     EfiShellLib:DPath.obj
 0002:00003ca8       ??_C@_1DC@LJNIKMC@?$AAU?$AAs?$AAb?$AAW?$AAw?$AAi?$AAd?$AA?$CI?$AA?$CF?$AAx?$AA?0?$AA?$CF?$AAx?$AA?0?$AA?$CF?$AAx?$AA?0?$AA?$CC?$AAW?$AAW?$AAI?$AAD?$AA?$CC?$AA?$CJ?$AA?$AA@ 0000000000008628     EfiShellLib:DPath.obj
 0002:00003ce0       ??_C@_1BC@CDGDIMON@?$AAU?$AAn?$AAi?$AAt?$AA?$CI?$AA?$CF?$AAx?$AA?$CJ?$AA?$AA@ 0000000000008660     EfiShellLib:DPath.obj
 0002:00003cf8       ??_C@_1DE@OFNCNPGK@?$AAU?$AAs?$AAb?$AA?5?$AAC?$AAl?$AAa?$AAs?$AAs?$AA?$CI?$AA?$CF?$AAx?$AA?0?$AA?$CF?$AAx?$AA?0?$AA?$CF?$AAx?$AA?0?$AA?$CF?$AAx?$AA?0?$AA?$CF?$AAx?$AA?$CJ?$AA?$AA@ 0000000000008678     EfiShellLib:DPath.obj
 0002:00003d30       ??_C@_1BI@FAMJOHJC@?$AAS?$AAa?$AAt?$AAa?$AA?$CI?$AA?$CF?$AAx?$AA?0?$AA?$CF?$AAx?$AA?$CJ?$AA?$AA@ 00000000000086b0     EfiShellLib:DPath.obj
 0002:00003d48       ??_C@_1BO@MAFHOLNF@?$AAS?$AAa?$AAt?$AAa?$AA?$CI?$AA?$CF?$AAx?$AA?0?$AA?$CF?$AAx?$AA?0?$AA?$CF?$AAx?$AA?$CJ?$AA?$AA@ 00000000000086c8     EfiShellLib:DPath.obj
 0002:00003d68       ??_C@_1BA@DPFJKEBI@?$AAI?$AA2?$AAO?$AA?$CI?$AA?$CF?$AAx?$AA?$CJ?$AA?$AA@ 00000000000086e8     EfiShellLib:DPath.obj
 0002:00003d78       ??_C@_19IAJGEBJJ@?$AAM?$AAa?$AAc?$AA?$CI?$AA?$AA@ 00000000000086f8     EfiShellLib:DPath.obj
 0002:00003d88       ??_C@_1CK@LDLKDNE@?$AAI?$AAP?$AAv?$AA4?$AA?$CI?$AA?$CF?$AAd?$AA?4?$AA?$CF?$AAd?$AA?4?$AA?$CF?$AAd?$AA?4?$AA?$CF?$AAd?$AA?3?$AA?$CF?$AAd?$AA?$CJ?$AA?$AA@ 0000000000008708     EfiShellLib:DPath.obj
 0002:00003dc0       ??_C@_1JM@HHADDJKA@?$AAI?$AAP?$AAv?$AA6?$AA?$CI?$AA?$CF?$AA0?$AA2?$AAx?$AA?$CF?$AA0?$AA2?$AAx?$AA?3?$AA?$CF?$AA0?$AA2?$AAx?$AA?$CF?$AA0?$AA2?$AAx?$AA?3?$AA?$CF?$AA0?$AA2?$AAx?$AA?$CF?$AA0?$AA2?$AAx?$AA?3@ 0000000000008740     EfiShellLib:DPath.obj
 0002:00003e60       ??_C@_1DM@EGNCJEEH@?$AAI?$AAn?$AAf?$AAi?$AAn?$AAi?$AAb?$AAa?$AAn?$AAd?$AA?$CI?$AA?$CF?$AAx?$AA?0?$AA?$CF?$AAg?$AA?0?$AA?$CF?$AAl?$AAx?$AA?0?$AA?$CF?$AAl?$AAx?$AA?0?$AA?$CF?$AAl?$AAx?$AA?$CJ?$AA?$AA@ 00000000000087e0     EfiShellLib:DPath.obj
 0002:00003ea0       ??_C@_1CC@CELNAJLC@?$AAU?$AAa?$AAr?$AAt?$AA?$CI?$AAD?$AAE?$AAF?$AAA?$AAU?$AAL?$AAT?$AA?0?$AA?$CF?$AAc?$AA?0?$AA?$AA@ 0000000000008820     EfiShellLib:DPath.obj
 0002:00003ec8       ??_C@_1BK@MEBKLFKJ@?$AAU?$AAa?$AAr?$AAt?$AA?$CI?$AA?$CF?$AAl?$AAd?$AA?0?$AA?$CF?$AAc?$AA?0?$AA?$AA@ 0000000000008848     EfiShellLib:DPath.obj
 0002:00003ee4       ??_C@_15DABAAGKA@?$AAD?$AA?0?$AA?$AA@ 0000000000008864     EfiShellLib:DPath.obj
 0002:00003ef0       ??_C@_17FCMKBBGO@?$AA?$CF?$AAd?$AA?0?$AA?$AA@ 0000000000008870     EfiShellLib:DPath.obj
 0002:00003ef8       ??_C@_15HMOPGJC@?$AAD?$AA?$CJ?$AA?$AA@ 0000000000008878     EfiShellLib:DPath.obj
 0002:00003f00       ??_C@_15FMCBGKOA@?$AA1?$AA?$CJ?$AA?$AA@ 0000000000008880     EfiShellLib:DPath.obj
 0002:00003f08       ??_C@_19PODFHIEB@?$AA1?$AA?4?$AA5?$AA?$CJ?$AA?$AA@ 0000000000008888     EfiShellLib:DPath.obj
 0002:00003f14       ??_C@_15NKLFBIEO@?$AA2?$AA?$CJ?$AA?$AA@ 0000000000008894     EfiShellLib:DPath.obj
 0002:00003f1c       ??_C@_15HEHGDBEE@?$AAx?$AA?$CJ?$AA?$AA@ 000000000000889c     EfiShellLib:DPath.obj
 0002:00003f28       ??_C@_1CC@CJFHLJEJ@?$AAi?$AAS?$AAC?$AAS?$AAI?$AA?$CI?$AA?$CF?$AAa?$AA?0?$AA?$CF?$AAx?$AA?0?$AA?$CF?$AAl?$AAx?$AA?0?$AA?$AA@ 00000000000088a8     EfiShellLib:DPath.obj
 0002:00003f50       ??_C@_1O@HNAACJMJ@?$AAC?$AAR?$AAC?$AA3?$AA2?$AAC?$AA?$AA@ 00000000000088d0     EfiShellLib:DPath.obj
 0002:00003f60       ??_C@_17EMBJCDEN@?$AA?$CF?$AAs?$AA?0?$AA?$AA@ 00000000000088e0     EfiShellLib:DPath.obj
 0002:00003f68       ??_C@_1BC@PDNIOEEC@?$AAC?$AAH?$AAA?$AAP?$AA_?$AAU?$AAN?$AAI?$AA?$AA@ 00000000000088e8     EfiShellLib:DPath.obj
 0002:00003f80       ??_C@_1BA@FMEKDPAI@?$AAC?$AAH?$AAA?$AAP?$AA_?$AAB?$AAI?$AA?$AA@ 0000000000008900     EfiShellLib:DPath.obj
 0002:00003f90       ??_C@_17JHAKKMK@?$AAT?$AAC?$AAP?$AA?$AA@ 0000000000008910     EfiShellLib:DPath.obj
 0002:00003f98       ??_C@_1BC@EFEBCBGB@?$AAr?$AAe?$AAs?$AAe?$AAr?$AAv?$AAe?$AAd?$AA?$AA@ 0000000000008918     EfiShellLib:DPath.obj
 0002:00003fb0       ??_C@_17HLMHNDHP@?$AA?$CF?$AAs?$AA?$CJ?$AA?$AA@ 0000000000008930     EfiShellLib:DPath.obj
 0002:00003fb8       ??_C@_1CG@MHDAEBAF@?$AAH?$AAD?$AA?$CI?$AAP?$AAa?$AAr?$AAt?$AA?$CF?$AAd?$AA?0?$AAS?$AAi?$AAg?$AA?$CF?$AA0?$AA8?$AAx?$AA?$CJ?$AA?$AA@ 0000000000008938     EfiShellLib:DPath.obj
 0002:00003fe0       ??_C@_1CC@NAGEKGEL@?$AAH?$AAD?$AA?$CI?$AAP?$AAa?$AAr?$AAt?$AA?$CF?$AAd?$AA?0?$AAS?$AAi?$AAg?$AA?$CF?$AAg?$AA?$CJ?$AA?$AA@ 0000000000008960     EfiShellLib:DPath.obj
 0002:00004010       ??_C@_1EK@POFNMKP@?$AAH?$AAD?$AA?$CI?$AAP?$AAa?$AAr?$AAt?$AA?$CF?$AAd?$AA?0?$AAM?$AAB?$AAR?$AAT?$AAy?$AAp?$AAe?$AA?$DN?$AA?$CF?$AA0?$AA2?$AAx?$AA?0?$AAS?$AAi?$AAg?$AAT?$AAy?$AAp?$AAe?$AA?$DN?$AA?$CF@ 0000000000008990     EfiShellLib:DPath.obj
 0002:00004060       ??_C@_1BO@DEBMLHDP@?$AAC?$AAD?$AAR?$AAO?$AAM?$AA?$CI?$AAE?$AAn?$AAt?$AAr?$AAy?$AA?$CF?$AAx?$AA?$CJ?$AA?$AA@ 00000000000089e0     EfiShellLib:DPath.obj
 0002:00004080       ??_C@_1BE@CJGJAKDA@?$AAM?$AAe?$AAd?$AAi?$AAa?$AA?$CI?$AA?$CF?$AAg?$AA?$CJ?$AA?$AA@ 0000000000008a00     EfiShellLib:DPath.obj
 0002:00004094       ??_C@_15LPKNAFGD@?$AA?$CF?$AAg?$AA?$AA@ 0000000000008a14     EfiShellLib:DPath.obj
 0002:000040a0       ??_C@_1CA@CBMMHFH@?$AAO?$AAf?$AAf?$AAs?$AAe?$AAt?$AA?$CI?$AA?$CF?$AAl?$AAx?$AA?0?$AA?$CF?$AAl?$AAx?$AA?$CJ?$AA?$AA@ 0000000000008a20     EfiShellLib:DPath.obj
 0002:000040c0       ??_C@_1O@CLMODHEM@?$AAF?$AAl?$AAo?$AAp?$AAp?$AAy?$AA?$AA@ 0000000000008a40     EfiShellLib:DPath.obj
 0002:000040d0       ??_C@_1BE@FKOIKKIA@?$AAH?$AAa?$AAr?$AAd?$AAd?$AAr?$AAi?$AAv?$AAe?$AA?$AA@ 0000000000008a50     EfiShellLib:DPath.obj
 0002:000040e8       ??_C@_1M@NEPFDHKI@?$AAC?$AAD?$AAR?$AAO?$AAM?$AA?$AA@ 0000000000008a68     EfiShellLib:DPath.obj
 0002:000040f8       ??_C@_1O@IJBLAFEH@?$AAP?$AAC?$AAM?$AAC?$AAI?$AAA?$AA?$AA@ 0000000000008a78     EfiShellLib:DPath.obj
 0002:00004108       ??_C@_17JLICJNND@?$AAU?$AAs?$AAb?$AA?$AA@ 0000000000008a88     EfiShellLib:DPath.obj
 0002:00004110       ??_C@_17BKKOFJGL@?$AAN?$AAe?$AAt?$AA?$AA@ 0000000000008a90     EfiShellLib:DPath.obj
 0002:00004118       ??_C@_17EAJGCOKH@?$AAB?$AAE?$AAV?$AA?$AA@ 0000000000008a98     EfiShellLib:DPath.obj
 0002:00004120       ??_C@_1BG@MFLOOMBA@?$AAB?$AAB?$AAS?$AA?9?$AA?$CF?$AAs?$AA?$CI?$AA?$CF?$AAa?$AA?$CJ?$AA?$AA@ 0000000000008aa0     EfiShellLib:DPath.obj
 0002:00004138       ??_C@_1O@HJJPOOCL@?$AAF?$AAv?$AA?$CI?$AA?$CF?$AAg?$AA?$CJ?$AA?$AA@ 0000000000008ab8     EfiShellLib:DPath.obj
 0002:00004148       ??_C@_13CGOKJPIL@?$AA?1?$AA?$AA@ 0000000000008ac8     EfiShellLib:DPath.obj
 0002:00004160       HiiInitialized             0000000000008ae0     EfiShellLib:Init.obj
 0002:00004168       HiiLibHandle               0000000000008ae8     EfiShellLib:Init.obj
 0002:00004170       NumStrings                 0000000000008af0     EfiShellLib:Init.obj
 0002:00004178       ShellLibInitialized        0000000000008af8     EfiShellLib:Data.obj
 0002:00004188       gLibHiiDatabase            0000000000008b08     EfiShellLib:HiiSupport.obj
 0002:00004190       gLibHiiString              0000000000008b10     EfiShellLib:HiiSupport.obj
 0002:00004198       mHiiProtocolsInitialized   0000000000008b18     EfiShellLib:HiiSupport.obj
 0002:000041a0       RT                         0000000000008b20     <common>
 0002:000041c0       mPrintMode                 0000000000008b40     <common>
 0002:000041f8       ST                         0000000000008b78     <common>
 0002:00004200       SE2                        0000000000008b80     <common>
 0002:00004208       SE                         0000000000008b88     <common>
 0002:00004210       SI                         0000000000008b90     <common>
 0002:00004218       BS                         0000000000008b98     <common>
 0002:00004220       HiiMemHandle               0000000000008ba0     <common>

 entry point at        0001:00000000

 Static symbols

 0002:000037c0       Hex                        0000000000008140     EfiShellLib:Misc.obj
 0002:00004180       mShellEnv                  0000000000008b00     EfiShellLib:Misc.obj
 0003:00000000       $pdata$DumpMm              0000000000008bc0     Mem:mm.obj
 0003:0000000c       $pdata$MemMainProcOld      0000000000008bcc     Mem:MemCommonPart.obj
 0003:00000018       $pdata$MemMainProc         0000000000008bd8     Mem:MemCommonPart.obj
 0003:00000024       $pdata$EFIMemTableHeaderPrint 0000000000008be4     Mem:efidump.obj
 0003:00000030       $pdata$DumpMemGenericHeader 0000000000008bf0     Mem:efidump.obj
 0003:0000003c       $pdata$DumpMemPartition    0000000000008bfc     Mem:efidump.obj
 0003:00000048       $pdata$DumpMemSystemTable  0000000000008c08     Mem:efidump.obj
 0003:00000054       $pdata$InitializeUnicodeCollationSupportWorker 0000000000008c14     EfiShellLib:Init.obj
 0003:00000060       $pdata$LibInitializeStrings 0000000000008c20     EfiShellLib:Init.obj
 0003:0000006c       $pdata$LibInitializeShellApplication 0000000000008c2c     EfiShellLib:Init.obj
 0003:00000078       $pdata$LibGetVariableAndSize 0000000000008c38     EfiShellLib:Misc.obj
 0003:00000084       $pdata$GrowBuffer          0000000000008c44     EfiShellLib:Misc.obj
 0003:00000090       $pdata$GuidToString        0000000000008c50     EfiShellLib:Misc.obj
 0003:0000009c       $pdata$LibGetSystemConfigurationTable 0000000000008c5c     EfiShellLib:Misc.obj
 0003:000000a8       $pdata$ValueToString       0000000000008c68     EfiShellLib:Misc.obj
 0003:000000b4       $pdata$DumpHex             0000000000008c74     EfiShellLib:Misc.obj
 0003:000000c0       $pdata$GetBestLanguage     0000000000008c80     EfiShellLib:Misc.obj
 0003:000000cc       $pdata$LibSelectBestLanguage 0000000000008c8c     EfiShellLib:Misc.obj
 0003:000000d8       $pdata$MetaMatch           0000000000008c98     EfiShellLib:Str.obj
 0003:000000e4       $pdata$StrToUIntegerBase   0000000000008ca4     EfiShellLib:Str.obj
 0003:000000f0       $pdata$_SPrint             0000000000008cb0     EfiShellLib:IO.obj
 0003:000000fc       $pdata$_PoolCatPrint       0000000000008cbc     EfiShellLib:IO.obj
 0003:00000108       $pdata$SPrint              0000000000008cc8     EfiShellLib:IO.obj
 0003:00000114       $pdata$Print               0000000000008cd4     EfiShellLib:IO.obj
 0003:00000120       $pdata$PrintToken          0000000000008ce0     EfiShellLib:IO.obj
 0003:0000012c       $pdata$CatPrint            0000000000008cec     EfiShellLib:IO.obj
 0003:00000138       $pdata$_IPrint             0000000000008cf8     EfiShellLib:IO.obj
 0003:00000144       $pdata$PFLUSH              0000000000008d04     EfiShellLib:IO.obj
 0003:00000150       $pdata$PSETATTR            0000000000008d10     EfiShellLib:IO.obj
 0003:0000015c       $pdata$PPUTC               0000000000008d1c     EfiShellLib:IO.obj
 0003:00000168       $pdata$PITEM               0000000000008d28     EfiShellLib:IO.obj
 0003:00000174       $pdata$_Print              0000000000008d34     EfiShellLib:IO.obj
 0003:00000180       $pdata$SetPageBreak        0000000000008d40     EfiShellLib:IO.obj
 0003:0000018c       $pdata$IFlushWithPageBreak 0000000000008d4c     EfiShellLib:IO.obj
 0003:00000198       $pdata$_PoolPrint          0000000000008d58     EfiShellLib:IO.obj
 0003:000001a4       $pdata$LibCheckVarGetFlag  0000000000008d64     EfiShellLib:VarCheck.obj
 0003:000001b0       $pdata$LibCheckVariables   0000000000008d70     EfiShellLib:VarCheck.obj
 0003:000001bc       $pdata$AllocatePool        0000000000008d7c     EfiShellLib:Mem.obj
 0003:000001c8       $pdata$ReallocatePool      0000000000008d88     EfiShellLib:Mem.obj
 0003:000001d4       $pdata$AllocateZeroPool    0000000000008d94     EfiShellLib:Mem.obj
 0003:000001e0       $pdata$UnpackDevicePath    0000000000008da0     EfiShellLib:DPath.obj
 0003:000001ec       $pdata$_DevPathMemMap      0000000000008dac     EfiShellLib:DPath.obj
 0003:000001f8       $pdata$_DevPathVendor      0000000000008db8     EfiShellLib:DPath.obj
 0003:00000204       $pdata$_DevPathExtendedAcpi 0000000000008dc4     EfiShellLib:DPath.obj
 0003:00000210       $pdata$_DevPathAdrAcpi     0000000000008dd0     EfiShellLib:DPath.obj
 0003:0000021c       $pdata$_DevPathUsbWWID     0000000000008ddc     EfiShellLib:DPath.obj
 0003:00000228       $pdata$_DevPathUsbClass    0000000000008de8     EfiShellLib:DPath.obj
 0003:00000234       $pdata$_DevPathSata        0000000000008df4     EfiShellLib:DPath.obj
 0003:00000240       $pdata$_DevPathMacAddr     0000000000008e00     EfiShellLib:DPath.obj
 0003:0000024c       $pdata$_DevPathIPv4        0000000000008e0c     EfiShellLib:DPath.obj
 0003:00000258       $pdata$_DevPathIPv6        0000000000008e18     EfiShellLib:DPath.obj
 0003:00000264       $pdata$_DevPathInfiniBand  0000000000008e24     EfiShellLib:DPath.obj
 0003:00000270       $pdata$_DevPathUart        0000000000008e30     EfiShellLib:DPath.obj
 0003:0000027c       $pdata$_DevPathiSCSI       0000000000008e3c     EfiShellLib:DPath.obj
 0003:00000288       $pdata$_DevPathHardDrive   0000000000008e48     EfiShellLib:DPath.obj
 0003:00000294       $pdata$_DevPathFilePath    0000000000008e54     EfiShellLib:DPath.obj
 0003:000002a0       $pdata$LibDevicePathToStr  0000000000008e60     EfiShellLib:DPath.obj
 0003:000002ac       $pdata$LocateHiiProtocols  0000000000008e6c     EfiShellLib:HiiSupport.obj
 0003:000002b8       $pdata$PreparePackageList  0000000000008e78     EfiShellLib:HiiSupport.obj
 0003:000002c4       $pdata$LibGetString        0000000000008e84     EfiShellLib:HiiSupport.obj
 0003:000002d0       $pdata$LibLocateHandle     0000000000008e90     EfiShellLib:Handle.obj
 0003:000002dc       $pdata$LibLocateProtocol   0000000000008e9c     EfiShellLib:Handle.obj
 0004:00000000       $unwind$DumpMm             0000000000008ec0     Mem:mm.obj
 0004:00000000       $unwind$_DevPathAdrAcpi    0000000000008ec0     EfiShellLib:DPath.obj
 0004:00000000       $unwind$_PoolPrint         0000000000008ec0     EfiShellLib:IO.obj
 0004:00000010       $unwind$MemMainProcOld     0000000000008ed0     Mem:MemCommonPart.obj
 0004:0000002c       $unwind$MemMainProc        0000000000008eec     Mem:MemCommonPart.obj
 0004:00000044       $unwind$EFIMemTableHeaderPrint 0000000000008f04     Mem:efidump.obj
 0004:00000054       $unwind$_DevPathMemMap     0000000000008f14     EfiShellLib:DPath.obj
 0004:00000054       $unwind$_DevPathHardDrive  0000000000008f14     EfiShellLib:DPath.obj
 0004:00000054       $unwind$_DevPathUsbWWID    0000000000008f14     EfiShellLib:DPath.obj
 0004:00000054       $unwind$_DevPathSata       0000000000008f14     EfiShellLib:DPath.obj
 0004:00000054       $unwind$DumpMemGenericHeader 0000000000008f14     Mem:efidump.obj
 0004:0000005c       $unwind$DumpMemPartition   0000000000008f1c     Mem:efidump.obj
 0004:00000064       $unwind$DumpMemSystemTable 0000000000008f24     Mem:efidump.obj
 0004:0000006c       $unwind$InitializeUnicodeCollationSupportWorker 0000000000008f2c     EfiShellLib:Init.obj
 0004:00000080       $unwind$LibInitializeStrings 0000000000008f40     EfiShellLib:Init.obj
 0004:0000008c       $unwind$LibInitializeShellApplication 0000000000008f4c     EfiShellLib:Init.obj
 0004:0000009c       $unwind$LibGetVariableAndSize 0000000000008f5c     EfiShellLib:Misc.obj
 0004:000000ac       $unwind$_DevPathFilePath   0000000000008f6c     EfiShellLib:DPath.obj
 0004:000000ac       $unwind$_DevPathMacAddr    0000000000008f6c     EfiShellLib:DPath.obj
 0004:000000ac       $unwind$ReallocatePool     0000000000008f6c     EfiShellLib:Mem.obj
 0004:000000ac       $unwind$GrowBuffer         0000000000008f6c     EfiShellLib:Misc.obj
 0004:000000c0       $unwind$GuidToString       0000000000008f80     EfiShellLib:Misc.obj
 0004:000000d8       $unwind$LibGetSystemConfigurationTable 0000000000008f98     EfiShellLib:Misc.obj
 0004:000000ec       $unwind$ValueToString      0000000000008fac     EfiShellLib:Misc.obj
 0004:000000f4       $unwind$DumpHex            0000000000008fb4     EfiShellLib:Misc.obj
 0004:0000010c       $unwind$GetBestLanguage    0000000000008fcc     EfiShellLib:Misc.obj
 0004:0000011c       $unwind$LibSelectBestLanguage 0000000000008fdc     EfiShellLib:Misc.obj
 0004:0000012c       $unwind$MetaMatch          0000000000008fec     EfiShellLib:Str.obj
 0004:0000013c       $unwind$StrToUIntegerBase  0000000000008ffc     EfiShellLib:Str.obj
 0004:0000014c       $unwind$_SPrint            000000000000900c     EfiShellLib:IO.obj
 0004:0000014c       $unwind$AllocateZeroPool   000000000000900c     EfiShellLib:Mem.obj
 0004:00000154       $unwind$_PoolCatPrint      0000000000009014     EfiShellLib:IO.obj
 0004:0000015c       $unwind$SPrint             000000000000901c     EfiShellLib:IO.obj
 0004:00000168       $unwind$Print              0000000000009028     EfiShellLib:IO.obj
 0004:00000170       $unwind$PrintToken         0000000000009030     EfiShellLib:IO.obj
 0004:0000017c       $unwind$CatPrint           000000000000903c     EfiShellLib:IO.obj
 0004:00000184       $unwind$_IPrint            0000000000009044     EfiShellLib:IO.obj
 0004:00000190       $unwind$PFLUSH             0000000000009050     EfiShellLib:IO.obj
 0004:0000019c       $unwind$PSETATTR           000000000000905c     EfiShellLib:IO.obj
 0004:0000019c       $unwind$LibCheckVarGetFlag 000000000000905c     EfiShellLib:VarCheck.obj
 0004:0000019c       $unwind$UnpackDevicePath   000000000000905c     EfiShellLib:DPath.obj
 0004:0000019c       $unwind$PPUTC              000000000000905c     EfiShellLib:IO.obj
 0004:0000019c       $unwind$_DevPathUart       000000000000905c     EfiShellLib:DPath.obj
 0004:000001a8       $unwind$PITEM              0000000000009068     EfiShellLib:IO.obj
 0004:000001a8       $unwind$_DevPathExtendedAcpi 0000000000009068     EfiShellLib:DPath.obj
 0004:000001c0       $unwind$_Print             0000000000009080     EfiShellLib:IO.obj
 0004:000001e0       $unwind$SetPageBreak       00000000000090a0     EfiShellLib:IO.obj
 0004:000001f0       $unwind$IFlushWithPageBreak 00000000000090b0     EfiShellLib:IO.obj
 0004:00000208       $unwind$LibCheckVariables  00000000000090c8     EfiShellLib:VarCheck.obj
 0004:00000220       $unwind$AllocatePool       00000000000090e0     EfiShellLib:Mem.obj
 0004:00000220       $unwind$LocateHiiProtocols 00000000000090e0     EfiShellLib:HiiSupport.obj
 0004:00000228       $unwind$_DevPathiSCSI      00000000000090e8     EfiShellLib:DPath.obj
 0004:00000228       $unwind$_DevPathVendor     00000000000090e8     EfiShellLib:DPath.obj
 0004:00000240       $unwind$_DevPathUsbClass   0000000000009100     EfiShellLib:DPath.obj
 0004:00000240       $unwind$_DevPathIPv4       0000000000009100     EfiShellLib:DPath.obj
 0004:00000240       $unwind$_DevPathInfiniBand 0000000000009100     EfiShellLib:DPath.obj
 0004:00000248       $unwind$_DevPathIPv6       0000000000009108     EfiShellLib:DPath.obj
 0004:00000264       $unwind$LibDevicePathToStr 0000000000009124     EfiShellLib:DPath.obj
 0004:00000278       $unwind$PreparePackageList 0000000000009138     EfiShellLib:HiiSupport.obj
 0004:0000028c       $unwind$LibGetString       000000000000914c     EfiShellLib:HiiSupport.obj
 0004:000002a8       $unwind$LibLocateHandle    0000000000009168     EfiShellLib:Handle.obj
 0004:000002bc       $unwind$LibLocateProtocol  000000000000917c     EfiShellLib:Handle.obj
