 TelnetMgmt

 Timestamp is 5bc88611 (Thu Oct 18 21:09:37 2018)

 Preferred load address is 0000000000000000

 Start         Length     Name                   Class
 0001:00000000 00002a78H .text$mn                CODE
 0002:00000000 00000770H .data                   DATA
 0002:00000770 00000642H .rdata                  DATA
 0002:00000dc0 000000c8H .bss                    DATA
 0003:00000000 00000180H .pdata                  DATA
 0004:00000000 000001e0H .xdata                  DATA

  Address         Publics by Value              Rva+Base               Lib:Object

 0000:00000000       __guard_fids_count         0000000000000000     <absolute>
 0000:00000000       __guard_fids_table         0000000000000000     <absolute>
 0000:00000000       __guard_flags              0000000000000000     <absolute>
 0001:00000000       InitializeTelnetMgmt       0000000000000280 f   TelnetMgmt:TelnetMgmt.obj
 0001:000002f0       LibCheckVarGetFlag         0000000000000570 f   EfiShellLib:VarCheck.obj
 0001:00000334       iCompareSetFlag            00000000000005b4 f   EfiShellLib:VarCheck.obj
 0001:00000390       LibCheckVariables          0000000000000610 f   EfiShellLib:VarCheck.obj
 0001:000006dc       InitializeUnicodeCollationSupportWorker 000000000000095c f   EfiShellLib:Init.obj
 0001:000007d8       LibInitializeStrings       0000000000000a58 f   EfiShellLib:Init.obj
 0001:000008c8       LibInitializeShellApplication 0000000000000b48 f   EfiShellLib:Init.obj
 0001:00000b30       LibStubMetaiMatch          0000000000000db0 f   EfiShellLib:Str.obj
 0001:00000b3c       MetaMatch                  0000000000000dbc f   EfiShellLib:Str.obj
 0001:00000d54       LibStubStriCmp             0000000000000fd4 f   EfiShellLib:Str.obj
 0001:00000dd8       LibStubStrUpr              0000000000001058 f   EfiShellLib:Str.obj
 0001:00000df8       LibStubStrLwr              0000000000001078 f   EfiShellLib:Str.obj
 0001:00000e18       StrToUInteger              0000000000001098 f   EfiShellLib:Str.obj
 0001:00000f7c       CopyMem                    00000000000011fc f   EfiShellLib:Mem.obj
 0001:00000fc0       AllocatePool               0000000000001240 f   EfiShellLib:Mem.obj
 0001:00000ff4       AllocateZeroPool           0000000000001274 f   EfiShellLib:Mem.obj
 0001:00001020       LibGetVariableAndSize      00000000000012a0 f   EfiShellLib:Misc.obj
 0001:000010ac       GrowBuffer                 000000000000132c f   EfiShellLib:Misc.obj
 0001:0000114c       GuidToString               00000000000013cc f   EfiShellLib:Misc.obj
 0001:0000125c       StatusToString             00000000000014dc f   EfiShellLib:Misc.obj
 0001:000015fc       ValueToString              000000000000187c f   EfiShellLib:Misc.obj
 0001:000016e4       GetBestLanguage            0000000000001964 f   EfiShellLib:Misc.obj
 0001:00001840       LibSelectBestLanguage      0000000000001ac0 f   EfiShellLib:Misc.obj
 0001:000018d4       _SPrint                    0000000000001b54 f   EfiShellLib:IO.obj
 0001:0000194c       SPrint                     0000000000001bcc f   EfiShellLib:IO.obj
 0001:000019c0       PrintToken                 0000000000001c40 f   EfiShellLib:IO.obj
 0001:00001a8c       _IPrint                    0000000000001d0c f   EfiShellLib:IO.obj
 0001:00001b40       PFLUSH                     0000000000001dc0 f   EfiShellLib:IO.obj
 0001:00001c00       PSETATTR                   0000000000001e80 f   EfiShellLib:IO.obj
 0001:00001c44       PPUTC                      0000000000001ec4 f   EfiShellLib:IO.obj
 0001:00001cc0       PITEM                      0000000000001f40 f   EfiShellLib:IO.obj
 0001:00001df0       _Print                     0000000000002070 f   EfiShellLib:IO.obj
 0001:00002408       SetPageBreak               0000000000002688 f   EfiShellLib:IO.obj
 0001:0000251c       IFlushWithPageBreak        000000000000279c f   EfiShellLib:IO.obj
 0001:00002660       LocateHiiProtocols         00000000000028e0 f   EfiShellLib:HiiSupport.obj
 0001:000026ac       PreparePackageList         000000000000292c f   EfiShellLib:HiiSupport.obj
 0001:000027a0       LibGetString               0000000000002a20 f   EfiShellLib:HiiSupport.obj
 0001:00002930       LibLocateHandle            0000000000002bb0 f   EfiShellLib:Handle.obj
 0001:000029d4       LibLocateProtocol          0000000000002c54 f   EfiShellLib:Handle.obj
 0002:00000000       mEfiTelnetServerGuid       0000000000002d00     TelnetMgmt:TelnetMgmt.obj
 0002:00000010       TelnetmgmtCheckList        0000000000002d10     TelnetMgmt:TelnetMgmt.obj
 0002:00000070       EfiTelnetMgmtGuid          0000000000002d70     TelnetMgmt:TelnetMgmt.obj
 0002:00000080       TelnetMgmtStrings          0000000000002d80     TelnetMgmt:AutoGen.obj
 0002:00000698       SESGuid                    0000000000003398     EfiShellLib:Init.obj
 0002:000006a8       PoolAllocationType         00000000000033a8     EfiShellLib:Data.obj
 0002:000006b0       ShellEnvProtocol           00000000000033b0     EfiShellLib:Data.obj
 0002:000006c0       LibStubUnicodeInterface    00000000000033c0     EfiShellLib:Data.obj
 0002:000006f8       UnicodeInterface           00000000000033f8     EfiShellLib:Data.obj
 0002:00000700       ShellInterfaceProtocol     0000000000003400     EfiShellLib:Misc.obj
 0002:00000710       gEfiLoadedImageProtocolGuid 0000000000003410     EfiProtocolLib:LoadedImage.obj
 0002:00000720       gEfiUnicodeCollation2ProtocolGuid 0000000000003420     EfiProtocolLib:UnicodeCollation2.obj
 0002:00000730       gEfiUnicodeCollationProtocolGuid 0000000000003430     EfiProtocolLib:UnicodeCollation.obj
 0002:00000740       gEfiHiiStringProtocolGuid  0000000000003440     EfiProtocolLib:HiiString.obj
 0002:00000750       gEfiHiiDatabaseProtocolGuid 0000000000003450     EfiProtocolLib:HiiDatabase.obj
 0002:00000760       gEfiGlobalVariableGuid     0000000000003460     EfiGuidLib:GlobalVariable.obj
 0002:00000770       ??_C@_15BBFCHPHP@?$AA?9?$AAt?$AA?$AA@ 0000000000003470     TelnetMgmt:TelnetMgmt.obj
 0002:00000778       ??_C@_15GECAHHDM@?$AA?9?$AAb?$AA?$AA@ 0000000000003478     TelnetMgmt:TelnetMgmt.obj
 0002:00000780       ??_C@_15FNEHKAED@?$AA?9?$AA?$DP?$AA?$AA@ 0000000000003480     TelnetMgmt:TelnetMgmt.obj
 0002:00000788       ??_C@_19EILFCCEC@?$AA1?$AA?4?$AA1?$AA0?$AA?$AA@ 0000000000003488     TelnetMgmt:TelnetMgmt.obj
 0002:00000798       ??_C@_1BG@IHBMJKMM@?$AAt?$AAe?$AAl?$AAn?$AAe?$AAt?$AAm?$AAg?$AAm?$AAt?$AA?$AA@ 0000000000003498     TelnetMgmt:TelnetMgmt.obj
 0002:000007b0       ??_C@_19BALNHBBC@?$AAL?$AAa?$AAn?$AAg?$AA?$AA@ 00000000000034b0     EfiShellLib:Misc.obj
 0002:000007c0       ??_C@_1BK@GGGENMOA@?$AAP?$AAl?$AAa?$AAt?$AAf?$AAo?$AAr?$AAm?$AAL?$AAa?$AAn?$AAg?$AA?$AA@ 00000000000034c0     EfiShellLib:Misc.obj
 0002:000007dc       ??_C@_15GANGMFKL@?$AA?$CF?$AAs?$AA?$AA@ 00000000000034dc     EfiShellLib:Misc.obj
 0002:000007f0       ??_C@_1GC@MIJCAPDC@?$AA?$CF?$AA0?$AA8?$AAx?$AA?9?$AA?$CF?$AA0?$AA4?$AAx?$AA?9?$AA?$CF?$AA0?$AA4?$AAx?$AA?9?$AA?$CF?$AA0?$AA2?$AAx?$AA?$CF?$AA0?$AA2?$AAx?$AA?9?$AA?$CF?$AA0?$AA2?$AAx?$AA?$CF?$AA0?$AA2?$AAx@ 00000000000034f0     EfiShellLib:Misc.obj
 0002:00000858       ??_C@_1BA@JFDCMKFN@?$AAS?$AAu?$AAc?$AAc?$AAe?$AAs?$AAs?$AA?$AA@ 0000000000003558     EfiShellLib:Misc.obj
 0002:00000868       ??_C@_1BG@IPPBEJLN@?$AAL?$AAo?$AAa?$AAd?$AA?5?$AAE?$AAr?$AAr?$AAo?$AAr?$AA?$AA@ 0000000000003568     EfiShellLib:Misc.obj
 0002:00000880       ??_C@_1CE@FAJJAJHO@?$AAI?$AAn?$AAv?$AAa?$AAl?$AAi?$AAd?$AA?5?$AAP?$AAa?$AAr?$AAa?$AAm?$AAe?$AAt?$AAe?$AAr?$AA?$AA@ 0000000000003580     EfiShellLib:Misc.obj
 0002:000008a8       ??_C@_1BI@HACEKCKB@?$AAU?$AAn?$AAs?$AAu?$AAp?$AAp?$AAo?$AAr?$AAt?$AAe?$AAd?$AA?$AA@ 00000000000035a8     EfiShellLib:Misc.obj
 0002:000008c0       ??_C@_1CA@MKNIKBGN@?$AAB?$AAa?$AAd?$AA?5?$AAB?$AAu?$AAf?$AAf?$AAe?$AAr?$AA?5?$AAS?$AAi?$AAz?$AAe?$AA?$AA@ 00000000000035c0     EfiShellLib:Misc.obj
 0002:000008e0       ??_C@_1CC@GADLJCKI@?$AAB?$AAu?$AAf?$AAf?$AAe?$AAr?$AA?5?$AAT?$AAo?$AAo?$AA?5?$AAS?$AAm?$AAa?$AAl?$AAl?$AA?$AA@ 00000000000035e0     EfiShellLib:Misc.obj
 0002:00000908       ??_C@_1BE@HFDAGNKF@?$AAN?$AAo?$AAt?$AA?5?$AAR?$AAe?$AAa?$AAd?$AAy?$AA?$AA@ 0000000000003608     EfiShellLib:Misc.obj
 0002:00000920       ??_C@_1BK@MPLHBIOA@?$AAD?$AAe?$AAv?$AAi?$AAc?$AAe?$AA?5?$AAE?$AAr?$AAr?$AAo?$AAr?$AA?$AA@ 0000000000003620     EfiShellLib:Misc.obj
 0002:00000940       ??_C@_1CA@PAGBHICH@?$AAW?$AAr?$AAi?$AAt?$AAe?$AA?5?$AAP?$AAr?$AAo?$AAt?$AAe?$AAc?$AAt?$AAe?$AAd?$AA?$AA@ 0000000000003640     EfiShellLib:Misc.obj
 0002:00000960       ??_C@_1CC@JDEEHPBA@?$AAO?$AAu?$AAt?$AA?5?$AAo?$AAf?$AA?5?$AAR?$AAe?$AAs?$AAo?$AAu?$AAr?$AAc?$AAe?$AAs?$AA?$AA@ 0000000000003660     EfiShellLib:Misc.obj
 0002:00000988       ??_C@_1CC@IIFGLPAC@?$AAV?$AAo?$AAl?$AAu?$AAm?$AAe?$AA?5?$AAC?$AAo?$AAr?$AAr?$AAu?$AAp?$AAt?$AAe?$AAd?$AA?$AA@ 0000000000003688     EfiShellLib:Misc.obj
 0002:000009b0       ??_C@_1BI@KDMJOJPB@?$AAV?$AAo?$AAl?$AAu?$AAm?$AAe?$AA?5?$AAF?$AAu?$AAl?$AAl?$AA?$AA@ 00000000000036b0     EfiShellLib:Misc.obj
 0002:000009c8       ??_C@_1BC@CAEJNJKB@?$AAN?$AAo?$AA?5?$AAM?$AAe?$AAd?$AAi?$AAa?$AA?$AA@ 00000000000036c8     EfiShellLib:Misc.obj
 0002:000009e0       ??_C@_1BM@CGJAEDJP@?$AAM?$AAe?$AAd?$AAi?$AAa?$AA?5?$AAC?$AAh?$AAa?$AAn?$AAg?$AAe?$AAd?$AA?$AA@ 00000000000036e0     EfiShellLib:Misc.obj
 0002:00000a00       ??_C@_1BE@JGBFLIBK@?$AAN?$AAo?$AAt?$AA?5?$AAF?$AAo?$AAu?$AAn?$AAd?$AA?$AA@ 0000000000003700     EfiShellLib:Misc.obj
 0002:00000a18       ??_C@_1BM@HDPINFLL@?$AAA?$AAc?$AAc?$AAe?$AAs?$AAs?$AA?5?$AAD?$AAe?$AAn?$AAi?$AAe?$AAd?$AA?$AA@ 0000000000003718     EfiShellLib:Misc.obj
 0002:00000a38       ??_C@_1BI@JIAAMNOB@?$AAN?$AAo?$AA?5?$AAR?$AAe?$AAs?$AAp?$AAo?$AAn?$AAs?$AAe?$AA?$AA@ 0000000000003738     EfiShellLib:Misc.obj
 0002:00000a50       ??_C@_1BG@OHLJONME@?$AAN?$AAo?$AA?5?$AAM?$AAa?$AAp?$AAp?$AAi?$AAn?$AAg?$AA?$AA@ 0000000000003750     EfiShellLib:Misc.obj
 0002:00000a68       ??_C@_1BC@GINMNENH@?$AAT?$AAi?$AAm?$AAe?$AA?5?$AAO?$AAu?$AAt?$AA?$AA@ 0000000000003768     EfiShellLib:Misc.obj
 0002:00000a80       ??_C@_1BI@MNIOFEEM@?$AAN?$AAo?$AAt?$AA?5?$AAS?$AAt?$AAa?$AAr?$AAt?$AAe?$AAd?$AA?$AA@ 0000000000003780     EfiShellLib:Misc.obj
 0002:00000a98       ??_C@_1CA@CNMNDJCM@?$AAA?$AAl?$AAr?$AAe?$AAa?$AAd?$AAy?$AA?5?$AAS?$AAt?$AAa?$AAr?$AAt?$AAe?$AAd?$AA?$AA@ 0000000000003798     EfiShellLib:Misc.obj
 0002:00000ab8       ??_C@_1BA@JCPMFPEO@?$AAA?$AAb?$AAo?$AAr?$AAt?$AAe?$AAd?$AA?$AA@ 00000000000037b8     EfiShellLib:Misc.obj
 0002:00000ac8       ??_C@_1BG@GJCEBLMD@?$AAI?$AAC?$AAM?$AAP?$AA?5?$AAE?$AAr?$AAr?$AAo?$AAr?$AA?$AA@ 00000000000037c8     EfiShellLib:Misc.obj
 0002:00000ae0       ??_C@_1BG@MPDDBEKI@?$AAT?$AAF?$AAT?$AAP?$AA?5?$AAE?$AAr?$AAr?$AAo?$AAr?$AA?$AA@ 00000000000037e0     EfiShellLib:Misc.obj
 0002:00000af8       ??_C@_1BO@MGICIKC@?$AAP?$AAr?$AAo?$AAt?$AAo?$AAc?$AAo?$AAl?$AA?5?$AAE?$AAr?$AAr?$AAo?$AAr?$AA?$AA@ 00000000000037f8     EfiShellLib:Misc.obj
 0002:00000b18       ??_C@_1CM@OIKNIHHI@?$AAW?$AAa?$AAr?$AAn?$AAi?$AAn?$AAg?$AA?5?$AAU?$AAn?$AAk?$AAn?$AAo?$AAw?$AAn?$AA?5?$AAG?$AAl?$AAy?$AAp?$AAh?$AA?$AA@ 0000000000003818     EfiShellLib:Misc.obj
 0002:00000b48       ??_C@_1CO@MFHEGPPN@?$AAW?$AAa?$AAr?$AAn?$AAi?$AAn?$AAg?$AA?5?$AAD?$AAe?$AAl?$AAe?$AAt?$AAe?$AA?5?$AAF?$AAa?$AAi?$AAl?$AAu?$AAr?$AAe?$AA?$AA@ 0000000000003848     EfiShellLib:Misc.obj
 0002:00000b78       ??_C@_1CM@FKHEOEHO@?$AAW?$AAa?$AAr?$AAn?$AAi?$AAn?$AAg?$AA?5?$AAW?$AAr?$AAi?$AAt?$AAe?$AA?5?$AAF?$AAa?$AAi?$AAl?$AAu?$AAr?$AAe?$AA?$AA@ 0000000000003878     EfiShellLib:Misc.obj
 0002:00000ba8       ??_C@_1DC@LAAGMHGB@?$AAW?$AAa?$AAr?$AAn?$AAi?$AAn?$AAg?$AA?5?$AAB?$AAu?$AAf?$AAf?$AAe?$AAr?$AA?5?$AAT?$AAo?$AAo?$AA?5?$AAS?$AAm?$AAa?$AAl?$AAl?$AA?$AA@ 00000000000038a8     EfiShellLib:Misc.obj
 0002:00000be0       ??_C@_1CK@CPNEFGBF@?$AAI?$AAn?$AAc?$AAo?$AAm?$AAp?$AAa?$AAt?$AAi?$AAb?$AAl?$AAe?$AA?5?$AAV?$AAe?$AAr?$AAs?$AAi?$AAo?$AAn?$AA?$AA@ 00000000000038e0     EfiShellLib:Misc.obj
 0002:00000c10       ??_C@_1CG@CONBDECJ@?$AAS?$AAe?$AAc?$AAu?$AAr?$AAi?$AAt?$AAy?$AA?5?$AAV?$AAi?$AAo?$AAl?$AAa?$AAt?$AAi?$AAo?$AAn?$AA?$AA@ 0000000000003910     EfiShellLib:Misc.obj
 0002:00000c38       ??_C@_1BE@LNMOCCLF@?$AAC?$AAR?$AAC?$AA?5?$AAE?$AAr?$AAr?$AAo?$AAr?$AA?$AA@ 0000000000003938     EfiShellLib:Misc.obj
 0002:00000c50       ??_C@_1CE@OCFFKMII@?$AAN?$AAo?$AAt?$AA?5?$AAA?$AAv?$AAa?$AAi?$AAl?$AAa?$AAb?$AAl?$AAe?$AA?5?$AAY?$AAe?$AAt?$AA?$AA@ 0000000000003950     EfiShellLib:Misc.obj
 0002:00000c78       ??_C@_1BK@BJJGPOPI@?$AAU?$AAn?$AAl?$AAo?$AAa?$AAd?$AA?5?$AAI?$AAm?$AAa?$AAg?$AAe?$AA?$AA@ 0000000000003978     EfiShellLib:Misc.obj
 0002:00000c98       ??_C@_1DM@HHKGEKOD@?$AAW?$AAa?$AAr?$AAn?$AAi?$AAn?$AAg?$AA?5?$AAR?$AAe?$AAt?$AAu?$AAr?$AAn?$AA?5?$AAF?$AAr?$AAo?$AAm?$AA?5?$AAL?$AAo?$AAn?$AAg?$AA?5?$AAJ?$AAu?$AAm?$AAp?$AA?$AA@ 0000000000003998     EfiShellLib:Misc.obj
 0002:00000cd4       ??_C@_15BHOFONJE@?$AA?$CF?$AAX?$AA?$AA@ 00000000000039d4     EfiShellLib:Misc.obj
 0002:00000ce0       ??_C@_1DI@JHANLOAN@?$AA?$CF?$AA0?$AA2?$AAd?$AA?1?$AA?$CF?$AA0?$AA2?$AAd?$AA?1?$AA?$CF?$AA0?$AA2?$AAd?$AA?5?$AA?5?$AA?$CF?$AA0?$AA2?$AAd?$AA?3?$AA?$CF?$AA0?$AA2?$AAd?$AA?$CF?$AAc?$AA?$AA@ 00000000000039e0     EfiShellLib:Misc.obj
 0002:00000d18       ??_C@_00CNPNBAHC@?$AA@     0000000000003a18     EfiShellLib:Misc.obj
 0002:00000d1c       ??_C@_03LKLGDMJI@eng?$AA@  0000000000003a1c     EfiShellLib:Misc.obj
 0002:00000d20       ??_C@_05JJLPJMLG@en?9US?$AA@ 0000000000003a20     EfiShellLib:Misc.obj
 0002:00000d28       ca                         0000000000003a28     EfiShellLib:Misc.obj
 0002:00000d40       ??_C@_06OJHGLDPL@?$CInull?$CJ?$AA@ 0000000000003a40     EfiShellLib:IO.obj
 0002:00000d48       ??_C@_1O@CEDCILHN@?$AA?$CI?$AAn?$AAu?$AAl?$AAl?$AA?$CJ?$AA?$AA@ 0000000000003a48     EfiShellLib:IO.obj
 0002:00000d60       ??_C@_1EM@PFLICCFE@?$AAP?$AAr?$AAe?$AAs?$AAs?$AA?5?$AAE?$AAN?$AAT?$AAE?$AAR?$AA?5?$AAt?$AAo?$AA?5?$AAc?$AAo?$AAn?$AAt?$AAi?$AAn?$AAu?$AAe?$AA?0?$AA?5?$AA?8?$AAq?$AA?8?$AA?5?$AAt?$AAo?$AA?5@ 0000000000003a60     EfiShellLib:IO.obj
 0002:00000dac       ??_C@_15JNBOKNOG@?$AA?$AN?$AA?6?$AA?$AA@ 0000000000003aac     EfiShellLib:IO.obj
 0002:00000dc0       HiiInitialized             0000000000003ac0     EfiShellLib:Init.obj
 0002:00000dc8       HiiLibHandle               0000000000003ac8     EfiShellLib:Init.obj
 0002:00000dd0       NumStrings                 0000000000003ad0     EfiShellLib:Init.obj
 0002:00000dd8       ShellLibInitialized        0000000000003ad8     EfiShellLib:Data.obj
 0002:00000de8       gLibHiiDatabase            0000000000003ae8     EfiShellLib:HiiSupport.obj
 0002:00000df0       gLibHiiString              0000000000003af0     EfiShellLib:HiiSupport.obj
 0002:00000df8       mHiiProtocolsInitialized   0000000000003af8     EfiShellLib:HiiSupport.obj
 0002:00000e00       RT                         0000000000003b00     <common>
 0002:00000e20       mPrintMode                 0000000000003b20     <common>
 0002:00000e58       ST                         0000000000003b58     <common>
 0002:00000e60       SE2                        0000000000003b60     <common>
 0002:00000e68       SE                         0000000000003b68     <common>
 0002:00000e70       BS                         0000000000003b70     <common>
 0002:00000e78       SI                         0000000000003b78     <common>
 0002:00000e80       HiiHandle                  0000000000003b80     <common>

 entry point at        0001:00000000

 Static symbols

 0002:00000d30       Hex                        0000000000003a30     EfiShellLib:Misc.obj
 0002:00000de0       mShellEnv                  0000000000003ae0     EfiShellLib:Misc.obj
 0003:00000000       $pdata$InitializeTelnetMgmt 0000000000003ba0     TelnetMgmt:TelnetMgmt.obj
 0003:0000000c       $pdata$LibCheckVarGetFlag  0000000000003bac     EfiShellLib:VarCheck.obj
 0003:00000018       $pdata$LibCheckVariables   0000000000003bb8     EfiShellLib:VarCheck.obj
 0003:00000024       $pdata$InitializeUnicodeCollationSupportWorker 0000000000003bc4     EfiShellLib:Init.obj
 0003:00000030       $pdata$LibInitializeStrings 0000000000003bd0     EfiShellLib:Init.obj
 0003:0000003c       $pdata$LibInitializeShellApplication 0000000000003bdc     EfiShellLib:Init.obj
 0003:00000048       $pdata$MetaMatch           0000000000003be8     EfiShellLib:Str.obj
 0003:00000054       $pdata$StrToUInteger       0000000000003bf4     EfiShellLib:Str.obj
 0003:00000060       $pdata$AllocatePool        0000000000003c00     EfiShellLib:Mem.obj
 0003:0000006c       $pdata$AllocateZeroPool    0000000000003c0c     EfiShellLib:Mem.obj
 0003:00000078       $pdata$LibGetVariableAndSize 0000000000003c18     EfiShellLib:Misc.obj
 0003:00000084       $pdata$GrowBuffer          0000000000003c24     EfiShellLib:Misc.obj
 0003:00000090       $pdata$GuidToString        0000000000003c30     EfiShellLib:Misc.obj
 0003:0000009c       $pdata$ValueToString       0000000000003c3c     EfiShellLib:Misc.obj
 0003:000000a8       $pdata$GetBestLanguage     0000000000003c48     EfiShellLib:Misc.obj
 0003:000000b4       $pdata$LibSelectBestLanguage 0000000000003c54     EfiShellLib:Misc.obj
 0003:000000c0       $pdata$_SPrint             0000000000003c60     EfiShellLib:IO.obj
 0003:000000cc       $pdata$SPrint              0000000000003c6c     EfiShellLib:IO.obj
 0003:000000d8       $pdata$PrintToken          0000000000003c78     EfiShellLib:IO.obj
 0003:000000e4       $pdata$_IPrint             0000000000003c84     EfiShellLib:IO.obj
 0003:000000f0       $pdata$PFLUSH              0000000000003c90     EfiShellLib:IO.obj
 0003:000000fc       $pdata$PSETATTR            0000000000003c9c     EfiShellLib:IO.obj
 0003:00000108       $pdata$PPUTC               0000000000003ca8     EfiShellLib:IO.obj
 0003:00000114       $pdata$PITEM               0000000000003cb4     EfiShellLib:IO.obj
 0003:00000120       $pdata$_Print              0000000000003cc0     EfiShellLib:IO.obj
 0003:0000012c       $pdata$SetPageBreak        0000000000003ccc     EfiShellLib:IO.obj
 0003:00000138       $pdata$IFlushWithPageBreak 0000000000003cd8     EfiShellLib:IO.obj
 0003:00000144       $pdata$LocateHiiProtocols  0000000000003ce4     EfiShellLib:HiiSupport.obj
 0003:00000150       $pdata$PreparePackageList  0000000000003cf0     EfiShellLib:HiiSupport.obj
 0003:0000015c       $pdata$LibGetString        0000000000003cfc     EfiShellLib:HiiSupport.obj
 0003:00000168       $pdata$LibLocateHandle     0000000000003d08     EfiShellLib:Handle.obj
 0003:00000174       $pdata$LibLocateProtocol   0000000000003d14     EfiShellLib:Handle.obj
 0004:00000000       $unwind$InitializeTelnetMgmt 0000000000003d20     TelnetMgmt:TelnetMgmt.obj
 0004:00000010       $unwind$PSETATTR           0000000000003d30     EfiShellLib:IO.obj
 0004:00000010       $unwind$LibCheckVarGetFlag 0000000000003d30     EfiShellLib:VarCheck.obj
 0004:00000010       $unwind$PPUTC              0000000000003d30     EfiShellLib:IO.obj
 0004:0000001c       $unwind$LibCheckVariables  0000000000003d3c     EfiShellLib:VarCheck.obj
 0004:00000034       $unwind$InitializeUnicodeCollationSupportWorker 0000000000003d54     EfiShellLib:Init.obj
 0004:00000048       $unwind$LibInitializeStrings 0000000000003d68     EfiShellLib:Init.obj
 0004:00000054       $unwind$LibInitializeShellApplication 0000000000003d74     EfiShellLib:Init.obj
 0004:00000064       $unwind$MetaMatch          0000000000003d84     EfiShellLib:Str.obj
 0004:00000074       $unwind$StrToUInteger      0000000000003d94     EfiShellLib:Str.obj
 0004:00000084       $unwind$LocateHiiProtocols 0000000000003da4     EfiShellLib:HiiSupport.obj
 0004:00000084       $unwind$AllocatePool       0000000000003da4     EfiShellLib:Mem.obj
 0004:0000008c       $unwind$AllocateZeroPool   0000000000003dac     EfiShellLib:Mem.obj
 0004:0000008c       $unwind$_SPrint            0000000000003dac     EfiShellLib:IO.obj
 0004:00000094       $unwind$LibGetVariableAndSize 0000000000003db4     EfiShellLib:Misc.obj
 0004:000000a4       $unwind$GrowBuffer         0000000000003dc4     EfiShellLib:Misc.obj
 0004:000000b8       $unwind$GuidToString       0000000000003dd8     EfiShellLib:Misc.obj
 0004:000000d0       $unwind$ValueToString      0000000000003df0     EfiShellLib:Misc.obj
 0004:000000d8       $unwind$GetBestLanguage    0000000000003df8     EfiShellLib:Misc.obj
 0004:000000e8       $unwind$LibSelectBestLanguage 0000000000003e08     EfiShellLib:Misc.obj
 0004:000000f8       $unwind$SPrint             0000000000003e18     EfiShellLib:IO.obj
 0004:00000104       $unwind$PrintToken         0000000000003e24     EfiShellLib:IO.obj
 0004:00000110       $unwind$_IPrint            0000000000003e30     EfiShellLib:IO.obj
 0004:0000011c       $unwind$PFLUSH             0000000000003e3c     EfiShellLib:IO.obj
 0004:00000128       $unwind$PITEM              0000000000003e48     EfiShellLib:IO.obj
 0004:00000140       $unwind$_Print             0000000000003e60     EfiShellLib:IO.obj
 0004:00000160       $unwind$SetPageBreak       0000000000003e80     EfiShellLib:IO.obj
 0004:00000170       $unwind$IFlushWithPageBreak 0000000000003e90     EfiShellLib:IO.obj
 0004:00000188       $unwind$PreparePackageList 0000000000003ea8     EfiShellLib:HiiSupport.obj
 0004:0000019c       $unwind$LibGetString       0000000000003ebc     EfiShellLib:HiiSupport.obj
 0004:000001b8       $unwind$LibLocateHandle    0000000000003ed8     EfiShellLib:Handle.obj
 0004:000001cc       $unwind$LibLocateProtocol  0000000000003eec     EfiShellLib:Handle.obj
