 ShellFull

 Timestamp is 5bc88609 (Thu Oct 18 21:09:29 2018)

 Preferred load address is 0000000000000000

 Start         Length     Name                   Class
 0001:00000000 0004c9c0H .text$mn                CODE
 0002:00000000 00052f30H .data                   DATA
 0002:00052f30 00010bb4H .rdata                  DATA
 0002:00063b00 00002ff0H .bss                    DATA
 0003:00000000 00000096H text                    DATA
 0004:00000000 00001cecH .pdata                  DATA
 0005:00000000 000014ecH .xdata                  DATA

  Address         Publics by Value              Rva+Base               Lib:Object

 0000:00000000       __guard_flags              0000000000000000     <absolute>
 0000:00000000       __guard_fids_count         0000000000000000     <absolute>
 0000:00000000       __guard_fids_table         0000000000000000     <absolute>
 0000:00000000       __ImageBase                0000000000000000     <linker-defined>
 0001:00000000       _LocateStartup             00000000000002c0 f   ShellFull:init.obj
 0001:00000188       _ProcessLoadOptions        0000000000000448 f   ShellFull:init.obj
 0001:000003c4       _ProcessStartup            0000000000000684 f   ShellFull:init.obj
 0001:0000059c       _CleanUpOnExit             000000000000085c f   ShellFull:init.obj
 0001:0000073c       InitializeShell            00000000000009fc f   ShellFull:init.obj
 0001:00000c90       EnableOutputTabPause       0000000000000f50 f   ShellFull:ShellEnvInt.obj
 0001:00000cb8       ShellGetMap                0000000000000f78 f   ShellFull:ShellEnvInt.obj
 0001:00000d2c       StrnCmp                    0000000000000fec f   ShellFull:Str.obj
 0001:00000d64       StrCat                     0000000000001024 f   ShellFull:Str.obj
 0001:00000da4       StrTrim                    0000000000001064 f   ShellFull:Str.obj
 0001:00000e54       StrStr                     0000000000001114 f   ShellFull:Str.obj
 0001:00000f90       Xtoi                       0000000000001250 f   ShellFull:Str.obj
 0001:00001044       Atoi                       0000000000001304 f   ShellFull:Str.obj
 0001:000010bc       LibStubMetaiMatch          000000000000137c f   ShellFull:Str.obj
 0001:000010c8       MetaMatch                  0000000000001388 f   ShellFull:Str.obj
 0001:000012e0       LibStubStriCmp             00000000000015a0 f   ShellFull:Str.obj
 0001:00001364       LibStubStrUpr              0000000000001624 f   ShellFull:Str.obj
 0001:00001384       LibStubStrLwr              0000000000001644 f   ShellFull:Str.obj
 0001:000013a4       StrSize                    0000000000001664 f   ShellFull:Str.obj
 0001:000013c8       StrDuplicate               0000000000001688 f   ShellFull:Str.obj
 0001:0000140c       StrSubCmp                  00000000000016cc f   ShellFull:Str.obj
 0001:00001480       StrToUIntegerBase          0000000000001740 f   ShellFull:Str.obj
 0001:000015ec       StrToUInteger              00000000000018ac f   ShellFull:Str.obj
 0001:00001750       StrToUInt                  0000000000001a10 f   ShellFull:Str.obj
 0001:0000182c       StrTrimRight               0000000000001aec f   ShellFull:Str.obj
 0001:00001888       CopyMem                    0000000000001b48 f   ShellFull:Mem.obj
 0001:000018cc       AllocatePool               0000000000001b8c f   ShellFull:Mem.obj
 0001:00001900       ReallocatePool             0000000000001bc0 f   ShellFull:Mem.obj
 0001:00001974       AllocateZeroPool           0000000000001c34 f   ShellFull:Mem.obj
 0001:000019a0       LibLocateHandle            0000000000001c60 f   ShellFull:Handle.obj
 0001:00001a44       LibInstallProtocolInterfaces 0000000000001d04 f   ShellFull:Handle.obj
 0001:00001b24       LibUninstallProtocolInterfaces 0000000000001de4 f   ShellFull:Handle.obj
 0001:00001b78       LibReinstallProtocolInterfaces 0000000000001e38 f   ShellFull:Handle.obj
 0001:00001c30       ShellHandleFromIndex       0000000000001ef0 f   ShellFull:Handle.obj
 0001:00001cb0       ShellHandleToIndex         0000000000001f70 f   ShellFull:Handle.obj
 0001:00001d54       LibScanHandleDatabase      0000000000002014 f   ShellFull:Handle.obj
 0001:00002290       LibGetHandleDatabaseSubset 0000000000002550 f   ShellFull:Handle.obj
 0001:000023e4       LibGetChildControllerHandles 00000000000026a4 f   ShellFull:Handle.obj
 0001:0000253c       LibLocateProtocol          00000000000027fc f   ShellFull:Handle.obj
 0001:000025e8       InitializeUnicodeCollationSupportWorker 00000000000028a8 f   ShellFull:Init.obj
 0001:000026e4       InitializeShellLib         00000000000029a4 f   ShellFull:Init.obj
 0001:00002784       LibInitializeStrings       0000000000002a44 f   ShellFull:Init.obj
 0001:00002874       LibUnInitializeStrings     0000000000002b34 f   ShellFull:Init.obj
 0001:000028b8       LibInitializeShellApplication 0000000000002b78 f   ShellFull:Init.obj
 0001:00002a98       LibOpenRoot                0000000000002d58 f   ShellFull:FileIO.obj
 0001:00002aec       LibGetFileInfo             0000000000002dac f   ShellFull:FileIO.obj
 0001:00002b50       LibOpenFileByName          0000000000002e10 f   ShellFull:FileIO.obj
 0001:00002bac       LibOpenFile                0000000000002e6c f   ShellFull:FileIO.obj
 0001:00002d04       _ProcessDotInPath          0000000000002fc4 f   ShellFull:FileIO.obj
 0001:00002f80       _CheckContinuousSlash      0000000000003240 f   ShellFull:FileIO.obj
 0001:00002fb4       LibSplitFsAndPath          0000000000003274 f   ShellFull:FileIO.obj
 0001:00003098       CompareFsDevice            0000000000003358 f   ShellFull:FileIO.obj
 0001:000030f4       LibIsSubPath               00000000000033b4 f   ShellFull:FileIO.obj
 0001:000032b4       LibCompareFile             0000000000003574 f   ShellFull:FileIO.obj
 0001:000033d4       LibOpenFilePath            0000000000003694 f   ShellFull:FileIO.obj
 0001:00003448       LibGetVariableAndSize      0000000000003708 f   ShellFull:Misc.obj
 0001:000034d8       GrowBuffer                 0000000000003798 f   ShellFull:Misc.obj
 0001:00003578       GuidToString               0000000000003838 f   ShellFull:Misc.obj
 0001:00003688       StatusToString             0000000000003948 f   ShellFull:Misc.obj
 0001:00003a28       ValueToHex                 0000000000003ce8 f   ShellFull:Misc.obj
 0001:00003a84       LibGetSystemConfigurationTable 0000000000003d44 f   ShellFull:Misc.obj
 0001:00003b18       ValidMBR                   0000000000003dd8 f   ShellFull:Misc.obj
 0001:00003c84       LibGetImageName            0000000000003f44 f   ShellFull:Misc.obj
 0001:00003dc0       GetShellMode               0000000000004080 f   ShellFull:Misc.obj
 0001:00003dec       LibGetStringByToken        00000000000040ac f   ShellFull:Misc.obj
 0001:00003e70       LibCmdGetStringByToken     0000000000004130 f   ShellFull:Misc.obj
 0001:00003edc       QSort                      000000000000419c f   ShellFull:Misc.obj
 0001:00004078       LibFilterNullArgs          0000000000004338 f   ShellFull:Misc.obj
 0001:0000420c       ValueToString              00000000000044cc f   ShellFull:Misc.obj
 0001:000042f4       DumpHex                    00000000000045b4 f   ShellFull:Misc.obj
 0001:00004414       PrivateDumpHex             00000000000046d4 f   ShellFull:Misc.obj
 0001:000044a8       LibGetMachineTypeString    0000000000004768 f   ShellFull:Misc.obj
 0001:000044f0       LibGetImageHeader          00000000000047b0 f   ShellFull:Misc.obj
 0001:00004660       LibGetCommandLineLanguage  0000000000004920 f   ShellFull:Misc.obj
 0001:000046c0       GetBestLanguage            0000000000004980 f   ShellFull:Misc.obj
 0001:0000481c       LibSelectBestLanguage      0000000000004adc f   ShellFull:Misc.obj
 0001:00004924       GetComponentNameWorker     0000000000004be4 f   ShellFull:Misc.obj
 0001:000049c0       LibGetDriverName           0000000000004c80 f   ShellFull:Misc.obj
 0001:00004a94       GetControllerNameWorker    0000000000004d54 f   ShellFull:Misc.obj
 0001:00004b04       LibGetControllerName       0000000000004dc4 f   ShellFull:Misc.obj
 0001:00004f30       FakeHiiNewPackageList      00000000000051f0 f   ShellFull:FakeHii.obj
 0001:000050f4       FakeHiiRemovePackageList   00000000000053b4 f   ShellFull:FakeHii.obj
 0001:000051a8       FakeHiiSetString           0000000000005468 f   ShellFull:FakeHii.obj
 0001:000051a8       FakeHiiUpdatePackageList   0000000000005468 f   ShellFull:FakeHii.obj
 0001:000051a8       FakeHiiGetPackageListHandle 0000000000005468 f   ShellFull:FakeHii.obj
 0001:000051a8       SEnvErrIoRead              0000000000005468 f   ShellFull:conio.obj
 0001:000051a8       FakeHiiListPackageLists    0000000000005468 f   ShellFull:FakeHii.obj
 0001:000051a8       SEnvSetCursorPosition      0000000000005468 f   ShellFull:conio.obj
 0001:000051a8       SEnvConIoGetInfo           0000000000005468 f   ShellFull:conio.obj
 0001:000051a8       FakeHiiSetKeyboardLayout   0000000000005468 f   ShellFull:FakeHii.obj
 0001:000051a8       SEnvCmdEndforGetLineHelp   0000000000005468 f   ShellFull:for.obj
 0001:000051a8       FakeHiiRegisterPackageNotify 0000000000005468 f   ShellFull:FakeHii.obj
 0001:000051a8       SEnvConIoSetPosition       0000000000005468 f   ShellFull:conio.obj
 0001:000051a8       FakeHiiGetKeyboardLayout   0000000000005468 f   ShellFull:FakeHii.obj
 0001:000051a8       FakeHiiNewString           0000000000005468 f   ShellFull:FakeHii.obj
 0001:000051a8       FakeHiiFindKeyboardLayouts 0000000000005468 f   ShellFull:FakeHii.obj
 0001:000051a8       FakeHiiExportPackageLists  0000000000005468 f   ShellFull:FakeHii.obj
 0001:000051a8       SEnvCmdEndifGetLineHelp    0000000000005468 f   ShellFull:if.obj
 0001:000051a8       FakeHiiUnregisterPackageNotify 0000000000005468 f   ShellFull:FakeHii.obj
 0001:000051a8       SEnvConIoSetInfo           0000000000005468 f   ShellFull:conio.obj
 0001:000051a8       FakeHiiGetSecondaryLanguages 0000000000005468 f   ShellFull:FakeHii.obj
 0001:000051a8       SEnvDummySetCursorPosition 0000000000005468 f   ShellFull:conio.obj
 0001:000051a8       SEnvCmdElseGetLineHelp     0000000000005468 f   ShellFull:if.obj
 0001:000051a8       SEnvConIoGetPosition       0000000000005468 f   ShellFull:conio.obj
 0001:000051b4       FakeHiiGetString           0000000000005474 f   ShellFull:FakeHii.obj
 0001:000052e0       FakeHiiGetLanguages        00000000000055a0 f   ShellFull:FakeHii.obj
 0001:000053ec       _SPrint                    00000000000056ac f   ShellFull:IO.obj
 0001:00005464       _PoolCatPrint              0000000000005724 f   ShellFull:IO.obj
 0001:000054b0       SPrint                     0000000000005770 f   ShellFull:IO.obj
 0001:000054f8       Print                      00000000000057b8 f   ShellFull:IO.obj
 0001:0000553c       PoolPrint                  00000000000057fc f   ShellFull:IO.obj
 0001:00005588       PrintToken                 0000000000005848 f   ShellFull:IO.obj
 0001:00005660       PrintAt                    0000000000005920 f   ShellFull:IO.obj
 0001:00005694       CatPrint                   0000000000005954 f   ShellFull:IO.obj
 0001:000056d0       _IPrint                    0000000000005990 f   ShellFull:IO.obj
 0001:000057ac       IPrint                     0000000000005a6c f   ShellFull:IO.obj
 0001:000057e4       PFLUSH                     0000000000005aa4 f   ShellFull:IO.obj
 0001:000058a4       APrint                     0000000000005b64 f   ShellFull:IO.obj
 0001:000058e8       PSETATTR                   0000000000005ba8 f   ShellFull:IO.obj
 0001:0000592c       PPUTC                      0000000000005bec f   ShellFull:IO.obj
 0001:000059a8       PITEM                      0000000000005c68 f   ShellFull:IO.obj
 0001:00005ad8       _Print                     0000000000005d98 f   ShellFull:IO.obj
 0001:000060a4       SetPageBreak               0000000000006364 f   ShellFull:IO.obj
 0001:000061a8       IFlushWithPageBreak        0000000000006468 f   ShellFull:IO.obj
 0001:000062ec       _PoolPrint                 00000000000065ac f   ShellFull:IO.obj
 0001:00006370       IInput                     0000000000006630 f   ShellFull:IO.obj
 0001:000067c4       InitializeShellEnvironment 0000000000006a84 f   ShellFull:init.obj
 0001:00006b0c       SEnvFreeResources          0000000000006dcc f   ShellFull:init.obj
 0001:00006b80       SEnvNewShell               0000000000006e40 f   ShellFull:init.obj
 0001:00006c08       DevicePathInstance         0000000000006ec8 f   ShellFull:DPath.obj
 0001:00006cc0       AppendDevicePath           0000000000006f80 f   ShellFull:DPath.obj
 0001:00006dc8       DevicePathSize             0000000000007088 f   ShellFull:DPath.obj
 0001:00006dfc       DevicePathFromHandle       00000000000070bc f   ShellFull:DPath.obj
 0001:00006e30       DuplicateDevicePath        00000000000070f0 f   ShellFull:DPath.obj
 0001:00006e74       UnpackDevicePath           0000000000007134 f   ShellFull:DPath.obj
 0001:00006f60       _DevPathPci                0000000000007220 f   ShellFull:DPath.obj
 0001:00006f78       _DevPathPccard             0000000000007238 f   ShellFull:DPath.obj
 0001:00006f8c       _DevPathMemMap             000000000000724c f   ShellFull:DPath.obj
 0001:00006fb4       _DevPathController         0000000000007274 f   ShellFull:DPath.obj
 0001:00006fc4       _DevPathVendor             0000000000007284 f   ShellFull:DPath.obj
 0001:00007340       _DevPathAcpi               0000000000007600 f   ShellFull:DPath.obj
 0001:0000736c       _DevPathExtendedAcpi       000000000000762c f   ShellFull:DPath.obj
 0001:000074b4       _DevPathAdrAcpi            0000000000007774 f   ShellFull:DPath.obj
 0001:00007540       _DevPathAtapi              0000000000007800 f   ShellFull:DPath.obj
 0001:00007578       _DevPathScsi               0000000000007838 f   ShellFull:DPath.obj
 0001:00007590       _DevPathFibre              0000000000007850 f   ShellFull:DPath.obj
 0001:000075a4       _DevPath1394               0000000000007864 f   ShellFull:DPath.obj
 0001:000075b4       _DevPathUsb                0000000000007874 f   ShellFull:DPath.obj
 0001:000075cc       _DevPathUsbWWID            000000000000788c f   ShellFull:DPath.obj
 0001:000075f4       _DevPathLogicalUnit        00000000000078b4 f   ShellFull:DPath.obj
 0001:00007608       _DevPathUsbClass           00000000000078c8 f   ShellFull:DPath.obj
 0001:00007644       _DevPathSata               0000000000007904 f   ShellFull:DPath.obj
 0001:0000768c       _DevPathI2O                000000000000794c f   ShellFull:DPath.obj
 0001:0000769c       _DevPathMacAddr            000000000000795c f   ShellFull:DPath.obj
 0001:00007718       _DevPathIPv4               00000000000079d8 f   ShellFull:DPath.obj
 0001:00007754       _DevPathIPv6               0000000000007a14 f   ShellFull:DPath.obj
 0001:00007848       _DevPathInfiniBand         0000000000007b08 f   ShellFull:DPath.obj
 0001:00007880       _DevPathUart               0000000000007b40 f   ShellFull:DPath.obj
 0001:00007974       _DevPathiSCSI              0000000000007c34 f   ShellFull:DPath.obj
 0001:00007a6c       _DevPathHardDrive          0000000000007d2c f   ShellFull:DPath.obj
 0001:00007acc       _DevPathCDROM              0000000000007d8c f   ShellFull:DPath.obj
 0001:00007adc       _DevPathFilePath           0000000000007d9c f   ShellFull:DPath.obj
 0001:00007b64       _DevPathMediaProtocol      0000000000007e24 f   ShellFull:DPath.obj
 0001:00007b74       _DevPathFvFilePath         0000000000007e34 f   ShellFull:DPath.obj
 0001:00007b84       _DevPathRelativeOffsetRange 0000000000007e44 f   ShellFull:DPath.obj
 0001:00007b98       _DevPathBssBss             0000000000007e58 f   ShellFull:DPath.obj
 0001:00007c18       _DevPathEndInstance        0000000000007ed8 f   ShellFull:DPath.obj
 0001:00007c24       _DevPathNodeUnknown        0000000000007ee4 f   ShellFull:DPath.obj
 0001:00007c30       _DevPathFvPath             0000000000007ef0 f   ShellFull:DPath.obj
 0001:00007c40       LibDevicePathToStr         0000000000007f00 f   ShellFull:DPath.obj
 0001:00007da0       AppendDevicePathNode       0000000000008060 f   ShellFull:DPath.obj
 0001:00007e3c       FileDevicePath             00000000000080fc f   ShellFull:DPath.obj
 0001:00007ec4       LibDevicePathToInterface   0000000000008184 f   ShellFull:DPath.obj
 0001:00007f48       DevicePathCompare          0000000000008208 f   ShellFull:DPath.obj
 0001:00007fa8       LocateHiiProtocols         0000000000008268 f   ShellFull:HiiSupport.obj
 0001:00007ff4       PreparePackageList         00000000000082b4 f   ShellFull:HiiSupport.obj
 0001:000080e8       CompareLanguage            00000000000083a8 f   ShellFull:HiiSupport.obj
 0001:0000814c       LibGetString               000000000000840c f   ShellFull:HiiSupport.obj
 0001:000082dc       WaitForSingleEvent         000000000000859c f   ShellFull:Event.obj
 0001:00008308       SEnvOpenConsoleProxy       00000000000085c8 f   ShellFull:ConsoleProxy.obj
 0001:00008558       SEnvCloseConsoleProxy      0000000000008818 f   ShellFull:ConsoleProxy.obj
 0001:00008958       ProxyConInReset            0000000000008c18 f   ShellFull:ConsoleProxy.obj
 0001:0000897c       ProxyConInReadKeyStroke    0000000000008c3c f   ShellFull:ConsoleProxy.obj
 0001:00008a14       ProxyConInCheckKey         0000000000008cd4 f   ShellFull:ConsoleProxy.obj
 0001:00008ae0       ProxyConInWaitForKey       0000000000008da0 f   ShellFull:ConsoleProxy.obj
 0001:00008b1c       SEnvSetKeyFilter           0000000000008ddc f   ShellFull:ConsoleProxy.obj
 0001:00008b24       SEnvGetKeyFilter           0000000000008de4 f   ShellFull:ConsoleProxy.obj
 0001:00008b2c       ProxyConInFlashState       0000000000008dec f   ShellFull:ConsoleProxy.obj
 0001:00008bac       ProxyConInKeyFilter        0000000000008e6c f   ShellFull:ConsoleProxy.obj
 0001:00008c2c       ProxyConOutReset           0000000000008eec f   ShellFull:ConsoleProxy.obj
 0001:00008c6c       ProxyConOutOutputString    0000000000008f2c f   ShellFull:ConsoleProxy.obj
 0001:00008c8c       ProxyConOutTestString      0000000000008f4c f   ShellFull:ConsoleProxy.obj
 0001:00008c98       ProxyConOutQueryMode       0000000000008f58 f   ShellFull:ConsoleProxy.obj
 0001:00008ca4       ProxyConOutSetMode         0000000000008f64 f   ShellFull:ConsoleProxy.obj
 0001:00008cf0       ProxyConOutSetAttribute    0000000000008fb0 f   ShellFull:ConsoleProxy.obj
 0001:00008d2c       ProxyConOutClearScreen     0000000000008fec f   ShellFull:ConsoleProxy.obj
 0001:00008d74       ProxyConOutSetCursorPosition 0000000000009034 f   ShellFull:ConsoleProxy.obj
 0001:00008dc4       ProxyConOutEnableCursor    0000000000009084 f   ShellFull:ConsoleProxy.obj
 0001:0000942c       SEnvGetProtById            00000000000096ec f   ShellFull:protid.obj
 0001:0000953c       SEnvGetProtByStr           00000000000097fc f   ShellFull:protid.obj
 0001:00009688       SEnvAddProtocol            0000000000009948 f   ShellFull:protid.obj
 0001:000096a8       SEnvIAddProtocol           0000000000009968 f   ShellFull:protid.obj
 0001:0000984c       SEnvLoadHandleProtocolInfo 0000000000009b0c f   ShellFull:protid.obj
 0001:000098f8       SEnvGetProtocol            0000000000009bb8 f   ShellFull:protid.obj
 0001:00009960       SEnvGetHandleNumber        0000000000009c20 f   ShellFull:protid.obj
 0001:00009990       GetDriverName              0000000000009c50 f   ShellFull:protid.obj
 0001:00009a58       SEnvGetDeviceName          0000000000009d18 f   ShellFull:protid.obj
 0001:00009f9c       DisplayDriverModelHandle   000000000000a25c f   ShellFull:protid.obj
 0001:0000a8d8       SEnvDHProt                 000000000000ab98 f   ShellFull:protid.obj
 0001:0000ab98       SEnvCmdDH                  000000000000ae58 f   ShellFull:protid.obj
 0001:0000b048       SEnvLoadDefaults           000000000000b308 f   ShellFull:protid.obj
 0001:0000b0d4       SEnvInitProtocolInfoEnumerator 000000000000b394 f   ShellFull:protid.obj
 0001:0000b0f8       SEnvNextProtocolInfo       000000000000b3b8 f   ShellFull:protid.obj
 0001:0000b128       SEnvConIoNop               000000000000b3e8 f   ShellFull:conio.obj
 0001:0000b128       SEnvReset                  000000000000b3e8 f   ShellFull:conio.obj
 0001:0000b128       SEnvDummyOutputString      000000000000b3e8 f   ShellFull:conio.obj
 0001:0000b128       SEnvDummyTestString        000000000000b3e8 f   ShellFull:conio.obj
 0001:0000b128       SEnvDummySetAttribute      000000000000b3e8 f   ShellFull:conio.obj
 0001:0000b128       SEnvDummyClearScreen       000000000000b3e8 f   ShellFull:conio.obj
 0001:0000b128       SEnvDummyQueryMode         000000000000b3e8 f   ShellFull:conio.obj
 0001:0000b128       SEnvClearScreen            000000000000b3e8 f   ShellFull:conio.obj
 0001:0000b128       SEnvDummySetMode           000000000000b3e8 f   ShellFull:conio.obj
 0001:0000b128       SEnvDummyEnableCursor      000000000000b3e8 f   ShellFull:conio.obj
 0001:0000b128       SEnvNoUse                  000000000000b3e8 f   ShellFull:wait.obj
 0001:0000b128       SEnvSkipProtocolInfo       000000000000b3e8 f   ShellFull:protid.obj
 0001:0000b128       SEnvDummyReset             000000000000b3e8 f   ShellFull:conio.obj
 0001:0000b12c       SEnvResetProtocolInfoEnumerator 000000000000b3ec f   ShellFull:protid.obj
 0001:0000b13c       SEnvCloseProtocolInfoEnumerator 000000000000b3fc f   ShellFull:protid.obj
 0001:0000b154       SEnvCmdDHGetLineHelp       000000000000b414 f   ShellFull:protid.obj
 0001:0000b164       SEnvAddCommand             000000000000b424 f   ShellFull:cmddisp.obj
 0001:0000b278       SEnvGetCmdDispath          000000000000b538 f   ShellFull:cmddisp.obj
 0001:0000b310       SEnvTryMoveUpJumpStmt      000000000000b5d0 f   ShellFull:batch.obj
 0001:0000b390       SEnvMoveDownJumpStmt       000000000000b650 f   ShellFull:batch.obj
 0001:0000b400       SEnvBatchFindVariable      000000000000b6c0 f   ShellFull:batch.obj
 0001:0000b490       SEnvBatchPopStmtStack      000000000000b750 f   ShellFull:batch.obj
 0001:0000b5d4       SEnvBatchPushStmtStack     000000000000b894 f   ShellFull:batch.obj
 0001:0000b9c8       BatchPushScriptStack       000000000000bc88 f   ShellFull:batch.obj
 0001:0000bbf0       BatchPopScriptStack        000000000000beb0 f   ShellFull:batch.obj
 0001:0000bcd8       SEnvBatchFindArgument      000000000000bf98 f   ShellFull:batch.obj
 0001:0000bd3c       SEnvBatchIsActive          000000000000bffc f   ShellFull:batch.obj
 0001:0000bd50       SEnvSetBatchAbort          000000000000c010 f   ShellFull:batch.obj
 0001:0000bd88       SEnvBatchEchoCommand       000000000000c048 f   ShellFull:batch.obj
 0001:0000bedc       SEnvBatchSetCondition      000000000000c19c f   ShellFull:batch.obj
 0001:0000bf3c       SEnvBatchGetCondition      000000000000c1fc f   ShellFull:batch.obj
 0001:0000bf70       SEnvGetLineNumber          000000000000c230 f   ShellFull:batch.obj
 0001:0000c26c       _PushCurrentMode           000000000000c52c f   ShellFull:batch.obj
 0001:0000c3a8       _ResumePreviousMode        000000000000c668 f   ShellFull:batch.obj
 0001:0000c460       SEnvExecuteScript          000000000000c720 f   ShellFull:batch.obj
 0001:0000cd68       CheckInterValue            000000000000d028 f   ShellFull:batch.obj
 0001:0000ce34       ExtractFromArg             000000000000d0f4 f   ShellFull:batch.obj
 0001:0000d174       SEnvBatchPushFor2Stack     000000000000d434 f   ShellFull:batch.obj
 0001:0000d480       SEnvLoadHandleTable        000000000000d740 f   ShellFull:handle.obj
 0001:0000d4bc       SEnvFreeHandleTable        000000000000d77c f   ShellFull:handle.obj
 0001:0000d570       SEnvHandleToNumber         000000000000d830 f   ShellFull:handle.obj
 0001:0000d59c       SEnvNextHandle             000000000000d85c f   ShellFull:handle.obj
 0001:0000d5dc       SEnvSkipHandle             000000000000d89c f   ShellFull:handle.obj
 0001:0000d604       SEnvResetHandleEnumerator  000000000000d8c4 f   ShellFull:handle.obj
 0001:0000d614       SEnvInitHandleEnumerator   000000000000d8d4 f   ShellFull:handle.obj
 0001:0000d61c       SEnvCloseHandleEnumerator  000000000000d8dc f   ShellFull:handle.obj
 0001:0000d62c       SEnvGetHandleNum           000000000000d8ec f   ShellFull:handle.obj
 0001:0000d634       AcquireLock                000000000000d8f4 f   ShellFull:Lock.obj
 0001:0000d668       DumpMappingItem            000000000000d928 f   ShellFull:map.obj
 0001:0000da84       SEnvDumpMapping            000000000000dd44 f   ShellFull:map.obj
 0001:0000dbd0       SEnvCmdMap                 000000000000de90 f   ShellFull:map.obj
 0001:0000e428       SEnvMapDeviceFromName      000000000000e6e8 f   ShellFull:map.obj
 0001:0000e528       SEnvIFileNameToPath        000000000000e7e8 f   ShellFull:map.obj
 0001:0000e614       SEnvINameToPath            000000000000e8d4 f   ShellFull:map.obj
 0001:0000e734       SEnvNameToPath             000000000000e9f4 f   ShellFull:map.obj
 0001:0000e784       SEnvCmdCd                  000000000000ea44 f   ShellFull:map.obj
 0001:0000eb70       SEnvGetCurDir              000000000000ee30 f   ShellFull:map.obj
 0001:0000ec34       SEnvSetCurrentDevice       000000000000eef4 f   ShellFull:map.obj
 0001:0000ed60       SEnvCheckValidMappings     000000000000f020 f   ShellFull:map.obj
 0001:0000ef8c       SEnvCmdMapGetLineHelp      000000000000f24c f   ShellFull:map.obj
 0001:0000ef9c       SEnvCmdCdGetLineHelp       000000000000f25c f   ShellFull:map.obj
 0001:0000efac       SEnvGetFsName              000000000000f26c f   ShellFull:map.obj
 0001:0000f108       SEnvGetFsDevicePath        000000000000f3c8 f   ShellFull:map.obj
 0001:0000f1c8       CompareMappingInfo         000000000000f488 f   ShellFull:map.obj
 0001:0000f24c       SEnvAddMappingName         000000000000f50c f   ShellFull:map.obj
 0001:0000f364       AddMappingInfoByHandle     000000000000f624 f   ShellFull:map.obj
 0001:0000f444       GetDeviceMediaType         000000000000f704 f   ShellFull:map.obj
 0001:0000f4b4       Remapping                  000000000000f774 f   ShellFull:map.obj
 0001:0000fd70       ParseMediaTypeStr          0000000000010030 f   ShellFull:map.obj
 0001:0000fe78       SEnvDumpMappingOld         0000000000010138 f   ShellFull:map.obj
 0001:0000ff84       SEnvReloadDefaults         0000000000010244 f   ShellFull:map.obj
 0001:000104f8       SEnvCmdMapOld              00000000000107b8 f   ShellFull:map.obj
 0001:00010d88       SEnvConIoOpen              0000000000011048 f   ShellFull:conio.obj
 0001:00010d94       SEnvConIoWrite             0000000000011054 f   ShellFull:conio.obj
 0001:00010dbc       SEnvErrIoWrite             000000000001107c f   ShellFull:conio.obj
 0001:00010de4       SEnvPrintHistory           00000000000110a4 f   ShellFull:conio.obj
 0001:00010ef8       SEnvConIoRead              00000000000111b8 f   ShellFull:conio.obj
 0001:00011a30       SEnvOutputString           0000000000011cf0 f   ShellFull:conio.obj
 0001:00011bc0       SEnvTestString             0000000000011e80 f   ShellFull:conio.obj
 0001:00011c2c       SEnvQueryMode              0000000000011eec f   ShellFull:conio.obj
 0001:00011c48       SEnvSetMode                0000000000011f08 f   ShellFull:conio.obj
 0001:00011c60       SEnvSetAttribute           0000000000011f20 f   ShellFull:conio.obj
 0001:00011c6c       SEnvEnableCursor           0000000000011f2c f   ShellFull:conio.obj
 0001:00011c78       SEnvInitVariables          0000000000011f38 f   ShellFull:var.obj
 0001:00011ebc       SEnvIGetStr                000000000001217c f   ShellFull:var.obj
 0001:00011f2c       SEnvGetMap                 00000000000121ec f   ShellFull:var.obj
 0001:00011f38       SEnvGetEnv                 00000000000121f8 f   ShellFull:var.obj
 0001:00011ff4       SEnvAddVarToList           00000000000122b4 f   ShellFull:var.obj
 0001:000120cc       SEnvAddVar                 000000000001238c f   ShellFull:var.obj
 0001:00012158       SEnvFindVar                0000000000012418 f   ShellFull:var.obj
 0001:000121c8       SEnvCmdGetStringByToken    0000000000012488 f   ShellFull:var.obj
 0001:000121fc       SEnvCmdAliasGetLineHelp    00000000000124bc f   ShellFull:var.obj
 0001:0001220c       SEnvCmdSetGetLineHelp      00000000000124cc f   ShellFull:var.obj
 0001:0001221c       _IsReserved                00000000000124dc f   ShellFull:var.obj
 0001:000122b8       SEnvCmdSA                  0000000000012578 f   ShellFull:var.obj
 0001:00012988       SEnvCmdSet                 0000000000012c48 f   ShellFull:var.obj
 0001:000129bc       SEnvCmdAlias               0000000000012c7c f   ShellFull:var.obj
 0001:000129f0       SEnvGetShellMode           0000000000012cb0 f   ShellFull:var.obj
 0001:00012a24       SpecShellModeCheckFun      0000000000012ce4 f   ShellFull:var.obj
 0001:00012b10       SpecShellModeGetFun        0000000000012dd0 f   ShellFull:var.obj
 0001:00012b94       SetCrc                     0000000000012e54 f   ShellFull:CRC.obj
 0001:00012bd8       SEnvStringToArg            0000000000012e98 f   ShellFull:exec.obj
 0001:00012ee0       ShellAppendBuffer          00000000000131a0 f   ShellFull:exec.obj
 0001:00012fac       SEnvFreeArgument           000000000001326c f   ShellFull:exec.obj
 0001:0001301c       SEnvRedirOutput            00000000000132dc f   ShellFull:exec.obj
 0001:000132b0       _CheckRedirecSyntax        0000000000013570 f   ShellFull:exec.obj
 0001:00013534       _IsTheSameFile             00000000000137f4 f   ShellFull:exec.obj
 0001:000136e8       SEnvExecRedir              00000000000139a8 f   ShellFull:exec.obj
 0001:00013be4       SEnvCloseRedir             0000000000013ea4 f   ShellFull:exec.obj
 0001:00013c84       SEnvDoExecute              0000000000013f44 f   ShellFull:exec.obj
 0001:00014470       SEnvExecute                0000000000014730 f   ShellFull:exec.obj
 0001:000145f0       SEnvLoadImage              00000000000148b0 f   ShellFull:exec.obj
 0001:00014d74       SEnvExit                   0000000000015034 f   ShellFull:exec.obj
 0001:00014f78       SEnvIncrementShellNestingLevel 0000000000015238 f   ShellFull:exec.obj
 0001:00014f80       SEnvDecrementShellNestingLevel 0000000000015240 f   ShellFull:exec.obj
 0001:00014f94       SEnvIsRootShell            0000000000015254 f   ShellFull:exec.obj
 0001:00014fa0       SEnvEnablePageBreak        0000000000015260 f   ShellFull:exec.obj
 0001:00015018       SEnvDisablePageBreak       00000000000152d8 f   ShellFull:exec.obj
 0001:00015038       SEnvGetPageBreak           00000000000152f8 f   ShellFull:exec.obj
 0001:00015040       SEnvGetExecutionBreak      0000000000015300 f   ShellFull:exec.obj
 0001:00015048       ShellParseStrOld           0000000000015308 f   ShellFull:exec.obj
 0001:000156fc       SEnvExitGetLineHelp        00000000000159bc f   ShellFull:exec.obj
 0001:0001570c       LibCheckVarFreeVarList     00000000000159cc f   ShellFull:VarCheck.obj
 0001:0001575c       LibCheckVarGetFlag         0000000000015a1c f   ShellFull:VarCheck.obj
 0001:000157a0       iCompareSetFlag            0000000000015a60 f   ShellFull:VarCheck.obj
 0001:000157fc       LibCheckVariables          0000000000015abc f   ShellFull:VarCheck.obj
 0001:00015b20       SEnvHardwareDevicePathEntry 0000000000015de0 f   ShellFull:dprot.obj
 0001:00015c40       SEnvAcpiDevicePathEntry    0000000000015f00 f   ShellFull:dprot.obj
 0001:00015e14       SEnvMessagingDevicePathEntry 00000000000160d4 f   ShellFull:dprot.obj
 0001:0001625c       SEnvMediaDevicePathEntry   000000000001651c f   ShellFull:dprot.obj
 0001:00016374       SEnvDPath                  0000000000016634 f   ShellFull:dprot.obj
 0001:000164a4       SEnvDPathTok               0000000000016764 f   ShellFull:dprot.obj
 0001:00016528       SEnvImageDPathTok          00000000000167e8 f   ShellFull:dprot.obj
 0001:000165ac       SEnvTextOut                000000000001686c f   ShellFull:dprot.obj
 0001:00016688       SEnvBlkIo                  0000000000016948 f   ShellFull:dprot.obj
 0001:000167a4       SEnvImageTok               0000000000016a64 f   ShellFull:dprot.obj
 0001:00016828       SEnvImage                  0000000000016ae8 f   ShellFull:dprot.obj
 0001:00016b18       SEnvIsaIo                  0000000000016dd8 f   ShellFull:dprot.obj
 0001:00016c34       SEnvPciRootBridgeIo        0000000000016ef4 f   ShellFull:dprot.obj
 0001:00016dc0       SEnvPciIo                  0000000000017080 f   ShellFull:dprot.obj
 0001:00016f6c       SEnvUsbIo                  000000000001722c f   ShellFull:dprot.obj
 0001:00016ff8       SEnvDebugSupport           00000000000172b8 f   ShellFull:dprot.obj
 0001:00017070       SEnvBusSpecificDriverOverride 0000000000017330 f   ShellFull:dprot.obj
 0001:000170f4       SEnvGraphicsOutput         00000000000173b4 f   ShellFull:dprot.obj
 0001:00017210       SEnvDriverEFIVersion       00000000000174d0 f   ShellFull:dprot.obj
 0001:00017228       SEnvDriverEFIVersionTok    00000000000174e8 f   ShellFull:dprot.obj
 0001:00017240       SEnvFileHandleToFileName   0000000000017500 f   ShellFull:marg.obj
 0001:00017414       TouchFreeFileArg           00000000000176d4 f   ShellFull:touch.obj
 0001:00017414       SEnvFreeFileArg            00000000000176d4 f   ShellFull:marg.obj
 0001:000174c4       SEnvDelDupFileArg          0000000000017784 f   ShellFull:marg.obj
 0001:0001754c       SEnvFreeFileList           000000000001780c f   ShellFull:marg.obj
 0001:00017578       SEnvNewFileArg             0000000000017838 f   ShellFull:marg.obj
 0001:00017814       SEnvFileMetaArg            0000000000017ad4 f   ShellFull:marg.obj
 0001:00017a14       SEnvIFileMetaArg           0000000000017cd4 f   ShellFull:marg.obj
 0001:00017fe4       SEnvIFileMetaArgNoWildCard 00000000000182a4 f   ShellFull:marg.obj
 0001:00018458       CheckValidFileName         0000000000018718 f   ShellFull:marg.obj
 0001:000184f4       SEnvCmdPause               00000000000187b4 f   ShellFull:pause.obj
 0001:00018788       SEnvCmdPauseGetLineHelp    0000000000018a48 f   ShellFull:pause.obj
 0001:00018798       InitializeReset            0000000000018a58 f   ShellFull:reset.obj
 0001:00018a10       InitializeResetGetLineHelp 0000000000018cd0 f   ShellFull:reset.obj
 0001:00018a28       PrintVerboseHelp           0000000000018ce8 f   ShellFull:help.obj
 0001:00018adc       IsValidCommand             0000000000018d9c f   ShellFull:help.obj
 0001:00018b3c       SEnvHelpGetLineHelp        0000000000018dfc f   ShellFull:help.obj
 0001:00018b4c       SEnvHelp                   0000000000018e0c f   ShellFull:help.obj
 0001:00018fb4       InitializeLS               0000000000019274 f   ShellFull:ls.obj
 0001:00019040       MainProc                   0000000000019300 f   ShellFull:ls.obj
 0001:000195f0       Listing                    00000000000198b0 f   ShellFull:ls.obj
 0001:00019b28       CleanupAsFatLfn            0000000000019de8 f   ShellFull:ls.obj
 0001:00019bb0       GetPattern                 0000000000019e70 f   ShellFull:ls.obj
 0001:00019ca8       IsMatch                    0000000000019f68 f   ShellFull:ls.obj
 0001:00019e04       FindMatchItem              000000000001a0c4 f   ShellFull:ls.obj
 0001:00019ee0       LsDumpFileInfo             000000000001a1a0 f   ShellFull:ls.obj
 0001:0001a0a0       InitializeLSGetLineHelp    000000000001a360 f   ShellFull:ls.obj
 0001:0001a0f4       _DevPathSerialIScsi        000000000001a3b4 f   ShellFull:ConsistMapping.obj
 0001:0001a0f4       _DevPathSerialDefault      000000000001a3b4 f   ShellFull:ConsistMapping.obj
 0001:0001acf8       Ping                       000000000001afb8 f   ShellFull:Ping.obj
 0001:0001b108       PingGetLineHelp            000000000001b3c8 f   ShellFull:Ping.obj
 0001:0001b120       _SetGlobalMask             000000000001b3e0 f   ShellFull:err.obj
 0001:0001b230       _DumpHandleMask            000000000001b4f0 f   ShellFull:err.obj
 0001:0001b2a0       _DumpDriverMask            000000000001b560 f   ShellFull:err.obj
 0001:0001b478       _SetDriverMask             000000000001b738 f   ShellFull:err.obj
 0001:0001b5c4       _SetAllDriverMask          000000000001b884 f   ShellFull:err.obj
 0001:0001b6f0       InitializeError            000000000001b9b0 f   ShellFull:err.obj
 0001:0001b988       PrintErrMsg                000000000001bc48 f   ShellFull:err.obj
 0001:0001bbe4       InitializeErrorGetLineHelp 000000000001bea4 f   ShellFull:err.obj
 0001:0001bbfc       InitializeStall            000000000001bebc f   ShellFull:stall.obj
 0001:0001bfc4       InitializeStallGetLineHelp 000000000001c284 f   ShellFull:stall.obj
 0001:0001bfdc       InitializeType             000000000001c29c f   ShellFull:type.obj
 0001:0001c378       TypeFile                   000000000001c638 f   ShellFull:type.obj
 0001:0001c6f0       InitializeTypeGetLineHelp  000000000001c9b0 f   ShellFull:type.obj
 0001:0001c708       DumpMm                     000000000001c9c8 f   ShellFull:mm.obj
 0001:0001c7ec       DumpMmGetLineHelp          000000000001caac f   ShellFull:mm.obj
 0001:0001c804       DumpMem                    000000000001cac4 f   ShellFull:mem.obj
 0001:0001c8e8       DumpMemGetLineHelp         000000000001cba8 f   ShellFull:mem.obj
 0001:0001c900       InitializeCls              000000000001cbc0 f   ShellFull:cls.obj
 0001:0001cb54       InitializeClsGetLineHelp   000000000001ce14 f   ShellFull:cls.obj
 0001:0001cb6c       InitializeComp             000000000001ce2c f   ShellFull:comp.obj
 0001:0001d274       InitializeCompGetLineHelp  000000000001d534 f   ShellFull:comp.obj
 0001:0001d28c       InitializeEFIHexEditor     000000000001d54c f   ShellFull:main.obj
 0001:0001d888       InitializeEFIHexEditorGetLineHelp 000000000001db48 f   ShellFull:main.obj
 0001:0001d8a0       HexEditGetDefaultFileName  000000000001db60 f   ShellFull:main.obj
 0001:0001d998       SEnvCmdIf                  000000000001dc58 f   ShellFull:if.obj
 0001:0001df34       SEnvCmdEndif               000000000001e1f4 f   ShellFull:if.obj
 0001:0001e09c       SEnvCmdElse                000000000001e35c f   ShellFull:if.obj
 0001:0001e200       SEnvCmdIfGetLineHelp       000000000001e4c0 f   ShellFull:if.obj
 0001:0001e210       GuidMain                   000000000001e4d0 f   ShellFull:guid.obj
 0001:0001e558       GuidMainGetLineHelp        000000000001e818 f   ShellFull:guid.obj
 0001:0001e784       InitializeSerialMode       000000000001ea44 f   ShellFull:sermode.obj
 0001:0001ec54       InitializeSerialModeGetLineHelp 000000000001ef14 f   ShellFull:sermode.obj
 0001:0001ec6c       InitializeDate             000000000001ef2c f   ShellFull:date.obj
 0001:0001f1a0       InitializeDateGetLineHelp  000000000001f460 f   ShellFull:date.obj
 0001:0001f1b8       InitializeTime             000000000001f478 f   ShellFull:time.obj
 0001:0001f5d0       InitializeTimeGetLineHelp  000000000001f890 f   ShellFull:time.obj
 0001:0001f5e8       InitializeLoad             000000000001f8a8 f   ShellFull:load.obj
 0001:0001f90c       LoadPciRomConnectAllDriversToAllControllers 000000000001fbcc f   ShellFull:LoadPciRom.obj
 0001:0001f90c       LoadConnectAllDriversToAllControllers 000000000001fbcc f   ShellFull:load.obj
 0001:0001fe18       InitializeLoadGetLineHelp  00000000000200d8 f   ShellFull:load.obj
 0001:0001fe30       SEnvCmdEcho                00000000000200f0 f   ShellFull:echo.obj
 0001:000200d4       SEnvCmdEchoGetLineHelp     0000000000020394 f   ShellFull:echo.obj
 0001:000200e4       MountMain                  00000000000203a4 f   ShellFull:mount.obj
 0001:00020528       MountMainGetLineHelp       00000000000207e8 f   ShellFull:mount.obj
 0001:00020540       SEnvCmdConnect             0000000000020800 f   ShellFull:Connect.obj
 0001:00020c88       SEnvCmdDisconnect          0000000000020f48 f   ShellFull:Connect.obj
 0001:000211e8       SEnvDisconnectAll          00000000000214a8 f   ShellFull:Connect.obj
 0001:00021384       SEnvConnectDevicePath      0000000000021644 f   ShellFull:Connect.obj
 0001:0002149c       SEnvConnectConsole         000000000002175c f   ShellFull:Connect.obj
 0001:000215e4       SEnvConnectAllDriversToAllControllers 00000000000218a4 f   ShellFull:Connect.obj
 0001:00021750       SEnvConnectAllConsoles     0000000000021a10 f   ShellFull:Connect.obj
 0001:0002181c       SEnvCmdReconnect           0000000000021adc f   ShellFull:Connect.obj
 0001:00021cb4       SEnvCmdConnectGetLineHelp  0000000000021f74 f   ShellFull:Connect.obj
 0001:00021cc4       SEnvCmdDisconnectGetLineHelp 0000000000021f84 f   ShellFull:Connect.obj
 0001:00021cd4       SEnvCmdReconnectGetLineHelp 0000000000021f94 f   ShellFull:Connect.obj
 0001:00021ce4       DrvdiagMain                0000000000021fa4 f   ShellFull:drvdiag.obj
 0001:000225c4       ShellCmdDriverRunDiagnostics 0000000000022884 f   ShellFull:drvdiag.obj
 0001:000226a8       DrvdiagGetLineHelp         0000000000022968 f   ShellFull:drvdiag.obj
 0001:000226c0       SEnvCmdDriverDiagnostics   0000000000022980 f   ShellFull:drvdiag.obj
 0001:00022d28       InitializeVer              0000000000022fe8 f   ShellFull:ver.obj
 0001:00022fd0       InitializeVerGetLineHelp   0000000000023290 f   ShellFull:ver.obj
 0001:00022fe8       InitializeMkDir            00000000000232a8 f   ShellFull:mkdir.obj
 0001:00023294       MkDir                      0000000000023554 f   ShellFull:mkdir.obj
 0001:000233c4       InitializeMkDirGetLineHelp 0000000000023684 f   ShellFull:mkdir.obj
 0001:000233dc       PrintMac                   000000000002369c f   ShellFull:IfConfig.obj
 0001:0002343c       PrintIp                    00000000000236fc f   ShellFull:IfConfig.obj
 0001:00023488       GetChildHandle             0000000000023748 f   ShellFull:IfConfig.obj
 0001:00023670       AppendOffsetWidthValue     0000000000023930 f   ShellFull:IfConfig.obj
 0001:00023750       ConstructConfigHdr         0000000000023a10 f   ShellFull:IfConfig.obj
 0001:00023984       IfConfigGetNicMacInfo      0000000000023c44 f   ShellFull:IfConfig.obj
 0001:00023a7c       IfConfigGetNicMediaStatus  0000000000023d3c f   ShellFull:IfConfig.obj
 0001:00023b68       IfconfigGetAllNicInfoByHii 0000000000023e28 f   ShellFull:IfConfig.obj
 0001:00023ee8       IfconfigSetNicAddrByHii    00000000000241a8 f   ShellFull:IfConfig.obj
 0001:00024068       IfconfigGetAllNicInfo      0000000000024328 f   ShellFull:IfConfig.obj
 0001:000242ec       StrToIp                    00000000000245ac f   ShellFull:IfConfig.obj
 0001:000243b8       TimeoutToGetMap            0000000000024678 f   ShellFull:IfConfig.obj
 0001:000243c0       IfconfigStartIp4           0000000000024680 f   ShellFull:IfConfig.obj
 0001:000245ec       IfconfigSetNicAddr         00000000000248ac f   ShellFull:IfConfig.obj
 0001:00024ac0       IfconfigShowNicInfo        0000000000024d80 f   ShellFull:IfConfig.obj
 0001:00024db8       IfConfig                   0000000000025078 f   ShellFull:IfConfig.obj
 0001:00025120       IfConfigGetLineHelp        00000000000253e0 f   ShellFull:IfConfig.obj
 0001:00025138       InitializeSmbiosViewApplication 00000000000253f8 f   ShellFull:smbiosview.obj
 0001:00025474       SMBiosView                 0000000000025734 f   ShellFull:smbiosview.obj
 0001:000257bc       WaitEnter                  0000000000025a7c f   ShellFull:smbiosview.obj
 0001:000258bc       ShowHelpInfo               0000000000025b7c f   ShellFull:smbiosview.obj
 0001:00025a14       InitSmbiosTableStatistics  0000000000025cd4 f   ShellFull:smbiosview.obj
 0001:00025bcc       DisplayStatisticsTable     0000000000025e8c f   ShellFull:smbiosview.obj
 0001:00025d90       InitializeSmbiosViewApplicationGetLineHelp 0000000000026050 f   ShellFull:smbiosview.obj
 0001:00025da8       InitializeVol              0000000000026068 f   ShellFull:vol.obj
 0001:000263fc       InitializeVolGetLineHelp   00000000000266bc f   ShellFull:vol.obj
 0001:00026414       InitializeVolOld           00000000000266d4 f   ShellFull:vol.obj
 0001:000268b4       DumpBlockDev               0000000000026b74 f   ShellFull:dblk.obj
 0001:00026c90       InitializeDblkGetLineHelp  0000000000026f50 f   ShellFull:dblk.obj
 0001:00026ca8       DevicesMain                0000000000026f68 f   ShellFull:devices.obj
 0001:0002723c       InitializeDevicesGetLineHelp 00000000000274fc f   ShellFull:devices.obj
 0001:00027254       DevicesMainOld             0000000000027514 f   ShellFull:devices.obj
 0001:00027654       InitializeEFIEditor        0000000000027914 f   ShellFull:main.obj
 0001:0002799c       InitializeEFIEditorGetLineHelp 0000000000027c5c f   ShellFull:main.obj
 0001:000279b4       InitializeDumpStore        0000000000027c74 f   ShellFull:dmpstore.obj
 0001:00027bf0       ReadDataFromFile           0000000000027eb0 f   ShellFull:dmpstore.obj
 0001:00027c3c       LoadVariableStore          0000000000027efc f   ShellFull:dmpstore.obj
 0001:00028050       DumpVariableStore          0000000000028310 f   ShellFull:dmpstore.obj
 0001:000283e4       CreateOutputFile           00000000000286a4 f   ShellFull:dmpstore.obj
 0001:00028510       SetFileVariable            00000000000287d0 f   ShellFull:dmpstore.obj
 0001:000285d8       InitializeDumpStoreGetLineHelp 0000000000028898 f   ShellFull:dmpstore.obj
 0001:000285f0       InitializeAttrib           00000000000288b0 f   ShellFull:attrib.obj
 0001:00028978       AttribSet                  0000000000028c38 f   ShellFull:attrib.obj
 0001:00028a00       AttribFile                 0000000000028cc0 f   ShellFull:attrib.obj
 0001:00028b30       InitializeAttribGetLineHelp 0000000000028df0 f   ShellFull:attrib.obj
 0001:00028b48       InitializeLoadPciRom       0000000000028e08 f   ShellFull:LoadPciRom.obj
 0001:00028ed8       LoadEfiDriversFromRomImage 0000000000029198 f   ShellFull:LoadPciRom.obj
 0001:000291c8       InitializeLoadPciRomGetLineHelp 0000000000029488 f   ShellFull:LoadPciRom.obj
 0001:000291e0       InitializeCompress         00000000000294a0 f   ShellFull:CompressMain.obj
 0001:00029818       InitializeCompressGetLineHelp 0000000000029ad8 f   ShellFull:CompressMain.obj
 0001:00029830       SEnvCmdShift               0000000000029af0 f   ShellFull:shift.obj
 0001:00029a3c       SEnvCmdShiftGetLineHelp    0000000000029cfc f   ShellFull:shift.obj
 0001:00029a4c       SEnvCmdGoto                0000000000029d0c f   ShellFull:goto.obj
 0001:00029d24       SEnvCmdGotoGetLineHelp     0000000000029fe4 f   ShellFull:goto.obj
 0001:00029d34       InitializeTZone            0000000000029ff4 f   ShellFull:tzone.obj
 0001:0002a140       TZoneArgtoValue            000000000002a400 f   ShellFull:tzone.obj
 0001:0002a2bc       InitializeZoneGetLineHelp  000000000002a57c f   ShellFull:tzone.obj
 0001:0002a2d4       DriversMain                000000000002a594 f   ShellFull:drivers.obj
 0001:0002aae8       DriversGetLineHelp         000000000002ada8 f   ShellFull:drivers.obj
 0001:0002ab00       InitializeMode             000000000002adc0 f   ShellFull:mode.obj
 0001:0002ae54       InitializeModeGetLineHelp  000000000002b114 f   ShellFull:mode.obj
 0001:0002ae6c       SEnvCmdForRun              000000000002b12c f   ShellFull:for.obj
 0001:0002af64       SEnvCmdFor                 000000000002b224 f   ShellFull:for.obj
 0001:0002b29c       SEnvCmdEndfor              000000000002b55c f   ShellFull:for.obj
 0001:0002b54c       SEnvCmdForGetLineHelp      000000000002b80c f   ShellFull:for.obj
 0001:0002b55c       InitializeMv               000000000002b81c f   ShellFull:mv.obj
 0001:0002c0f8       MvFile                     000000000002c3b8 f   ShellFull:mv.obj
 0001:0002c354       InitializeMvGetLineHelp    000000000002c614 f   ShellFull:mv.obj
 0001:0002c36c       InitializeCP               000000000002c62c f   ShellFull:cp.obj
 0001:0002c438       InitializeCPGetLineHelp    000000000002c6f8 f   ShellFull:cp.obj
 0001:0002c450       CPMainProcNew              000000000002c710 f   ShellFull:cp.obj
 0001:0002cf90       CpCopy                     000000000002d250 f   ShellFull:cp.obj
 0001:0002db50       CPMainProcOld              000000000002de10 f   ShellFull:cp.obj
 0001:0002e5f8       InitializeDecompress       000000000002e8b8 f   ShellFull:Decompress.obj
 0001:0002ec58       InitializeDecompressGetLineHelp 000000000002ef18 f   ShellFull:Decompress.obj
 0001:0002ec70       InitializeTelnetMgmt       000000000002ef30 f   ShellFull:TelnetMgmt.obj
 0001:0002ef10       InitializeTelnetmgmtGetLineHelp 000000000002f1d0 f   ShellFull:TelnetMgmt.obj
 0001:0002ef28       OpeninfoMain               000000000002f1e8 f   ShellFull:openinfo.obj
 0001:0002f490       InitializeOpenInfoGetLineHelp 000000000002f750 f   ShellFull:openinfo.obj
 0001:0002f4a8       _DHProt                    000000000002f768 f   ShellFull:unload.obj
 0001:0002f760       InitializeUnload           000000000002fa20 f   ShellFull:unload.obj
 0001:0002fb34       InitializeUnloadGetLineHelp 000000000002fdf4 f   ShellFull:unload.obj
 0001:0002fb4c       DumpIoModify               000000000002fe0c f   ShellFull:mm.obj
 0001:00030810       ReadMem                    0000000000030ad0 f   ShellFull:mm.obj
 0001:00030874       OldShellParserMM           0000000000030b34 f   ShellFull:mm.obj
 0001:00030b18       InitializeMMGetLineHelp    0000000000030dd8 f   ShellFull:mm.obj
 0001:00030b30       InitializeMemmap           0000000000030df0 f   ShellFull:memmap.obj
 0001:00030f30       InitializeMemmapGetLineHelp 00000000000311f0 f   ShellFull:memmap.obj
 0001:00030f48       DrvcfgMain                 0000000000031208 f   ShellFull:drvcfg.obj
 0001:00031c40       ShellCmdDriverConfigurationProcessActionRequired 0000000000031f00 f   ShellFull:drvcfg.obj
 0001:00031e1c       DrvcfgGetLineHelp          00000000000320dc f   ShellFull:drvcfg.obj
 0001:00031e34       SEnvCmdDriverConfiguration 00000000000320f4 f   ShellFull:drvcfg.obj
 0001:0003293c       InitializeTouch            0000000000032bfc f   ShellFull:touch.obj
 0001:00032c1c       TouchFile                  0000000000032edc f   ShellFull:touch.obj
 0001:00032de4       CreateChild                00000000000330a4 f   ShellFull:touch.obj
 0001:00032f54       InitializeTouchGetLineHelp 0000000000033214 f   ShellFull:touch.obj
 0001:00032f6c       DevicetreeMain             000000000003322c f   ShellFull:devicetree.obj
 0001:0003331c       ShellDeviceTree            00000000000335dc f   ShellFull:devicetree.obj
 0001:00033668       DevicetreeMainGetLineHelp  0000000000033928 f   ShellFull:devicetree.obj
 0001:00033680       DevicetreeMainOld          0000000000033940 f   ShellFull:devicetree.obj
 0001:000338cc       PciDump                    0000000000033b8c f   ShellFull:pci.obj
 0001:00034140       PciFindProtocolInterface   0000000000034400 f   ShellFull:pci.obj
 0001:00034288       PciExplainData             0000000000034548 f   ShellFull:pci.obj
 0001:000346c8       PciExplainDeviceData       0000000000034988 f   ShellFull:pci.obj
 0001:00034924       PciExplainBridgeData       0000000000034be4 f   ShellFull:pci.obj
 0001:00034ca0       PciExplainBar              0000000000034f60 f   ShellFull:pci.obj
 0001:000350a4       PciExplainCardBusData      0000000000035364 f   ShellFull:pci.obj
 0001:000353fc       PciExplainStatus           00000000000356bc f   ShellFull:pci.obj
 0001:000355e4       PciExplainBridgeControl    00000000000358a4 f   ShellFull:pci.obj
 0001:000357e0       ExplainPcieCapReg          0000000000035aa0 f   ShellFull:pci.obj
 0001:0003589c       ExplainPcieDeviceCap       0000000000035b5c f   ShellFull:pci.obj
 0001:00035a6c       ExplainPcieDeviceControl   0000000000035d2c f   ShellFull:pci.obj
 0001:00035bfc       ExplainPcieDeviceStatus    0000000000035ebc f   ShellFull:pci.obj
 0001:00035c84       ExplainPcieLinkCap         0000000000035f44 f   ShellFull:pci.obj
 0001:00035dc0       ExplainPcieLinkControl     0000000000036080 f   ShellFull:pci.obj
 0001:00035ec8       ExplainPcieLinkStatus      0000000000036188 f   ShellFull:pci.obj
 0001:00035f84       ExplainPcieSlotCap         0000000000036244 f   ShellFull:pci.obj
 0001:0003608c       ExplainPcieSlotControl     000000000003634c f   ShellFull:pci.obj
 0001:000361c0       ExplainPcieSlotStatus      0000000000036480 f   ShellFull:pci.obj
 0001:000362c0       ExplainPcieRootControl     0000000000036580 f   ShellFull:pci.obj
 0001:00036334       ExplainPcieRootCap         00000000000365f4 f   ShellFull:pci.obj
 0001:00036354       ExplainPcieRootStatus      0000000000036614 f   ShellFull:pci.obj
 0001:0003639c       PciExplainPciExpress       000000000003665c f   ShellFull:pci.obj
 0001:00036568       InitializePciGetLineHelp   0000000000036828 f   ShellFull:pci.obj
 0001:00036580       FindDhcp4OptionInBuffer    0000000000036840 f   ShellFull:IpConfig.obj
 0001:000365e8       FindDhcp4Option            00000000000368a8 f   ShellFull:IpConfig.obj
 0001:0003666c       InitializeIpConfig         000000000003692c f   ShellFull:IpConfig.obj
 0001:00036c28       EfiInetAddr                0000000000036ee8 f   ShellFull:IpConfig.obj
 0001:00036cf0       EfiRestartPxeBaseCode      0000000000036fb0 f   ShellFull:IpConfig.obj
 0001:00036e9c       InitializeIpConfigGetLineHelp 000000000003715c f   ShellFull:IpConfig.obj
 0001:00036eb4       InitializeRM               0000000000037174 f   ShellFull:rm.obj
 0001:00036f04       RmMainProc                 00000000000371c4 f   ShellFull:rm.obj
 0001:00037518       RemoveRM                   00000000000377d8 f   ShellFull:rm.obj
 0001:000378d8       InitializeRMGetLineHelp    0000000000037b98 f   ShellFull:rm.obj
 0001:000378f0       AppendCSDNum2              0000000000037bb0 f   ShellFull:ConsistMapping.obj
 0001:00037950       AppendCSDNum               0000000000037c10 f   ShellFull:ConsistMapping.obj
 0001:00037990       AppendCSDStr               0000000000037c50 f   ShellFull:ConsistMapping.obj
 0001:00037ab8       _DevPathCompareAcpi        0000000000037d78 f   ShellFull:ConsistMapping.obj
 0001:00037ae8       _DevPathComparePci         0000000000037da8 f   ShellFull:ConsistMapping.obj
 0001:00037b18       _DevPathCompareDefault     0000000000037dd8 f   ShellFull:ConsistMapping.obj
 0001:00037b7c       _DevPathSerialHardDrive    0000000000037e3c f   ShellFull:ConsistMapping.obj
 0001:00037b98       _DevPathSerialAtapi        0000000000037e58 f   ShellFull:ConsistMapping.obj
 0001:00037bb4       _DevPathSerialCDROM        0000000000037e74 f   ShellFull:ConsistMapping.obj
 0001:00037bcc       _DevPathSerialFibre        0000000000037e8c f   ShellFull:ConsistMapping.obj
 0001:00037c00       _DevPathSerialUart         0000000000037ec0 f   ShellFull:ConsistMapping.obj
 0001:00037c4c       _DevPathSerialUsb          0000000000037f0c f   ShellFull:ConsistMapping.obj
 0001:00037c80       _DevPathSerialVendor       0000000000037f40 f   ShellFull:ConsistMapping.obj
 0001:00037dcc       _DevPathSerialLUN          000000000003808c f   ShellFull:ConsistMapping.obj
 0001:00037ddc       _DevPathSerialSata         000000000003809c f   ShellFull:ConsistMapping.obj
 0001:00037e1c       _DevPathSerialI2O          00000000000380dc f   ShellFull:ConsistMapping.obj
 0001:00037e2c       _DevPathSerialMacAddr      00000000000380ec f   ShellFull:ConsistMapping.obj
 0001:00037eb8       _DevPathSerialInfiniBand   0000000000038178 f   ShellFull:ConsistMapping.obj
 0001:00037f4c       _DevPathSerialIPv4         000000000003820c f   ShellFull:ConsistMapping.obj
 0001:00038000       _DevPathSerialIPv6         00000000000382c0 f   ShellFull:ConsistMapping.obj
 0001:000380c8       _DevPathSerialScsi         0000000000038388 f   ShellFull:ConsistMapping.obj
 0001:000380fc       _DevPathSerial1394         00000000000383bc f   ShellFull:ConsistMapping.obj
 0001:00038130       _DevPathSerialAcpi         00000000000383f0 f   ShellFull:ConsistMapping.obj
 0001:0003816c       DevicePathConsistMappingCompare 000000000003842c f   ShellFull:ConsistMapping.obj
 0001:000382b0       GetHIDevicePath            0000000000038570 f   ShellFull:ConsistMapping.obj
 0001:000383ac       ConsistMappingGenMappingName 000000000003866c f   ShellFull:ConsistMapping.obj
 0001:000385a4       GetNewArgPart              0000000000038864 f   ShellFull:parsecmd.obj
 0001:00038604       InsertChar2ArgPart         00000000000388c4 f   ShellFull:parsecmd.obj
 0001:000386b0       TrimLeftRight              0000000000038970 f   ShellFull:parsecmd.obj
 0001:00038758       FreeParsedArg              0000000000038a18 f   ShellFull:parsecmd.obj
 0001:000387c0       OnMetPossibleQuotationStart 0000000000038a80 f   ShellFull:parsecmd.obj
 0001:00038878       OnMetValidSpace            0000000000038b38 f   ShellFull:parsecmd.obj
 0001:00038950       ProcessQuotationMarks      0000000000038c10 f   ShellFull:parsecmd.obj
 0001:00038b8c       VarSubstitute              0000000000038e4c f   ShellFull:parsecmd.obj
 0001:00038d00       OnMetPersentageSign        0000000000038fc0 f   ShellFull:parsecmd.obj
 0001:00038ee4       ShellVarSubstitution       00000000000391a4 f   ShellFull:parsecmd.obj
 0001:00039114       MemMainProcOld             00000000000393d4 f   ShellFull:MemCommonPart.obj
 0001:00039448       MemMainProc                0000000000039708 f   ShellFull:MemCommonPart.obj
 0001:00039750       DmemMainProcOld            0000000000039a10 f   ShellFull:MemCommonPart.obj
 0001:00039a84       DmemMainProc               0000000000039d44 f   ShellFull:MemCommonPart.obj
 0001:00039d7c       HMainEditorInit            000000000003a03c f   ShellFull:libEditor.obj
 0001:0003a03c       HMainEditorCleanup         000000000003a2fc f   ShellFull:libEditor.obj
 0001:0003a1b8       HMainEditorRefresh         000000000003a478 f   ShellFull:libEditor.obj
 0001:0003a6d8       HMainEditorKeyInput        000000000003a998 f   ShellFull:libEditor.obj
 0001:0003aa50       HMainEditorBackup          000000000003ad10 f   ShellFull:libEditor.obj
 0001:0003aba8       HEditorClearLine           000000000003ae68 f   ShellFull:libMisc.obj
 0001:0003ac2c       HMoveLine                  000000000003aeec f   ShellFull:libMisc.obj
 0001:0003ac9c       HIsValidFileName           000000000003af5c f   ShellFull:libMisc.obj
 0001:0003ad44       HStrStr                    000000000003b004 f   ShellFull:libMisc.obj
 0001:0003ae68       HXtoi                      000000000003b128 f   ShellFull:libMisc.obj
 0001:0003af2c       HBufferImageInit           000000000003b1ec f   ShellFull:libBufferImage.obj
 0001:0003b0d0       HBufferImageFreeLines      000000000003b390 f   ShellFull:libBufferImage.obj
 0001:0003b138       HBufferImagePrintLine      000000000003b3f8 f   ShellFull:libBufferImage.obj
 0001:0003b480       HBufferImageIsAtHighBits   000000000003b740 f   ShellFull:libBufferImage.obj
 0001:0003b4c8       HBufferImageIsInSelectedArea 000000000003b788 f   ShellFull:libBufferImage.obj
 0001:0003b584       HBufferImageRestoreMousePosition 000000000003b844 f   ShellFull:libBufferImage.obj
 0001:0003b818       HBufferImageRestorePosition 000000000003bad8 f   ShellFull:libBufferImage.obj
 0001:0003b84c       HBufferImageRefresh        000000000003bb0c f   ShellFull:libBufferImage.obj
 0001:0003ba80       HBufferImageRead           000000000003bd40 f   ShellFull:libBufferImage.obj
 0001:0003bb1c       HBufferImageSave           000000000003bddc f   ShellFull:libBufferImage.obj
 0001:0003bb9c       HBufferImageCreateLine     000000000003be5c f   ShellFull:libBufferImage.obj
 0001:0003bc0c       HBufferImageHandleInput    000000000003becc f   ShellFull:libBufferImage.obj
 0001:0003befc       HBufferImageAddChar        000000000003c1bc f   ShellFull:libBufferImage.obj
 0001:0003c010       HBufferImageMovePosition   000000000003c2d0 f   ShellFull:libBufferImage.obj
 0001:0003c130       HBufferImageGetTotalSize   000000000003c3f0 f   ShellFull:libBufferImage.obj
 0001:0003c15c       HBufferImageDeleteCharacterFromBuffer 000000000003c41c f   ShellFull:libBufferImage.obj
 0001:0003c2f8       HBufferImageAddCharacterToBuffer 000000000003c5b8 f   ShellFull:libBufferImage.obj
 0001:0003c470       HBufferImageDoBackspace    000000000003c730 f   ShellFull:libBufferImage.obj
 0001:0003c514       HBufferImageDoDelete       000000000003c7d4 f   ShellFull:libBufferImage.obj
 0001:0003c5b8       HBufferImageBufferToList   000000000003c878 f   ShellFull:libBufferImage.obj
 0001:0003c658       HBufferImageListToBuffer   000000000003c918 f   ShellFull:libBufferImage.obj
 0001:0003c6e0       HBufferImageAdjustMousePosition 000000000003c9a0 f   ShellFull:libBufferImage.obj
 0001:0003c7a4       ShellIp4IsUnicast          000000000003ca64 f   ShellFull:ShellNetHelper.obj
 0001:0003c81c       ShellCreateServiceChild    000000000003cadc f   ShellFull:ShellNetHelper.obj
 0001:0003c878       ShellDestroyServiceChild   000000000003cb38 f   ShellFull:ShellNetHelper.obj
 0001:0003c8d4       SmbiosPrintEPSInfo         000000000003cb94 f   ShellFull:PrintInfo.obj
 0001:0003cac0       SmbiosPrintStructure       000000000003cd80 f   ShellFull:PrintInfo.obj
 0001:000406fc       DisplayBiosCharacteristics 00000000000409bc f   ShellFull:PrintInfo.obj
 0001:00040ac4       DisplayBiosCharacteristicsExt1 0000000000040d84 f   ShellFull:PrintInfo.obj
 0001:00040bdc       DisplayProcessorFamily     0000000000040e9c f   ShellFull:PrintInfo.obj
 0001:0004150c       DisplayProcessorFamily2    00000000000417cc f   ShellFull:PrintInfo.obj
 0001:00041614       DisplayProcessorVoltage    00000000000418d4 f   ShellFull:PrintInfo.obj
 0001:0004173c       DisplayProcessorStatus     00000000000419fc f   ShellFull:PrintInfo.obj
 0001:0004184c       DisplayMmBankConnections   0000000000041b0c f   ShellFull:PrintInfo.obj
 0001:000418f8       DisplayMmMemorySize        0000000000041bb8 f   ShellFull:PrintInfo.obj
 0001:000419b4       DisplaySystemSlotId        0000000000041c74 f   ShellFull:PrintInfo.obj
 0001:00041abc       DisplaySystemBootStatus    0000000000041d7c f   ShellFull:PrintInfo.obj
 0001:00041bc0       DisplaySystemResetCapabilities 0000000000041e80 f   ShellFull:PrintInfo.obj
 0001:00041d30       DisplayHardwareSecuritySettings 0000000000041ff0 f   ShellFull:PrintInfo.obj
 0001:00041ee4       DisplaySPSCharacteristics  00000000000421a4 f   ShellFull:PrintInfo.obj
 0001:00042160       LibGetSmbiosStructure      0000000000042420 f   ShellFull:LibSmbiosView.obj
 0001:00042244       SmbiosGetPendingString     0000000000042504 f   ShellFull:LibSmbiosView.obj
 0001:00042278       DblkStructsPrint           0000000000042538 f   ShellFull:efidump.obj
 0001:000423a8       DblkTableHeaderPrint       0000000000042668 f   ShellFull:efidump.obj
 0001:00042494       DblkDumpGenericHeader      0000000000042754 f   ShellFull:efidump.obj
 0001:000424c8       DblkDumpPartition          0000000000042788 f   ShellFull:efidump.obj
 0001:00042540       DblkDumpSystemTable        0000000000042800 f   ShellFull:efidump.obj
 0001:00042758       DblkValidBPB               0000000000042a18 f   ShellFull:efidump.obj
 0001:00042888       DblkDumpBpb                0000000000042b48 f   ShellFull:efidump.obj
 0001:000429c4       EditorClearLine            0000000000042c84 f   ShellFull:libMisc.obj
 0001:00042a24       LineDup                    0000000000042ce4 f   ShellFull:libMisc.obj
 0001:00042aa0       MoveLine                   0000000000042d60 f   ShellFull:libMisc.obj
 0001:00042b14       LineCat                    0000000000042dd4 f   ShellFull:libMisc.obj
 0001:00042bb0       IsValidFileName            0000000000042e70 f   ShellFull:libMisc.obj
 0001:00042c58       FileBufferInit             0000000000042f18 f   ShellFull:libFileBuffer.obj
 0001:00042df8       FileBufferRestoreMousePosition 00000000000430b8 f   ShellFull:libFileBuffer.obj
 0001:00042fec       FileBufferFreeLines        00000000000432ac f   ShellFull:libFileBuffer.obj
 0001:00043078       FileBufferPrintLine        0000000000043338 f   ShellFull:libFileBuffer.obj
 0001:0004313c       FileBufferRestorePosition  00000000000433fc f   ShellFull:libFileBuffer.obj
 0001:00043170       FileBufferRefresh          0000000000043430 f   ShellFull:libFileBuffer.obj
 0001:00043300       FileBufferCreateLine       00000000000435c0 f   ShellFull:libFileBuffer.obj
 0001:00043394       FileBufferSetFileName      0000000000043654 f   ShellFull:libFileBuffer.obj
 0001:00043434       FileBufferGetFileInfo      00000000000436f4 f   ShellFull:libFileBuffer.obj
 0001:00043434       HFileImageGetFileInfo      00000000000436f4 f   ShellFull:libfileimage.obj
 0001:000434ac       FileBufferRead             000000000004376c f   ShellFull:libFileBuffer.obj
 0001:00043ee4       GetNewLine                 00000000000441a4 f   ShellFull:libFileBuffer.obj
 0001:00043f9c       FileBufferSave             000000000004425c f   ShellFull:libFileBuffer.obj
 0001:00044480       FileBufferHandleInput      0000000000044740 f   ShellFull:libFileBuffer.obj
 0001:000446c0       FileBufferAddChar          0000000000044980 f   ShellFull:libFileBuffer.obj
 0001:0004479c       FileBufferMovePosition     0000000000044a5c f   ShellFull:libFileBuffer.obj
 0001:000448f4       FileBufferScrollRight      0000000000044bb4 f   ShellFull:libFileBuffer.obj
 0001:00044944       FileBufferScrollLeft       0000000000044c04 f   ShellFull:libFileBuffer.obj
 0001:0004498c       FileBufferDoReturn         0000000000044c4c f   ShellFull:libFileBuffer.obj
 0001:00044b14       FileBufferDoBackspace      0000000000044dd4 f   ShellFull:libFileBuffer.obj
 0001:00044c00       FileBufferDoDelete         0000000000044ec0 f   ShellFull:libFileBuffer.obj
 0001:00044cdc       FileBufferPasteLine        0000000000044f9c f   ShellFull:libFileBuffer.obj
 0001:00044d98       FileBufferSearch           0000000000045058 f   ShellFull:libFileBuffer.obj
 0001:00044e7c       FileBufferReplace          000000000004513c f   ShellFull:libFileBuffer.obj
 0001:000450d0       FileBufferReplaceAll       0000000000045390 f   ShellFull:libFileBuffer.obj
 0001:000452d4       MainEditorInit             0000000000045594 f   ShellFull:libEditor.obj
 0001:0004558c       MainEditorCleanup          000000000004584c f   ShellFull:libEditor.obj
 0001:000456c8       MainEditorRefresh          0000000000045988 f   ShellFull:libEditor.obj
 0001:00045870       MainEditorKeyInput         0000000000045b30 f   ShellFull:libEditor.obj
 0001:00045b9c       MainEditorBackup           0000000000045e5c f   ShellFull:libEditor.obj
 0001:00045c60       Compress                   0000000000045f20 f   ShellFull:compress.obj
 0001:0004740c       PciPrintClassCode          00000000000476cc f   ShellFull:pci_class.obj
 0001:0004756c       EFIMemTableHeaderPrint     000000000004782c f   ShellFull:efidump.obj
 0001:00047658       DumpMemGenericHeader       0000000000047918 f   ShellFull:efidump.obj
 0001:0004768c       DumpMemPartition           000000000004794c f   ShellFull:efidump.obj
 0001:00047704       DumpMemSystemTable         00000000000479c4 f   ShellFull:efidump.obj
 0001:0004791c       EFITableHeaderPrint        0000000000047bdc f   ShellFull:efidump.obj
 0001:00047a08       DumpGenericHeader          0000000000047cc8 f   ShellFull:efidump.obj
 0001:00047a3c       DumpPartition              0000000000047cfc f   ShellFull:efidump.obj
 0001:00047ab4       DumpSystemTable            0000000000047d74 f   ShellFull:efidump.obj
 0001:00047ccc       HMainStatusBarSetStatusString 0000000000047f8c f   ShellFull:libStatusBar.obj
 0001:00047d20       HMainTitleBarRefresh       0000000000047fe0 f   ShellFull:libTitleBar.obj
 0001:00048134       HMainInputBarPrintInput    00000000000483f4 f   ShellFull:libInputBar.obj
 0001:00048260       HMainInputBarRefresh       0000000000048520 f   ShellFull:libInputBar.obj
 0001:00048454       HMainInputBarSetPrompt     0000000000048714 f   ShellFull:libInputBar.obj
 0001:000484a8       HMainInputBarSetStringSize 0000000000048768 f   ShellFull:libInputBar.obj
 0001:00048500       HMainCommandOpenFile       00000000000487c0 f   ShellFull:libMenuBar.obj
 0001:000487a8       HMainCommandOpenDisk       0000000000048a68 f   ShellFull:libMenuBar.obj
 0001:00048a78       HMainCommandOpenMemory     0000000000048d38 f   ShellFull:libMenuBar.obj
 0001:00048d08       HMainCommandSaveBuffer     0000000000048fc8 f   ShellFull:libMenuBar.obj
 0001:000491bc       HMainCommandSelectStart    000000000004947c f   ShellFull:libMenuBar.obj
 0001:0004922c       HMainCommandSelectEnd      00000000000494ec f   ShellFull:libMenuBar.obj
 0001:000492a4       HMainCommandCut            0000000000049564 f   ShellFull:libMenuBar.obj
 0001:00049370       HMainCommandPaste          0000000000049630 f   ShellFull:libMenuBar.obj
 0001:0004942c       HMainCommandGoToOffset     00000000000496ec f   ShellFull:libMenuBar.obj
 0001:00049510       HMainCommandExit           00000000000497d0 f   ShellFull:libMenuBar.obj
 0001:00049604       HDiskImageSetDiskNameOffsetSize 00000000000498c4 f   ShellFull:libdiskimage.obj
 0001:000496d0       HDiskImageRead             0000000000049990 f   ShellFull:libdiskimage.obj
 0001:00049944       HDiskImageSave             0000000000049c04 f   ShellFull:libdiskimage.obj
 0001:00049a58       HMemImageRead              0000000000049d18 f   ShellFull:libMemImage.obj
 0001:00049c2c       HMemImageSave              0000000000049eec f   ShellFull:libMemImage.obj
 0001:00049cf8       HFileImageSetFileName      0000000000049fb8 f   ShellFull:libfileimage.obj
 0001:00049d98       HFileImageRead             000000000004a058 f   ShellFull:libfileimage.obj
 0001:0004a5d8       HFileImageSave             000000000004a898 f   ShellFull:libfileimage.obj
 0001:0004a984       QueryTable                 000000000004ac44 f   ShellFull:QueryTable.obj
 0001:0004aa4c       PrintBitsInfo              000000000004ad0c f   ShellFull:QueryTable.obj
 0001:0004aaf0       DisplaySystemEnclosureStatus 000000000004adb0 f   ShellFull:QueryTable.obj
 0001:0004ab78       DisplayMcErrorCorrectCapability 000000000004ae38 f   ShellFull:QueryTable.obj
 0001:0004abd8       DisplayMcInterleaveSupport 000000000004ae98 f   ShellFull:QueryTable.obj
 0001:0004ac60       DisplayMmMemoryType        000000000004af20 f   ShellFull:QueryTable.obj
 0001:0004acc0       DisplayPortConnectorType   000000000004af80 f   ShellFull:QueryTable.obj
 0001:0004ad48       DisplaySystemSlotType      000000000004b008 f   ShellFull:QueryTable.obj
 0001:0004add0       DisplaySELVarDataFormatType 000000000004b090 f   ShellFull:QueryTable.obj
 0001:0004ae58       DisplaySELSysManagementTypes 000000000004b118 f   ShellFull:QueryTable.obj
 0001:0004af00       DisplayMemoryErrorType     000000000004b1c0 f   ShellFull:QueryTable.obj
 0001:0004af88       DisplayMemoryErrorGranularity 000000000004b248 f   ShellFull:QueryTable.obj
 0001:0004b010       DisplayMemoryErrorOperation 000000000004b2d0 f   ShellFull:QueryTable.obj
 0001:0004b098       LibGetSmbiosString         000000000004b358 f   ShellFull:Smbios.obj
 0001:0004b0e4       DisplaySysEventLogHeaderType1 000000000004b3a4 f   ShellFull:EventLogInfo.obj
 0001:0004b214       DisplaySysEventLogData     000000000004b4d4 f   ShellFull:EventLogInfo.obj
 0001:0004b4c4       MainStatusBarRefresh       000000000004b784 f   ShellFull:libStatusBar.obj
 0001:0004b678       MainStatusBarSetStatusString 000000000004b938 f   ShellFull:libStatusBar.obj
 0001:0004b6cc       MainTitleBarRefresh        000000000004b98c f   ShellFull:libTitleBar.obj
 0001:0004b8e8       MainCommandOpenFile        000000000004bba8 f   ShellFull:libMenuBar.obj
 0001:0004ba58       MainCommandSaveFile        000000000004bd18 f   ShellFull:libMenuBar.obj
 0001:0004bdc8       MainCommandExit            000000000004c088 f   ShellFull:libMenuBar.obj
 0001:0004be90       MainCommandCutLine         000000000004c150 f   ShellFull:libMenuBar.obj
 0001:0004bfa4       MainCommandPasteLine       000000000004c264 f   ShellFull:libMenuBar.obj
 0001:0004bfd0       MainCommandGotoLine        000000000004c290 f   ShellFull:libMenuBar.obj
 0001:0004c06c       MainCommandSearch          000000000004c32c f   ShellFull:libMenuBar.obj
 0001:0004c238       MainCommandSearchReplace   000000000004c4f8 f   ShellFull:libMenuBar.obj
 0001:0004c5d4       MainInputBarPrintInput     000000000004c894 f   ShellFull:libInputBar.obj
 0001:0004c700       MainInputBarRefresh        000000000004c9c0 f   ShellFull:libInputBar.obj
 0001:0004c910       MainInputBarSetPrompt      000000000004cbd0 f   ShellFull:libInputBar.obj
 0001:0004c964       MainInputBarSetStringSize  000000000004cc24 f   ShellFull:libInputBar.obj
 0002:00000000       ShellEnvProtocol           000000000004cc80     ShellFull:Data.obj
 0002:00000010       PoolAllocationType         000000000004cc90     ShellFull:Data.obj
 0002:00000018       LibStubUnicodeInterface    000000000004cc98     ShellFull:Data.obj
 0002:00000050       UnicodeInterface           000000000004ccd0     ShellFull:Data.obj
 0002:00000058       LibEndDevicePath           000000000004ccd8     ShellFull:Data.obj
 0002:00000060       SESGuid                    000000000004cce0     ShellFull:Init.obj
 0002:00000070       ShellInterfaceProtocol     000000000004ccf0     ShellFull:Misc.obj
 0002:00000130       ShellFullStrings           000000000004cdb0     ShellFull:AutoGen.obj
 0002:0004a178       mEfiDevicePathMessagingUartFlowControlGuid 0000000000096df8     ShellFull:DPath.obj
 0002:0004a190       DevPathTable               0000000000096e10     ShellFull:DPath.obj
 0002:0004a3d0       mEfiDevicePathMessagingSASGuid 0000000000097050     ShellFull:DPath.obj
 0002:0004a3e0       EFIDebug                   0000000000097060     ShellFull:RtData.obj
 0002:0004a570       DHCheckList                00000000000971f0     ShellFull:protid.obj
 0002:0004a620       SEnvInternalProtocolInfo   00000000000972a0     ShellFull:protid.obj
 0002:0004b700       SEnvErrIOFromCon           0000000000098380     ShellFull:data.obj
 0002:0004b760       SEnvIOFromCon              00000000000983e0     ShellFull:data.obj
 0002:0004b7c0       SEnvInterface2             0000000000098440     ShellFull:data.obj
 0002:0004b918       SEnvProtId                 0000000000098598     ShellFull:data.obj
 0002:0004b928       SEnvMapId                  00000000000985a8     ShellFull:data.obj
 0002:0004b938       SEnvEnvId                  00000000000985b8     ShellFull:data.obj
 0002:0004b950       SEnvDummyConToIo           00000000000985d0     ShellFull:data.obj
 0002:0004b9a0       SEnvDummyConToIoMode       0000000000098620     ShellFull:data.obj
 0002:0004b9b8       SEnvConToIoMode            0000000000098638     ShellFull:data.obj
 0002:0004b9d0       SEnvConToIo                0000000000098650     ShellFull:data.obj
 0002:0004ba20       SEnvAliasId                00000000000986a0     ShellFull:data.obj
 0002:0004ba30       SEnvInternalCommands       00000000000986b0     ShellFull:cmddisp.obj
 0002:0004c0c0       mMediaName                 0000000000098d40     ShellFull:map.obj
 0002:0004c140       CdCheckList                0000000000098dc0     ShellFull:map.obj
 0002:0004c190       MapCheckList               0000000000098e10     ShellFull:map.obj
 0002:0004c280       mSpecVarTable              0000000000098f00     ShellFull:var.obj
 0002:0004c2c0       VarCheckList               0000000000098f40     ShellFull:var.obj
 0002:0004c340       RedirCheckList             0000000000098fc0     ShellFull:exec.obj
 0002:0004c450       ExitCheckList              00000000000990d0     ShellFull:exec.obj
 0002:0004c5b0       SEnvDP_Strings             0000000000099230     ShellFull:dprot.obj
 0002:0004c6e0       PauseCheckList             0000000000099360     ShellFull:pause.obj
 0002:0004c740       ResetCheckList             00000000000993c0     ShellFull:reset.obj
 0002:0004c7b8       EfiResetGuid               0000000000099438     ShellFull:reset.obj
 0002:0004c7d0       HelpCheckList              0000000000099450     ShellFull:help.obj
 0002:0004c820       LsCheckList                00000000000994a0     ShellFull:ls.obj
 0002:0004c898       EfiLsGuid                  0000000000099518     ShellFull:ls.obj
 0002:0004c8b0       PingCheckList              0000000000099530     ShellFull:Ping.obj
 0002:0004c928       EfiPingGuid                00000000000995a8     ShellFull:Ping.obj
 0002:0004c938       EfiErrGuid                 00000000000995b8     ShellFull:err.obj
 0002:0004c950       ErrCheckList               00000000000995d0     ShellFull:err.obj
 0002:0004c9b0       EfiStallGuid               0000000000099630     ShellFull:stall.obj
 0002:0004c9c0       StallCheckList             0000000000099640     ShellFull:stall.obj
 0002:0004ca10       TypeCheckList              0000000000099690     ShellFull:type.obj
 0002:0004ca88       EfiTypeGuid                0000000000099708     ShellFull:type.obj
 0002:0004ca98       EfiClsGuid                 0000000000099718     ShellFull:cls.obj
 0002:0004cab0       ClsCheckList               0000000000099730     ShellFull:cls.obj
 0002:0004cb00       CompCheckList              0000000000099780     ShellFull:comp.obj
 0002:0004cb48       EfiCompGuid                00000000000997c8     ShellFull:comp.obj
 0002:0004cb60       HexeditCheckList           00000000000997e0     ShellFull:main.obj
 0002:0004cbf0       EfiHexeditGuid             0000000000099870     ShellFull:main.obj
 0002:0004cc00       GuidCheckList              0000000000099880     ShellFull:guid.obj
 0002:0004cc48       EfiGuidGuid                00000000000998c8     ShellFull:guid.obj
 0002:0004cc58       EfiSermodeGuid             00000000000998d8     ShellFull:sermode.obj
 0002:0004cc70       SermodeCheckList           00000000000998f0     ShellFull:sermode.obj
 0002:0004ccc0       DateCheckList              0000000000099940     ShellFull:date.obj
 0002:0004cd08       EfiDateGuid                0000000000099988     ShellFull:date.obj
 0002:0004cd18       EfiTimeGuid                0000000000099998     ShellFull:time.obj
 0002:0004cd30       TimeCheckList              00000000000999b0     ShellFull:time.obj
 0002:0004cd78       EfiLoadGuid                00000000000999f8     ShellFull:load.obj
 0002:0004cd90       LoadCheckList              0000000000099a10     ShellFull:load.obj
 0002:0004cdf0       EchoCheckList              0000000000099a70     ShellFull:echo.obj
 0002:0004ce68       EfiMountGuid               0000000000099ae8     ShellFull:mount.obj
 0002:0004ce80       MountCheckList             0000000000099b00     ShellFull:mount.obj
 0002:0004ced0       ConnectCheckList           0000000000099b50     ShellFull:Connect.obj
 0002:0004cf50       DisconnectCheckList        0000000000099bd0     ShellFull:Connect.obj
 0002:0004cfb0       ReconnectCheckList         0000000000099c30     ShellFull:Connect.obj
 0002:0004d010       DrvdiagCheckList           0000000000099c90     ShellFull:drvdiag.obj
 0002:0004d0d0       EfiDrvdiagGuid             0000000000099d50     ShellFull:drvdiag.obj
 0002:0004d0e0       VerCheckList               0000000000099d60     ShellFull:ver.obj
 0002:0004d140       EfiVerGuid                 0000000000099dc0     ShellFull:ver.obj
 0002:0004d150       MkdirCheckList             0000000000099dd0     ShellFull:mkdir.obj
 0002:0004d198       EfiMkdirGuid               0000000000099e18     ShellFull:mkdir.obj
 0002:0004d1b0       IfConfigCheckList          0000000000099e30     ShellFull:IfConfig.obj
 0002:0004d240       EfiIfConfigGuid            0000000000099ec0     ShellFull:IfConfig.obj
 0002:0004d250       gShowType                  0000000000099ed0     ShellFull:smbiosview.obj
 0002:0004d258       EfiSmbiosViewGuid          0000000000099ed8     ShellFull:smbiosview.obj
 0002:0004d270       SmbiosviewCheckList        0000000000099ef0     ShellFull:smbiosview.obj
 0002:0004d318       EfiVolGuid                 0000000000099f98     ShellFull:vol.obj
 0002:0004d330       VolCheckList               0000000000099fb0     ShellFull:vol.obj
[...]
 0005:00000718       $unwind$Remapping          00000000000b5c38     ShellFull:map.obj
 0005:00000730       $unwind$SEnvReloadDefaults 00000000000b5c50     ShellFull:map.obj
 0005:00000748       $unwind$SEnvCmdMapOld      00000000000b5c68     ShellFull:map.obj
 0005:00000748       $unwind$SEnvIFileMetaArg   00000000000b5c68     ShellFull:marg.obj
 0005:00000760       $unwind$SEnvPrintHistory   00000000000b5c80     ShellFull:conio.obj
 0005:00000774       $unwind$SEnvConIoRead      00000000000b5c94     ShellFull:conio.obj
 0005:00000790       $unwind$SEnvOutputString   00000000000b5cb0     ShellFull:conio.obj
 0005:000007ac       $unwind$HMainEditorKeyInput 00000000000b5ccc     ShellFull:libEditor.obj
 0005:000007ac       $unwind$SEnvInitVariables  00000000000b5ccc     ShellFull:var.obj
 0005:000007c4       $unwind$SEnvGetEnv         00000000000b5ce4     ShellFull:var.obj
 0005:000007d8       $unwind$SEnvCmdSA          00000000000b5cf8     ShellFull:var.obj
 0005:000007f4       $unwind$SEnvStringToArg    00000000000b5d14     ShellFull:exec.obj
 0005:00000814       $unwind$SEnvRedirOutput    00000000000b5d34     ShellFull:exec.obj
 0005:0000082c       $unwind$PciFindProtocolInterface 00000000000b5d4c     ShellFull:pci.obj
 0005:0000082c       $unwind$_CheckRedirecSyntax 00000000000b5d4c     ShellFull:exec.obj
 0005:00000844       $unwind$SEnvExecRedir      00000000000b5d64     ShellFull:exec.obj
 0005:0000085c       $unwind$SEnvDoExecute      00000000000b5d7c     ShellFull:exec.obj
 0005:0000087c       $unwind$SEnvExecute        00000000000b5d9c     ShellFull:exec.obj
 0005:0000089c       $unwind$SEnvLoadImage      00000000000b5dbc     ShellFull:exec.obj
 0005:000008b4       $unwind$InitializeError    00000000000b5dd4     ShellFull:err.obj
 0005:000008b4       $unwind$SEnvExit           00000000000b5dd4     ShellFull:exec.obj
 0005:000008c4       $unwind$ShellParseStrOld   00000000000b5de4     ShellFull:exec.obj
 0005:000008d4       $unwind$LibCheckVariables  00000000000b5df4     ShellFull:VarCheck.obj
 0005:000008ec       $unwind$SEnvAcpiDevicePathEntry 00000000000b5e0c     ShellFull:dprot.obj
 0005:000008fc       $unwind$SEnvBlkIo          00000000000b5e1c     ShellFull:dprot.obj
 0005:000008fc       $unwind$SEnvMessagingDevicePathEntry 00000000000b5e1c     ShellFull:dprot.obj
 0005:000008fc       $unwind$ShellCmdDriverConfigurationProcessActionRequired 00000000000b5e1c     ShellFull:drvcfg.obj
 0005:000008fc       $unwind$DblkDumpBpb        00000000000b5e1c     ShellFull:efidump.obj
 0005:0000090c       $unwind$SEnvDPath          00000000000b5e2c     ShellFull:dprot.obj
 0005:00000924       $unwind$SEnvPciRootBridgeIo 00000000000b5e44     ShellFull:dprot.obj
 0005:00000930       $unwind$SEnvPciIo          00000000000b5e50     ShellFull:dprot.obj
 0005:0000093c       $unwind$FileBufferInit     00000000000b5e5c     ShellFull:libFileBuffer.obj
 0005:0000093c       $unwind$SEnvGraphicsOutput 00000000000b5e5c     ShellFull:dprot.obj
 0005:0000093c       $unwind$DisplayMmBankConnections 00000000000b5e5c     ShellFull:PrintInfo.obj
 0005:0000093c       $unwind$HexEditGetDefaultFileName 00000000000b5e5c     ShellFull:main.obj
 0005:0000093c       $unwind$FindDhcp4Option    00000000000b5e5c     ShellFull:IpConfig.obj
 0005:00000948       $unwind$SEnvFileHandleToFileName 00000000000b5e68     ShellFull:marg.obj
 0005:0000095c       $unwind$SEnvNewFileArg     00000000000b5e7c     ShellFull:marg.obj
 0005:0000095c       $unwind$StrToIp            00000000000b5e7c     ShellFull:IfConfig.obj
 0005:00000978       $unwind$SEnvFileMetaArg    00000000000b5e98     ShellFull:marg.obj
 0005:00000994       $unwind$SEnvIFileMetaArgNoWildCard 00000000000b5eb4     ShellFull:marg.obj
 0005:000009ac       $unwind$InitializeType     00000000000b5ecc     ShellFull:type.obj
 0005:000009ac       $unwind$SEnvCmdPause       00000000000b5ecc     ShellFull:pause.obj
 0005:000009c0       $unwind$SEnvCmdEcho        00000000000b5ee0     ShellFull:echo.obj
 0005:000009c0       $unwind$InitializeDumpStore 00000000000b5ee0     ShellFull:dmpstore.obj
 0005:000009c0       $unwind$InitializeReset    00000000000b5ee0     ShellFull:reset.obj
 0005:000009d4       $unwind$MainProc           00000000000b5ef4     ShellFull:ls.obj
 0005:000009ec       $unwind$Listing            00000000000b5f0c     ShellFull:ls.obj
 0005:000009fc       $unwind$FindMatchItem      00000000000b5f1c     ShellFull:ls.obj
 0005:00000a14       $unwind$HandleIcmpEchoReply 00000000000b5f34     ShellFull:Ping.obj
 0005:00000a20       $unwind$GetMapping         00000000000b5f40     ShellFull:Ping.obj
 0005:00000a30       $unwind$PingMainProc       00000000000b5f50     ShellFull:Ping.obj
 0005:00000a4c       $unwind$SEnvCmdReconnect   00000000000b5f6c     ShellFull:Connect.obj
 0005:00000a4c       $unwind$Ping               00000000000b5f6c     ShellFull:Ping.obj
 0005:00000a64       $unwind$_SetGlobalMask     00000000000b5f84     ShellFull:err.obj
 0005:00000a70       $unwind$_DumpDriverMask    00000000000b5f90     ShellFull:err.obj
 0005:00000a84       $unwind$_SetDriverMask     00000000000b5fa4     ShellFull:err.obj
 0005:00000a98       $unwind$_SetAllDriverMask  00000000000b5fb8     ShellFull:err.obj
 0005:00000aa8       $unwind$InitializeStall    00000000000b5fc8     ShellFull:stall.obj
 0005:00000aa8       $unwind$InitializeTouch    00000000000b5fc8     ShellFull:touch.obj
 0005:00000ac0       $unwind$TypeFile           00000000000b5fe0     ShellFull:type.obj
 0005:00000ad8       $unwind$InitializeVer      00000000000b5ff8     ShellFull:ver.obj
 0005:00000ad8       $unwind$InitializeCls      00000000000b5ff8     ShellFull:cls.obj
 0005:00000ae8       $unwind$InitializeComp     00000000000b6008     ShellFull:comp.obj
 0005:00000ae8       $unwind$InitializeSerialMode 00000000000b6008     ShellFull:sermode.obj
 0005:00000b04       $unwind$InitializeEFIHexEditor 00000000000b6024     ShellFull:main.obj
 0005:00000b1c       $unwind$SEnvCmdIf          00000000000b603c     ShellFull:if.obj
 0005:00000b34       $unwind$GuidMain           00000000000b6054     ShellFull:guid.obj
 0005:00000b34       $unwind$InitializeIpConfig 00000000000b6054     ShellFull:IpConfig.obj
 0005:00000b50       $unwind$iDisplaySettings   00000000000b6070     ShellFull:sermode.obj
 0005:00000b64       $unwind$InitializeDate     00000000000b6084     ShellFull:date.obj
 0005:00000b64       $unwind$InitializeTime     00000000000b6084     ShellFull:time.obj
 0005:00000b78       $unwind$GetNumber          00000000000b6098     ShellFull:time.obj
 0005:00000b78       $unwind$GetNumber          00000000000b6098     ShellFull:date.obj
 0005:00000b8c       $unwind$InitializeLoad     00000000000b60ac     ShellFull:load.obj
 0005:00000ba8       $unwind$LoadConnectAllDriversToAllControllers 00000000000b60c8     ShellFull:load.obj
 0005:00000ba8       $unwind$LoadPciRomConnectAllDriversToAllControllers 00000000000b60c8     ShellFull:LoadPciRom.obj
 0005:00000bbc       $unwind$LoadDriver         00000000000b60dc     ShellFull:load.obj
 0005:00000bd8       $unwind$MountMain          00000000000b60f8     ShellFull:mount.obj
 0005:00000bf4       $unwind$SEnvCmdConnect     00000000000b6114     ShellFull:Connect.obj
 0005:00000c10       $unwind$SEnvCmdDisconnect  00000000000b6130     ShellFull:Connect.obj
 0005:00000c2c       $unwind$SEnvDisconnectAll  00000000000b614c     ShellFull:Connect.obj
 0005:00000c40       $unwind$SEnvConnectDevicePath 00000000000b6160     ShellFull:Connect.obj
 0005:00000c50       $unwind$SEnvConnectConsole 00000000000b6170     ShellFull:Connect.obj
 0005:00000c68       $unwind$SEnvConnectAllDriversToAllControllers 00000000000b6188     ShellFull:Connect.obj
 0005:00000c7c       $unwind$DriversMain        00000000000b619c     ShellFull:drivers.obj
 0005:00000c7c       $unwind$DrvdiagMain        00000000000b619c     ShellFull:drvdiag.obj
 0005:00000c98       $unwind$ShellCmdDriverRunDiagnostics 00000000000b61b8     ShellFull:drvdiag.obj
 0005:00000ca0       $unwind$SEnvCmdDriverDiagnostics 00000000000b61c0     ShellFull:drvdiag.obj
 0005:00000cb8       $unwind$InitializeMkDir    00000000000b61d8     ShellFull:mkdir.obj
 0005:00000ccc       $unwind$MkDir              00000000000b61ec     ShellFull:mkdir.obj
 0005:00000cdc       $unwind$DisplaySysEventLogHeaderType1 00000000000b61fc     ShellFull:EventLogInfo.obj
 0005:00000cdc       $unwind$PrintMac           00000000000b61fc     ShellFull:IfConfig.obj
 0005:00000ce4       $unwind$GetChildHandle     00000000000b6204     ShellFull:IfConfig.obj
 0005:00000ce4       $unwind$InitializeLoadPciRom 00000000000b6204     ShellFull:LoadPciRom.obj
 0005:00000cfc       $unwind$ConstructConfigHdr 00000000000b621c     ShellFull:IfConfig.obj
 0005:00000d18       $unwind$IfConfigGetNicMacInfo 00000000000b6238     ShellFull:IfConfig.obj
 0005:00000d30       $unwind$IfConfigGetNicMediaStatus 00000000000b6250     ShellFull:IfConfig.obj
 0005:00000d4c       $unwind$IfconfigSetNicAddrByHii 00000000000b626c     ShellFull:IfConfig.obj
 0005:00000d60       $unwind$HFileImageSave     00000000000b6280     ShellFull:libfileimage.obj
 0005:00000d60       $unwind$IfconfigGetAllNicInfo 00000000000b6280     ShellFull:IfConfig.obj
 0005:00000d78       $unwind$IfconfigStartIp4   00000000000b6298     ShellFull:IfConfig.obj
 0005:00000d8c       $unwind$IfconfigSetNicAddr 00000000000b62ac     ShellFull:IfConfig.obj
 0005:00000da8       $unwind$IfconfigShowNicInfo 00000000000b62c8     ShellFull:IfConfig.obj
 0005:00000dbc       $unwind$LoadVariableStore  00000000000b62dc     ShellFull:dmpstore.obj
 0005:00000dbc       $unwind$IfConfig           00000000000b62dc     ShellFull:IfConfig.obj
 0005:00000dd8       $unwind$SMBiosView         00000000000b62f8     ShellFull:smbiosview.obj
 0005:00000df8       $unwind$InitSmbiosTableStatistics 00000000000b6318     ShellFull:smbiosview.obj
 0005:00000e10       $unwind$InitializeVol      00000000000b6330     ShellFull:vol.obj
 0005:00000e28       $unwind$InitializeVolOld   00000000000b6348     ShellFull:vol.obj
 0005:00000e3c       $unwind$InitializeUnload   00000000000b635c     ShellFull:unload.obj
 0005:00000e3c       $unwind$DumpBlockDev       00000000000b635c     ShellFull:dblk.obj
 0005:00000e54       $unwind$DevicesMain        00000000000b6374     ShellFull:devices.obj
 0005:00000e6c       $unwind$DevicesMainOld     00000000000b638c     ShellFull:devices.obj
 0005:00000e80       $unwind$InitializeEFIEditor 00000000000b63a0     ShellFull:main.obj
 0005:00000e98       $unwind$DumpVariableStore  00000000000b63b8     ShellFull:dmpstore.obj
 0005:00000eb0       $unwind$SetFileVariable    00000000000b63d0     ShellFull:dmpstore.obj
 0005:00000ec4       $unwind$InitializeAttrib   00000000000b63e4     ShellFull:attrib.obj
 0005:00000edc       $unwind$AttribFile         00000000000b63fc     ShellFull:attrib.obj
 0005:00000eec       $unwind$LoadEfiDriversFromRomImage 00000000000b640c     ShellFull:LoadPciRom.obj
 0005:00000f04       $unwind$InitializeCompress 00000000000b6424     ShellFull:CompressMain.obj
 0005:00000f1c       $unwind$InitializeTZone    00000000000b643c     ShellFull:tzone.obj
 0005:00000f30       $unwind$InitializeMode     00000000000b6450     ShellFull:mode.obj
 0005:00000f44       $unwind$SEnvCmdForRun      00000000000b6464     ShellFull:for.obj
 0005:00000f50       $unwind$SEnvCmdEndfor      00000000000b6470     ShellFull:for.obj
 0005:00000f64       $unwind$InitializeMv       00000000000b6484     ShellFull:mv.obj
 0005:00000f80       $unwind$MvFile             00000000000b64a0     ShellFull:mv.obj
 0005:00000f9c       $unwind$CPMainProcNew      00000000000b64bc     ShellFull:cp.obj
 0005:00000fb4       $unwind$CpCopy             00000000000b64d4     ShellFull:cp.obj
 0005:00000fc8       $unwind$CPMainProcOld      00000000000b64e8     ShellFull:cp.obj
 0005:00000fe0       $unwind$InitializeDecompress 00000000000b6500     ShellFull:Decompress.obj
 0005:00000ffc       $unwind$InitializeTelnetMgmt 00000000000b651c     ShellFull:TelnetMgmt.obj
 0005:0000100c       $unwind$_DHProt            00000000000b652c     ShellFull:unload.obj
 0005:00001020       $unwind$DumpIoModify       00000000000b6540     ShellFull:mm.obj
 0005:0000103c       $unwind$OldShellParserMM   00000000000b655c     ShellFull:mm.obj
 0005:00001054       $unwind$InitializeMemmap   00000000000b6574     ShellFull:memmap.obj
 0005:00001070       $unwind$DrvcfgMain         00000000000b6590     ShellFull:drvcfg.obj
 0005:0000108c       $unwind$SEnvCmdDriverConfiguration 00000000000b65ac     ShellFull:drvcfg.obj
 0005:000010a4       $unwind$TouchFile          00000000000b65c4     ShellFull:touch.obj
 0005:000010b8       $unwind$CreateChild        00000000000b65d8     ShellFull:touch.obj
 0005:000010cc       $unwind$ShellDeviceTree    00000000000b65ec     ShellFull:devicetree.obj
 0005:000010e0       $unwind$PciDump            00000000000b6600     ShellFull:pci.obj
 0005:000010fc       $unwind$PciExplainData     00000000000b661c     ShellFull:pci.obj
 0005:000010fc       $unwind$HMainEditorRefresh 00000000000b661c     ShellFull:libEditor.obj
 0005:00001118       $unwind$MainEditorKeyInput 00000000000b6638     ShellFull:libEditor.obj
 0005:00001118       $unwind$HBufferImageRefresh 00000000000b6638     ShellFull:libBufferImage.obj
 0005:00001118       $unwind$PciExplainBridgeData 00000000000b6638     ShellFull:pci.obj
 0005:00001118       $unwind$EfiInetAddr        00000000000b6638     ShellFull:IpConfig.obj
 0005:00001118       $unwind$PciExplainDeviceData 00000000000b6638     ShellFull:pci.obj
 0005:0000112c       $unwind$PciExplainBar      00000000000b664c     ShellFull:pci.obj
 0005:00001144       $unwind$PciExplainCardBusData 00000000000b6664     ShellFull:pci.obj
 0005:0000115c       $unwind$PciExplainPciExpress 00000000000b667c     ShellFull:pci.obj
 0005:00001174       $unwind$RmMainProc         00000000000b6694     ShellFull:rm.obj
 0005:0000118c       $unwind$RemoveRM           00000000000b66ac     ShellFull:rm.obj
 0005:0000119c       $unwind$_DevPathSerialVendor 00000000000b66bc     ShellFull:ConsistMapping.obj
 0005:000011bc       $unwind$_DevPathSerialIPv6 00000000000b66dc     ShellFull:ConsistMapping.obj
 0005:000011bc       $unwind$_DevPathSerialMacAddr 00000000000b66dc     ShellFull:ConsistMapping.obj
 0005:000011d8       $unwind$_DevPathSerialInfiniBand 00000000000b66f8     ShellFull:ConsistMapping.obj
 0005:000011f0       $unwind$_DevPathSerialIPv4 00000000000b6710     ShellFull:ConsistMapping.obj
 0005:000011fc       $unwind$_DevPathSerial1394 00000000000b671c     ShellFull:ConsistMapping.obj
 0005:00001204       $unwind$DevicePathConsistMappingCompare 00000000000b6724     ShellFull:ConsistMapping.obj
 0005:00001214       $unwind$GetHIDevicePath    00000000000b6734     ShellFull:ConsistMapping.obj
 0005:0000122c       $unwind$ConsistMappingGenMappingName 00000000000b674c     ShellFull:ConsistMapping.obj
 0005:00001244       $unwind$VarSubstitute      00000000000b6764     ShellFull:parsecmd.obj
 0005:00001258       $unwind$OnMetPersentageSign 00000000000b6778     ShellFull:parsecmd.obj
 0005:00001278       $unwind$ShellVarSubstitution 00000000000b6798     ShellFull:parsecmd.obj
 0005:00001290       $unwind$DmemMainProcOld    00000000000b67b0     ShellFull:MemCommonPart.obj
 0005:00001290       $unwind$MemMainProcOld     00000000000b67b0     ShellFull:MemCommonPart.obj
 0005:000012ac       $unwind$MemMainProc        00000000000b67cc     ShellFull:MemCommonPart.obj
 0005:000012ac       $unwind$DmemMainProc       00000000000b67cc     ShellFull:MemCommonPart.obj
 0005:000012c4       $unwind$MainEditorInit     00000000000b67e4     ShellFull:libEditor.obj
 0005:000012c4       $unwind$HMainEditorInit    00000000000b67e4     ShellFull:libEditor.obj
 0005:000012d0       $unwind$HMainEditorHandleMouseInput 00000000000b67f0     ShellFull:libEditor.obj
 0005:000012e0       $unwind$EditorClearLine    00000000000b6800     ShellFull:libMisc.obj
 0005:000012e0       $unwind$HEditorClearLine   00000000000b6800     ShellFull:libMisc.obj
 0005:000012ec       $unwind$HBufferImagePrintLine 00000000000b680c     ShellFull:libBufferImage.obj
 0005:00001308       $unwind$HBufferImageRestoreMousePosition 00000000000b6828     ShellFull:libBufferImage.obj
 0005:00001308       $unwind$FileBufferRestoreMousePosition 00000000000b6828     ShellFull:libFileBuffer.obj
 0005:00001308       $unwind$SendBlock          00000000000b6828     ShellFull:compress.obj
 0005:00001324       $unwind$HBufferImageDeleteCharacterFromBuffer 00000000000b6844     ShellFull:libBufferImage.obj
 0005:00001340       $unwind$HBufferImageListToBuffer 00000000000b6860     ShellFull:libBufferImage.obj
 0005:00001340       $unwind$CountTFreq         00000000000b6860     ShellFull:compress.obj
 0005:0000134c       $unwind$SmbiosPrintStructure 00000000000b686c     ShellFull:PrintInfo.obj
 0005:00001368       $unwind$LibGetSmbiosStructure 00000000000b6888     ShellFull:LibSmbiosView.obj
 0005:00001380       $unwind$DumpPartition      00000000000b68a0     ShellFull:efidump.obj
 0005:00001380       $unwind$DblkDumpPartition  00000000000b68a0     ShellFull:efidump.obj
 0005:00001380       $unwind$DumpMemPartition   00000000000b68a0     ShellFull:efidump.obj
 0005:00001388       $unwind$DumpSystemTable    00000000000b68a8     ShellFull:efidump.obj
 0005:00001388       $unwind$DblkDumpSystemTable 00000000000b68a8     ShellFull:efidump.obj
 0005:00001388       $unwind$DumpMemSystemTable 00000000000b68a8     ShellFull:efidump.obj
 0005:00001390       $unwind$FileBufferPrintLine 00000000000b68b0     ShellFull:libFileBuffer.obj
 0005:000013a0       $unwind$FileBufferGetFileInfo 00000000000b68c0     ShellFull:libFileBuffer.obj
 0005:000013a0       $unwind$HFileImageGetFileInfo 00000000000b68c0     ShellFull:libfileimage.obj
 0005:000013b0       $unwind$FileBufferRead     00000000000b68d0     ShellFull:libFileBuffer.obj
 0005:000013c8       $unwind$FileBufferSave     00000000000b68e8     ShellFull:libFileBuffer.obj
 0005:000013e0       $unwind$DownHeap           00000000000b6900     ShellFull:compress.obj
 0005:000013f8       $unwind$MakeTree           00000000000b6918     ShellFull:compress.obj
 0005:00001410       $unwind$PciPrintClassCode  00000000000b6930     ShellFull:pci_class.obj
 0005:00001424       $unwind$HMainCommandOpenDisk 00000000000b6944     ShellFull:libMenuBar.obj
 0005:00001434       $unwind$HMainCommandOpenMemory 00000000000b6954     ShellFull:libMenuBar.obj
 0005:00001444       $unwind$HMainCommandSaveBuffer 00000000000b6964     ShellFull:libMenuBar.obj
 0005:0000145c       $unwind$HMainCommandExit   00000000000b697c     ShellFull:libMenuBar.obj
 0005:00001468       $unwind$HDiskImageRead     00000000000b6988     ShellFull:libdiskimage.obj
 0005:00001484       $unwind$HFileImageRead     00000000000b69a4     ShellFull:libfileimage.obj
 0005:0000149c       $unwind$DisplaySystemEnclosureStatus 00000000000b69bc     ShellFull:QueryTable.obj
 0005:0000149c       $unwind$DisplaySystemSlotType 00000000000b69bc     ShellFull:QueryTable.obj
 0005:0000149c       $unwind$DisplayPortConnectorType 00000000000b69bc     ShellFull:QueryTable.obj
 0005:0000149c       $unwind$DisplayMemoryErrorType 00000000000b69bc     ShellFull:QueryTable.obj
 0005:0000149c       $unwind$DisplaySELVarDataFormatType 00000000000b69bc     ShellFull:QueryTable.obj
 0005:0000149c       $unwind$DisplayMemoryErrorOperation 00000000000b69bc     ShellFull:QueryTable.obj
 0005:0000149c       $unwind$DisplayMemoryErrorGranularity 00000000000b69bc     ShellFull:QueryTable.obj
 0005:0000149c       $unwind$DisplayMcInterleaveSupport 00000000000b69bc     ShellFull:QueryTable.obj
 0005:000014ac       $unwind$DisplaySELSysManagementTypes 00000000000b69cc     ShellFull:QueryTable.obj
 0005:000014b8       $unwind$DisplaySysEventLogData 00000000000b69d8     ShellFull:EventLogInfo.obj
 0005:000014d4       $unwind$MainCommandSaveFile 00000000000b69f4     ShellFull:libMenuBar.obj
